127.0.0.1 - - [11/Oct/2019:21:56:39 +0800] "PUT /nacos/v1/ns/instance/beat?beat=%7B%22cluster%22%3A%22DEFAULT%22%2C%22ip%22%3A%22192.168.1.109%22%2C%22metadata%22%3A%7B%22preserved.register.source%22%3A%22SPRING_CLOUD%22%7D%2C%22port%22%3A9999%2C%22scheduled%22%3Atrue%2C%22serviceName%22%3A%22DEFAULT_GROUP%40%40framework-gateway%22%2C%22weight%22%3A1.0%7D&serviceName=DEFAULT_GROUP%40%40framework-gateway&encoding=UTF-8&namespaceId=a144e2c1-cdbd-4b1c-b32e-ac4e5fc970f3 HTTP/1.1" 200 38 5 Nacos-Java-Client:v1.0.0
127.0.0.1 - - [11/Oct/2019:21:56:40 +0800] "PUT /nacos/v1/ns/instance/beat?beat=%7B%22cluster%22%3A%22DEFAULT%22%2C%22ip%22%3A%22192.168.1.109%22%2C%22metadata%22%3A%7B%22preserved.register.source%22%3A%22SPRING_CLOUD%22%7D%2C%22port%22%3A8001%2C%22scheduled%22%3Atrue%2C%22serviceName%22%3A%22DEFAULT_GROUP%40%40framework-security%22%2C%22weight%22%3A1.0%7D&serviceName=DEFAULT_GROUP%40%40framework-security&encoding=UTF-8&namespaceId=a144e2c1-cdbd-4b1c-b32e-ac4e5fc970f3 HTTP/1.1" 200 38 5 Nacos-Java-Client:v1.0.0
192.168.1.109 - - [11/Oct/2019:21:56:41 +0800] "GET /nacos/v1/cs/health HTTP/1.1" 200 2 3 Apache-HttpAsyncClient/4.1.3 (Java/1.8.0_152)
127.0.0.1 - - [11/Oct/2019:21:56:42 +0800] "POST /nacos/v1/cs/configs/listener HTTP/1.1" 200 - 29503 Java/1.8.0_152
127.0.0.1 - - [11/Oct/2019:21:56:42 +0800] "GET /nacos/v1/ns/instance/list?healthyOnly=false&namespaceId=a144e2c1-cdbd-4b1c-b32e-ac4e5fc970f3&clientIP=192.168.100.1&serviceName=DEFAULT_GROUP%40%40framework-security&udpPort=57431&encoding=UTF-8 HTTP/1.1" 200 592 5 Nacos-Java-Client:v1.0.0
127.0.0.1 - - [11/Oct/2019:21:56:42 +0800] "GET /nacos/v1/ns/instance/list?healthyOnly=false&namespaceId=a144e2c1-cdbd-4b1c-b32e-ac4e5fc970f3&clientIP=192.168.100.1&serviceName=DEFAULT_GROUP%40%40framework-gateway&udpPort=57431&encoding=UTF-8 HTTP/1.1" 200 588 8 Nacos-Java-Client:v1.0.0
127.0.0.1 - - [11/Oct/2019:21:56:44 +0800] "PUT /nacos/v1/ns/instance/beat?beat=%7B%22cluster%22%3A%22DEFAULT%22%2C%22ip%22%3A%22192.168.1.109%22%2C%22metadata%22%3A%7B%22preserved.register.source%22%3A%22SPRING_CLOUD%22%7D%2C%22port%22%3A9999%2C%22scheduled%22%3Atrue%2C%22serviceName%22%3A%22DEFAULT_GROUP%40%40framework-gateway%22%2C%22weight%22%3A1.0%7D&serviceName=DEFAULT_GROUP%40%40framework-gateway&encoding=UTF-8&namespaceId=a144e2c1-cdbd-4b1c-b32e-ac4e5fc970f3 HTTP/1.1" 200 38 5 Nacos-Java-Client:v1.0.0
127.0.0.1 - - [11/Oct/2019:21:56:44 +0800] "GET /nacos/v1/ns/service/list?pageSize=2147483647&groupName=DEFAULT_GROUP&encoding=UTF-8&namespaceId=a144e2c1-cdbd-4b1c-b32e-ac4e5fc970f3&pageNo=1 HTTP/1.1" 200 72 9 Nacos-Java-Client:v1.0.0
127.0.0.1 - - [11/Oct/2019:21:56:45 +0800] "PUT /nacos/v1/ns/instance/beat?beat=%7B%22cluster%22%3A%22DEFAULT%22%2C%22ip%22%3A%22192.168.1.109%22%2C%22metadata%22%3A%7B%22preserved.register.source%22%3A%22SPRING_CLOUD%22%7D%2C%22port%22%3A8001%2C%22scheduled%22%3Atrue%2C%22serviceName%22%3A%22DEFAULT_GROUP%40%40framework-security%22%2C%22weight%22%3A1.0%7D&serviceName=DEFAULT_GROUP%40%40framework-security&encoding=UTF-8&namespaceId=a144e2c1-cdbd-4b1c-b32e-ac4e5fc970f3 HTTP/1.1" 200 38 6 Nacos-Java-Client:v1.0.0
127.0.0.1 - - [11/Oct/2019:21:56:45 +0800] "GET /nacos/v1/ns/instance/list?healthyOnly=false&namespaceId=a144e2c1-cdbd-4b1c-b32e-ac4e5fc970f3&clientIP=192.168.100.1&serviceName=DEFAULT_GROUP%40%40framework-gateway&udpPort=57420&encoding=UTF-8 HTTP/1.1" 200 588 7 Nacos-Java-Client:v1.0.0
127.0.0.1 - - [11/Oct/2019:21:56:45 +0800] "GET /nacos/v1/ns/instance/list?healthyOnly=false&namespaceId=a144e2c1-cdbd-4b1c-b32e-ac4e5fc970f3&clientIP=192.168.100.1&serviceName=DEFAULT_GROUP%40%40framework-security&udpPort=57420&encoding=UTF-8 HTTP/1.1" 200 592 9 Nacos-Java-Client:v1.0.0
192.168.1.109 - - [11/Oct/2019:21:56:46 +0800] "GET /nacos/v1/cs/health HTTP/1.1" 200 2 5 Apache-HttpAsyncClient/4.1.3 (Java/1.8.0_152)
127.0.0.1 - - [11/Oct/2019:21:56:49 +0800] "PUT /nacos/v1/ns/instance/beat?beat=%7B%22cluster%22%3A%22DEFAULT%22%2C%22ip%22%3A%22192.168.1.109%22%2C%22metadata%22%3A%7B%22preserved.register.source%22%3A%22SPRING_CLOUD%22%7D%2C%22port%22%3A9999%2C%22scheduled%22%3Atrue%2C%22serviceName%22%3A%22DEFAULT_GROUP%40%40framework-gateway%22%2C%22weight%22%3A1.0%7D&serviceName=DEFAULT_GROUP%40%40framework-gateway&encoding=UTF-8&namespaceId=a144e2c1-cdbd-4b1c-b32e-ac4e5fc970f3 HTTP/1.1" 200 38 7 Nacos-Java-Client:v1.0.0
127.0.0.1 - - [11/Oct/2019:21:56:50 +0800] "PUT /nacos/v1/ns/instance/beat?beat=%7B%22cluster%22%3A%22DEFAULT%22%2C%22ip%22%3A%22192.168.1.109%22%2C%22metadata%22%3A%7B%22preserved.register.source%22%3A%22SPRING_CLOUD%22%7D%2C%22port%22%3A8001%2C%22scheduled%22%3Atrue%2C%22serviceName%22%3A%22DEFAULT_GROUP%40%40framework-security%22%2C%22weight%22%3A1.0%7D&serviceName=DEFAULT_GROUP%40%40framework-security&encoding=UTF-8&namespaceId=a144e2c1-cdbd-4b1c-b32e-ac4e5fc970f3 HTTP/1.1" 200 38 2 Nacos-Java-Client:v1.0.0
127.0.0.1 - - [11/Oct/2019:21:56:51 +0800] "GET /nacos/v1/ns/service/list?pageSize=2147483647&groupName=DEFAULT_GROUP&encoding=UTF-8&namespaceId=a144e2c1-cdbd-4b1c-b32e-ac4e5fc970f3&pageNo=1 HTTP/1.1" 200 72 1 Nacos-Java-Client:v1.0.0
192.168.1.109 - - [11/Oct/2019:21:56:51 +0800] "GET /nacos/v1/cs/health HTTP/1.1" 200 2 5 Apache-HttpAsyncClient/4.1.3 (Java/1.8.0_152)
127.0.0.1 - - [11/Oct/2019:21:56:52 +0800] "POST /nacos/v1/cs/configs/listener HTTP/1.1" 200 - 29504 Java/1.8.0_152
127.0.0.1 - - [11/Oct/2019:21:56:52 +0800] "GET /nacos/v1/ns/instance/list?healthyOnly=false&namespaceId=a144e2c1-cdbd-4b1c-b32e-ac4e5fc970f3&clientIP=192.168.100.1&serviceName=DEFAULT_GROUP%40%40framework-security&udpPort=57431&encoding=UTF-8 HTTP/1.1" 200 592 2 Nacos-Java-Client:v1.0.0
127.0.0.1 - - [11/Oct/2019:21:56:52 +0800] "GET /nacos/v1/ns/instance/list?healthyOnly=false&namespaceId=a144e2c1-cdbd-4b1c-b32e-ac4e5fc970f3&clientIP=192.168.100.1&serviceName=DEFAULT_GROUP%40%40framework-gateway&udpPort=57431&encoding=UTF-8 HTTP/1.1" 200 588 1 Nacos-Java-Client:v1.0.0
127.0.0.1 - - [11/Oct/2019:21:56:54 +0800] "PUT /nacos/v1/ns/instance/beat?beat=%7B%22cluster%22%3A%22DEFAULT%22%2C%22ip%22%3A%22192.168.1.109%22%2C%22metadata%22%3A%7B%22preserved.register.source%22%3A%22SPRING_CLOUD%22%7D%2C%22port%22%3A9999%2C%22scheduled%22%3Atrue%2C%22serviceName%22%3A%22DEFAULT_GROUP%40%40framework-gateway%22%2C%22weight%22%3A1.0%7D&serviceName=DEFAULT_GROUP%40%40framework-gateway&encoding=UTF-8&namespaceId=a144e2c1-cdbd-4b1c-b32e-ac4e5fc970f3 HTTP/1.1" 200 38 4 Nacos-Java-Client:v1.0.0
127.0.0.1 - - [11/Oct/2019:21:56:55 +0800] "PUT /nacos/v1/ns/instance/beat?beat=%7B%22cluster%22%3A%22DEFAULT%22%2C%22ip%22%3A%22192.168.1.109%22%2C%22metadata%22%3A%7B%22preserved.register.source%22%3A%22SPRING_CLOUD%22%7D%2C%22port%22%3A8001%2C%22scheduled%22%3Atrue%2C%22serviceName%22%3A%22DEFAULT_GROUP%40%40framework-security%22%2C%22weight%22%3A1.0%7D&serviceName=DEFAULT_GROUP%40%40framework-security&encoding=UTF-8&namespaceId=a144e2c1-cdbd-4b1c-b32e-ac4e5fc970f3 HTTP/1.1" 200 38 4 Nacos-Java-Client:v1.0.0
127.0.0.1 - - [11/Oct/2019:21:56:55 +0800] "GET /nacos/v1/ns/instance/list?healthyOnly=false&namespaceId=a144e2c1-cdbd-4b1c-b32e-ac4e5fc970f3&clientIP=192.168.100.1&serviceName=DEFAULT_GROUP%40%40framework-gateway&udpPort=57420&encoding=UTF-8 HTTP/1.1" 200 588 14 Nacos-Java-Client:v1.0.0
127.0.0.1 - - [11/Oct/2019:21:56:55 +0800] "GET /nacos/v1/ns/instance/list?healthyOnly=false&namespaceId=a144e2c1-cdbd-4b1c-b32e-ac4e5fc970f3&clientIP=192.168.100.1&serviceName=DEFAULT_GROUP%40%40framework-security&udpPort=57420&encoding=UTF-8 HTTP/1.1" 200 592 12 Nacos-Java-Client:v1.0.0
192.168.1.109 - - [11/Oct/2019:21:56:56 +0800] "GET /nacos/v1/cs/health HTTP/1.1" 200 2 20 Apache-HttpAsyncClient/4.1.3 (Java/1.8.0_152)
127.0.0.1 - - [11/Oct/2019:21:56:59 +0800] "PUT /nacos/v1/ns/instance/beat?beat=%7B%22cluster%22%3A%22DEFAULT%22%2C%22ip%22%3A%22192.168.1.109%22%2C%22metadata%22%3A%7B%22preserved.register.source%22%3A%22SPRING_CLOUD%22%7D%2C%22port%22%3A9999%2C%22scheduled%22%3Atrue%2C%22serviceName%22%3A%22DEFAULT_GROUP%40%40framework-gateway%22%2C%22weight%22%3A1.0%7D&serviceName=DEFAULT_GROUP%40%40framework-gateway&encoding=UTF-8&namespaceId=a144e2c1-cdbd-4b1c-b32e-ac4e5fc970f3 HTTP/1.1" 200 38 4 Nacos-Java-Client:v1.0.0
192.168.1.109 - - [11/Oct/2019:21:57:01 +0800] "GET /nacos/v1/cs/health HTTP/1.1" 200 2 2 Apache-HttpAsyncClient/4.1.3 (Java/1.8.0_152)
127.0.0.1 - - [11/Oct/2019:21:57:03 +0800] "GET /nacos/v1/cs/configs?dataId=framework-security.yml&group=DEFAULT_GROUP&tenant=a144e2c1-cdbd-4b1c-b32e-ac4e5fc970f3 HTTP/1.1" 200 2084 3 Java/1.8.0_152
127.0.0.1 - - [11/Oct/2019:21:57:04 +0800] "PUT /nacos/v1/ns/instance/beat?beat=%7B%22cluster%22%3A%22DEFAULT%22%2C%22ip%22%3A%22192.168.1.109%22%2C%22metadata%22%3A%7B%22preserved.register.source%22%3A%22SPRING_CLOUD%22%7D%2C%22port%22%3A9999%2C%22scheduled%22%3Atrue%2C%22serviceName%22%3A%22DEFAULT_GROUP%40%40framework-gateway%22%2C%22weight%22%3A1.0%7D&serviceName=DEFAULT_GROUP%40%40framework-gateway&encoding=UTF-8&namespaceId=a144e2c1-cdbd-4b1c-b32e-ac4e5fc970f3 HTTP/1.1" 200 38 8 Nacos-Java-Client:v1.0.0
127.0.0.1 - - [11/Oct/2019:21:57:05 +0800] "GET /nacos/v1/ns/instance/list?healthyOnly=false&namespaceId=a144e2c1-cdbd-4b1c-b32e-ac4e5fc970f3&clientIP=192.168.100.1&serviceName=DEFAULT_GROUP%40%40framework-gateway&udpPort=57420&encoding=UTF-8 HTTP/1.1" 200 588 3 Nacos-Java-Client:v1.0.0
127.0.0.1 - - [11/Oct/2019:21:57:05 +0800] "GET /nacos/v1/ns/instance/list?healthyOnly=false&namespaceId=a144e2c1-cdbd-4b1c-b32e-ac4e5fc970f3&clientIP=192.168.100.1&serviceName=DEFAULT_GROUP%40%40framework-security&udpPort=57420&encoding=UTF-8 HTTP/1.1" 200 592 7 Nacos-Java-Client:v1.0.0
192.168.1.109 - - [11/Oct/2019:21:57:06 +0800] "GET /nacos/v1/cs/health HTTP/1.1" 200 2 3 Apache-HttpAsyncClient/4.1.3 (Java/1.8.0_152)
127.0.0.1 - - [11/Oct/2019:21:57:09 +0800] "PUT /nacos/v1/ns/instance/beat?beat=%7B%22cluster%22%3A%22DEFAULT%22%2C%22ip%22%3A%22192.168.1.109%22%2C%22metadata%22%3A%7B%22preserved.register.source%22%3A%22SPRING_CLOUD%22%7D%2C%22port%22%3A9999%2C%22scheduled%22%3Atrue%2C%22serviceName%22%3A%22DEFAULT_GROUP%40%40framework-gateway%22%2C%22weight%22%3A1.0%7D&serviceName=DEFAULT_GROUP%40%40framework-gateway&encoding=UTF-8&namespaceId=a144e2c1-cdbd-4b1c-b32e-ac4e5fc970f3 HTTP/1.1" 200 38 1 Nacos-Java-Client:v1.0.0
192.168.1.109 - - [11/Oct/2019:21:57:11 +0800] "GET /nacos/v1/cs/health HTTP/1.1" 200 2 4 Apache-HttpAsyncClient/4.1.3 (Java/1.8.0_152)
127.0.0.1 - - [11/Oct/2019:21:57:11 +0800] "POST /nacos/v1/cs/configs/listener HTTP/1.1" 200 - 29504 Java/1.8.0_152
127.0.0.1 - - [11/Oct/2019:21:57:14 +0800] "PUT /nacos/v1/ns/instance/beat?beat=%7B%22cluster%22%3A%22DEFAULT%22%2C%22ip%22%3A%22192.168.1.109%22%2C%22metadata%22%3A%7B%22preserved.register.source%22%3A%22SPRING_CLOUD%22%7D%2C%22port%22%3A9999%2C%22scheduled%22%3Atrue%2C%22serviceName%22%3A%22DEFAULT_GROUP%40%40framework-gateway%22%2C%22weight%22%3A1.0%7D&serviceName=DEFAULT_GROUP%40%40framework-gateway&encoding=UTF-8&namespaceId=a144e2c1-cdbd-4b1c-b32e-ac4e5fc970f3 HTTP/1.1" 200 38 5 Nacos-Java-Client:v1.0.0
127.0.0.1 - - [11/Oct/2019:21:57:14 +0800] "GET /nacos/v1/ns/service/list?pageSize=2147483647&groupName=DEFAULT_GROUP&encoding=UTF-8&namespaceId=a144e2c1-cdbd-4b1c-b32e-ac4e5fc970f3&pageNo=1 HTTP/1.1" 200 72 8 Nacos-Java-Client:v1.0.0
127.0.0.1 - - [11/Oct/2019:21:57:15 +0800] "GET /nacos/v1/ns/instance/list?healthyOnly=false&namespaceId=a144e2c1-cdbd-4b1c-b32e-ac4e5fc970f3&clientIP=192.168.100.1&serviceName=DEFAULT_GROUP%40%40framework-gateway&udpPort=57420&encoding=UTF-8 HTTP/1.1" 200 588 2 Nacos-Java-Client:v1.0.0
127.0.0.1 - - [11/Oct/2019:21:57:15 +0800] "GET /nacos/v1/ns/instance/list?healthyOnly=false&namespaceId=a144e2c1-cdbd-4b1c-b32e-ac4e5fc970f3&clientIP=192.168.100.1&serviceName=DEFAULT_GROUP%40%40framework-security&udpPort=57420&encoding=UTF-8 HTTP/1.1" 200 592 1 Nacos-Java-Client:v1.0.0
192.168.1.109 - - [11/Oct/2019:21:57:16 +0800] "GET /nacos/v1/cs/health HTTP/1.1" 200 2 2 Apache-HttpAsyncClient/4.1.3 (Java/1.8.0_152)
127.0.0.1 - - [11/Oct/2019:21:57:19 +0800] "PUT /nacos/v1/ns/instance/beat?beat=%7B%22cluster%22%3A%22DEFAULT%22%2C%22ip%22%3A%22192.168.1.109%22%2C%22metadata%22%3A%7B%22preserved.register.source%22%3A%22SPRING_CLOUD%22%7D%2C%22port%22%3A9999%2C%22scheduled%22%3Atrue%2C%22serviceName%22%3A%22DEFAULT_GROUP%40%40framework-gateway%22%2C%22weight%22%3A1.0%7D&serviceName=DEFAULT_GROUP%40%40framework-gateway&encoding=UTF-8&namespaceId=a144e2c1-cdbd-4b1c-b32e-ac4e5fc970f3 HTTP/1.1" 200 38 5 Nacos-Java-Client:v1.0.0
192.168.1.109 - - [11/Oct/2019:21:57:21 +0800] "GET /nacos/v1/cs/health HTTP/1.1" 200 2 9 Apache-HttpAsyncClient/4.1.3 (Java/1.8.0_152)
127.0.0.1 - - [11/Oct/2019:21:57:21 +0800] "POST /nacos/v1/cs/configs/listener HTTP/1.1" 500 - 29508 Java/1.8.0_152
127.0.0.1 - - [11/Oct/2019:21:57:24 +0800] "PUT /nacos/v1/ns/instance/beat?beat=%7B%22cluster%22%3A%22DEFAULT%22%2C%22ip%22%3A%22192.168.1.109%22%2C%22metadata%22%3A%7B%22preserved.register.source%22%3A%22SPRING_CLOUD%22%7D%2C%22port%22%3A9999%2C%22scheduled%22%3Atrue%2C%22serviceName%22%3A%22DEFAULT_GROUP%40%40framework-gateway%22%2C%22weight%22%3A1.0%7D&serviceName=DEFAULT_GROUP%40%40framework-gateway&encoding=UTF-8&namespaceId=a144e2c1-cdbd-4b1c-b32e-ac4e5fc970f3 HTTP/1.1" 200 38 9 Nacos-Java-Client:v1.0.0
127.0.0.1 - - [11/Oct/2019:21:57:25 +0800] "GET /nacos/v1/ns/instance/list?healthyOnly=false&namespaceId=a144e2c1-cdbd-4b1c-b32e-ac4e5fc970f3&clientIP=192.168.100.1&serviceName=DEFAULT_GROUP%40%40framework-gateway&udpPort=57420&encoding=UTF-8 HTTP/1.1" 200 588 10 Nacos-Java-Client:v1.0.0
127.0.0.1 - - [11/Oct/2019:21:57:26 +0800] "GET /nacos/v1/ns/instance/list?healthyOnly=false&namespaceId=a144e2c1-cdbd-4b1c-b32e-ac4e5fc970f3&clientIP=192.168.100.1&serviceName=DEFAULT_GROUP%40%40framework-security&udpPort=57420&encoding=UTF-8 HTTP/1.1" 200 592 3 Nacos-Java-Client:v1.0.0
127.0.0.1 - - [11/Oct/2019:21:57:26 +0800] "DELETE /nacos/v1/ns/instance?ephemeral=true&serviceName=DEFAULT_GROUP%40%40framework-security&port=8001&namespaceId=a144e2c1-cdbd-4b1c-b32e-ac4e5fc970f3&ip=192.168.1.109&clusterName=DEFAULT HTTP/1.1" 200 2 6 Nacos-Server:1.0.1
192.168.1.109 - - [11/Oct/2019:21:57:26 +0800] "GET /nacos/v1/cs/health HTTP/1.1" 200 2 4 Apache-HttpAsyncClient/4.1.3 (Java/1.8.0_152)
127.0.0.1 - - [11/Oct/2019:21:57:29 +0800] "PUT /nacos/v1/ns/instance/beat?beat=%7B%22cluster%22%3A%22DEFAULT%22%2C%22ip%22%3A%22192.168.1.109%22%2C%22metadata%22%3A%7B%22preserved.register.source%22%3A%22SPRING_CLOUD%22%7D%2C%22port%22%3A9999%2C%22scheduled%22%3Atrue%2C%22serviceName%22%3A%22DEFAULT_GROUP%40%40framework-gateway%22%2C%22weight%22%3A1.0%7D&serviceName=DEFAULT_GROUP%40%40framework-gateway&encoding=UTF-8&namespaceId=a144e2c1-cdbd-4b1c-b32e-ac4e5fc970f3 HTTP/1.1" 200 38 4 Nacos-Java-Client:v1.0.0
192.168.1.109 - - [11/Oct/2019:21:57:31 +0800] "GET /nacos/v1/cs/health HTTP/1.1" 200 2 4 Apache-HttpAsyncClient/4.1.3 (Java/1.8.0_152)
127.0.0.1 - - [11/Oct/2019:21:57:34 +0800] "PUT /nacos/v1/ns/instance/beat?beat=%7B%22cluster%22%3A%22DEFAULT%22%2C%22ip%22%3A%22192.168.1.109%22%2C%22metadata%22%3A%7B%22preserved.register.source%22%3A%22SPRING_CLOUD%22%7D%2C%22port%22%3A9999%2C%22scheduled%22%3Atrue%2C%22serviceName%22%3A%22DEFAULT_GROUP%40%40framework-gateway%22%2C%22weight%22%3A1.0%7D&serviceName=DEFAULT_GROUP%40%40framework-gateway&encoding=UTF-8&namespaceId=a144e2c1-cdbd-4b1c-b32e-ac4e5fc970f3 HTTP/1.1" 200 38 3 Nacos-Java-Client:v1.0.0
127.0.0.1 - - [11/Oct/2019:21:57:36 +0800] "GET /nacos/v1/ns/instance/list?healthyOnly=false&namespaceId=a144e2c1-cdbd-4b1c-b32e-ac4e5fc970f3&clientIP=192.168.100.1&serviceName=DEFAULT_GROUP%40%40framework-gateway&udpPort=57420&encoding=UTF-8 HTTP/1.1" 200 588 6 Nacos-Java-Client:v1.0.0
127.0.0.1 - - [11/Oct/2019:21:57:36 +0800] "GET /nacos/v1/ns/instance/list?healthyOnly=false&namespaceId=a144e2c1-cdbd-4b1c-b32e-ac4e5fc970f3&clientIP=192.168.100.1&serviceName=DEFAULT_GROUP%40%40framework-security&udpPort=57420&encoding=UTF-8 HTTP/1.1" 200 263 7 Nacos-Java-Client:v1.0.0
192.168.1.109 - - [11/Oct/2019:21:57:36 +0800] "GET /nacos/v1/cs/health HTTP/1.1" 200 2 4 Apache-HttpAsyncClient/4.1.3 (Java/1.8.0_152)
127.0.0.1 - - [11/Oct/2019:21:57:39 +0800] "PUT /nacos/v1/ns/instance/beat?beat=%7B%22cluster%22%3A%22DEFAULT%22%2C%22ip%22%3A%22192.168.1.109%22%2C%22metadata%22%3A%7B%22preserved.register.source%22%3A%22SPRING_CLOUD%22%7D%2C%22port%22%3A9999%2C%22scheduled%22%3Atrue%2C%22serviceName%22%3A%22DEFAULT_GROUP%40%40framework-gateway%22%2C%22weight%22%3A1.0%7D&serviceName=DEFAULT_GROUP%40%40framework-gateway&encoding=UTF-8&namespaceId=a144e2c1-cdbd-4b1c-b32e-ac4e5fc970f3 HTTP/1.1" 200 38 3 Nacos-Java-Client:v1.0.0
127.0.0.1 - - [11/Oct/2019:21:57:41 +0800] "POST /nacos/v1/cs/configs/listener HTTP/1.1" 200 - 29502 Java/1.8.0_152
192.168.1.109 - - [11/Oct/2019:21:57:41 +0800] "GET /nacos/v1/cs/health HTTP/1.1" 200 2 1 Apache-HttpAsyncClient/4.1.3 (Java/1.8.0_152)
127.0.0.1 - - [11/Oct/2019:21:57:44 +0800] "PUT /nacos/v1/ns/instance/beat?beat=%7B%22cluster%22%3A%22DEFAULT%22%2C%22ip%22%3A%22192.168.1.109%22%2C%22metadata%22%3A%7B%22preserved.register.source%22%3A%22SPRING_CLOUD%22%7D%2C%22port%22%3A9999%2C%22scheduled%22%3Atrue%2C%22serviceName%22%3A%22DEFAULT_GROUP%40%40framework-gateway%22%2C%22weight%22%3A1.0%7D&serviceName=DEFAULT_GROUP%40%40framework-gateway&encoding=UTF-8&namespaceId=a144e2c1-cdbd-4b1c-b32e-ac4e5fc970f3 HTTP/1.1" 200 38 3 Nacos-Java-Client:v1.0.0
127.0.0.1 - - [11/Oct/2019:21:57:44 +0800] "GET /nacos/v1/ns/service/list?pageSize=2147483647&groupName=DEFAULT_GROUP&encoding=UTF-8&namespaceId=a144e2c1-cdbd-4b1c-b32e-ac4e5fc970f3&pageNo=1 HTTP/1.1" 200 72 3 Nacos-Java-Client:v1.0.0
127.0.0.1 - - [11/Oct/2019:21:57:46 +0800] "GET /nacos/v1/ns/instance/list?healthyOnly=false&namespaceId=a144e2c1-cdbd-4b1c-b32e-ac4e5fc970f3&clientIP=192.168.100.1&serviceName=DEFAULT_GROUP%40%40framework-security&udpPort=57420&encoding=UTF-8 HTTP/1.1" 200 263 3 Nacos-Java-Client:v1.0.0
127.0.0.1 - - [11/Oct/2019:21:57:46 +0800] "GET /nacos/v1/ns/instance/list?healthyOnly=false&namespaceId=a144e2c1-cdbd-4b1c-b32e-ac4e5fc970f3&clientIP=192.168.100.1&serviceName=DEFAULT_GROUP%40%40framework-gateway&udpPort=57420&encoding=UTF-8 HTTP/1.1" 200 588 3 Nacos-Java-Client:v1.0.0
192.168.1.109 - - [11/Oct/2019:21:57:46 +0800] "GET /nacos/v1/cs/health HTTP/1.1" 200 2 2 Apache-HttpAsyncClient/4.1.3 (Java/1.8.0_152)
127.0.0.1 - - [11/Oct/2019:21:57:49 +0800] "PUT /nacos/v1/ns/instance/beat?beat=%7B%22cluster%22%3A%22DEFAULT%22%2C%22ip%22%3A%22192.168.1.109%22%2C%22metadata%22%3A%7B%22preserved.register.source%22%3A%22SPRING_CLOUD%22%7D%2C%22port%22%3A9999%2C%22scheduled%22%3Atrue%2C%22serviceName%22%3A%22DEFAULT_GROUP%40%40framework-gateway%22%2C%22weight%22%3A1.0%7D&serviceName=DEFAULT_GROUP%40%40framework-gateway&encoding=UTF-8&namespaceId=a144e2c1-cdbd-4b1c-b32e-ac4e5fc970f3 HTTP/1.1" 200 38 2 Nacos-Java-Client:v1.0.0
192.168.1.109 - - [11/Oct/2019:21:57:51 +0800] "GET /nacos/v1/cs/health HTTP/1.1" 200 2 3 Apache-HttpAsyncClient/4.1.3 (Java/1.8.0_152)
127.0.0.1 - - [11/Oct/2019:21:57:54 +0800] "PUT /nacos/v1/ns/instance/beat?beat=%7B%22cluster%22%3A%22DEFAULT%22%2C%22ip%22%3A%22192.168.1.109%22%2C%22metadata%22%3A%7B%22preserved.register.source%22%3A%22SPRING_CLOUD%22%7D%2C%22port%22%3A9999%2C%22scheduled%22%3Atrue%2C%22serviceName%22%3A%22DEFAULT_GROUP%40%40framework-gateway%22%2C%22weight%22%3A1.0%7D&serviceName=DEFAULT_GROUP%40%40framework-gateway&encoding=UTF-8&namespaceId=a144e2c1-cdbd-4b1c-b32e-ac4e5fc970f3 HTTP/1.1" 200 38 4 Nacos-Java-Client:v1.0.0
127.0.0.1 - - [11/Oct/2019:21:57:56 +0800] "GET /nacos/v1/ns/instance/list?healthyOnly=false&namespaceId=a144e2c1-cdbd-4b1c-b32e-ac4e5fc970f3&clientIP=192.168.100.1&serviceName=DEFAULT_GROUP%40%40framework-security&udpPort=57420&encoding=UTF-8 HTTP/1.1" 200 263 3 Nacos-Java-Client:v1.0.0
127.0.0.1 - - [11/Oct/2019:21:57:56 +0800] "GET /nacos/v1/ns/instance/list?healthyOnly=false&namespaceId=a144e2c1-cdbd-4b1c-b32e-ac4e5fc970f3&clientIP=192.168.100.1&serviceName=DEFAULT_GROUP%40%40framework-gateway&udpPort=57420&encoding=UTF-8 HTTP/1.1" 200 588 3 Nacos-Java-Client:v1.0.0
192.168.1.109 - - [11/Oct/2019:21:57:56 +0800] "GET /nacos/v1/cs/health HTTP/1.1" 200 2 4 Apache-HttpAsyncClient/4.1.3 (Java/1.8.0_152)
0:0:0:0:0:0:0:1 - - [11/Oct/2019:21:57:57 +0800] "GET /nacos/v1/cs/configs?search=accurate&dataId=&group=&appName=&config_tags=&pageNo=1&pageSize=10&tenant=a144e2c1-cdbd-4b1c-b32e-ac4e5fc970f3&namespaceId=a144e2c1-cdbd-4b1c-b32e-ac4e5fc970f3 HTTP/1.1" 200 3541 270 Mozilla/5.0 (Windows NT 10.0; Win64; x64) AppleWebKit/537.36 (KHTML, like Gecko) Chrome/60.0.3103.0 Safari/537.36
127.0.0.1 - - [11/Oct/2019:21:57:59 +0800] "PUT /nacos/v1/ns/instance/beat?beat=%7B%22cluster%22%3A%22DEFAULT%22%2C%22ip%22%3A%22192.168.1.109%22%2C%22metadata%22%3A%7B%22preserved.register.source%22%3A%22SPRING_CLOUD%22%7D%2C%22port%22%3A9999%2C%22scheduled%22%3Atrue%2C%22serviceName%22%3A%22DEFAULT_GROUP%40%40framework-gateway%22%2C%22weight%22%3A1.0%7D&serviceName=DEFAULT_GROUP%40%40framework-gateway&encoding=UTF-8&namespaceId=a144e2c1-cdbd-4b1c-b32e-ac4e5fc970f3 HTTP/1.1" 200 38 2 Nacos-Java-Client:v1.0.0
192.168.1.109 - - [11/Oct/2019:21:58:01 +0800] "GET /nacos/v1/cs/health HTTP/1.1" 200 2 1 Apache-HttpAsyncClient/4.1.3 (Java/1.8.0_152)
127.0.0.1 - - [11/Oct/2019:21:58:04 +0800] "PUT /nacos/v1/ns/instance/beat?beat=%7B%22cluster%22%3A%22DEFAULT%22%2C%22ip%22%3A%22192.168.1.109%22%2C%22metadata%22%3A%7B%22preserved.register.source%22%3A%22SPRING_CLOUD%22%7D%2C%22port%22%3A9999%2C%22scheduled%22%3Atrue%2C%22serviceName%22%3A%22DEFAULT_GROUP%40%40framework-gateway%22%2C%22weight%22%3A1.0%7D&serviceName=DEFAULT_GROUP%40%40framework-gateway&encoding=UTF-8&namespaceId=a144e2c1-cdbd-4b1c-b32e-ac4e5fc970f3 HTTP/1.1" 200 38 4 Nacos-Java-Client:v1.0.0
127.0.0.1 - - [11/Oct/2019:21:58:06 +0800] "GET /nacos/v1/ns/instance/list?healthyOnly=false&namespaceId=a144e2c1-cdbd-4b1c-b32e-ac4e5fc970f3&clientIP=192.168.100.1&serviceName=DEFAULT_GROUP%40%40framework-gateway&udpPort=57420&encoding=UTF-8 HTTP/1.1" 200 588 4 Nacos-Java-Client:v1.0.0
127.0.0.1 - - [11/Oct/2019:21:58:06 +0800] "GET /nacos/v1/ns/instance/list?healthyOnly=false&namespaceId=a144e2c1-cdbd-4b1c-b32e-ac4e5fc970f3&clientIP=192.168.100.1&serviceName=DEFAULT_GROUP%40%40framework-security&udpPort=57420&encoding=UTF-8 HTTP/1.1" 200 263 6 Nacos-Java-Client:v1.0.0
192.168.1.109 - - [11/Oct/2019:21:58:06 +0800] "GET /nacos/v1/cs/health HTTP/1.1" 200 2 1 Apache-HttpAsyncClient/4.1.3 (Java/1.8.0_152)
127.0.0.1 - - [11/Oct/2019:21:58:09 +0800] "PUT /nacos/v1/ns/instance/beat?beat=%7B%22cluster%22%3A%22DEFAULT%22%2C%22ip%22%3A%22192.168.1.109%22%2C%22metadata%22%3A%7B%22preserved.register.source%22%3A%22SPRING_CLOUD%22%7D%2C%22port%22%3A9999%2C%22scheduled%22%3Atrue%2C%22serviceName%22%3A%22DEFAULT_GROUP%40%40framework-gateway%22%2C%22weight%22%3A1.0%7D&serviceName=DEFAULT_GROUP%40%40framework-gateway&encoding=UTF-8&namespaceId=a144e2c1-cdbd-4b1c-b32e-ac4e5fc970f3 HTTP/1.1" 200 38 3 Nacos-Java-Client:v1.0.0
127.0.0.1 - - [11/Oct/2019:21:58:10 +0800] "POST /nacos/v1/cs/configs/listener HTTP/1.1" 200 - 29505 Java/1.8.0_152
192.168.1.109 - - [11/Oct/2019:21:58:11 +0800] "GET /nacos/v1/cs/health HTTP/1.1" 200 2 4 Apache-HttpAsyncClient/4.1.3 (Java/1.8.0_152)
127.0.0.1 - - [11/Oct/2019:21:58:14 +0800] "PUT /nacos/v1/ns/instance/beat?beat=%7B%22cluster%22%3A%22DEFAULT%22%2C%22ip%22%3A%22192.168.1.109%22%2C%22metadata%22%3A%7B%22preserved.register.source%22%3A%22SPRING_CLOUD%22%7D%2C%22port%22%3A9999%2C%22scheduled%22%3Atrue%2C%22serviceName%22%3A%22DEFAULT_GROUP%40%40framework-gateway%22%2C%22weight%22%3A1.0%7D&serviceName=DEFAULT_GROUP%40%40framework-gateway&encoding=UTF-8&namespaceId=a144e2c1-cdbd-4b1c-b32e-ac4e5fc970f3 HTTP/1.1" 200 38 3 Nacos-Java-Client:v1.0.0
127.0.0.1 - - [11/Oct/2019:21:58:14 +0800] "GET /nacos/v1/ns/service/list?pageSize=2147483647&groupName=DEFAULT_GROUP&encoding=UTF-8&namespaceId=a144e2c1-cdbd-4b1c-b32e-ac4e5fc970f3&pageNo=1 HTTP/1.1" 200 72 2 Nacos-Java-Client:v1.0.0
127.0.0.1 - - [11/Oct/2019:21:58:16 +0800] "GET /nacos/v1/ns/instance/list?healthyOnly=false&namespaceId=a144e2c1-cdbd-4b1c-b32e-ac4e5fc970f3&clientIP=192.168.100.1&serviceName=DEFAULT_GROUP%40%40framework-gateway&udpPort=57420&encoding=UTF-8 HTTP/1.1" 200 588 9 Nacos-Java-Client:v1.0.0
127.0.0.1 - - [11/Oct/2019:21:58:16 +0800] "GET /nacos/v1/ns/instance/list?healthyOnly=false&namespaceId=a144e2c1-cdbd-4b1c-b32e-ac4e5fc970f3&clientIP=192.168.100.1&serviceName=DEFAULT_GROUP%40%40framework-security&udpPort=57420&encoding=UTF-8 HTTP/1.1" 200 263 8 Nacos-Java-Client:v1.0.0
192.168.1.109 - - [11/Oct/2019:21:58:16 +0800] "GET /nacos/v1/cs/health HTTP/1.1" 200 2 6 Apache-HttpAsyncClient/4.1.3 (Java/1.8.0_152)
127.0.0.1 - - [11/Oct/2019:21:58:19 +0800] "PUT /nacos/v1/ns/instance/beat?beat=%7B%22cluster%22%3A%22DEFAULT%22%2C%22ip%22%3A%22192.168.1.109%22%2C%22metadata%22%3A%7B%22preserved.register.source%22%3A%22SPRING_CLOUD%22%7D%2C%22port%22%3A9999%2C%22scheduled%22%3Atrue%2C%22serviceName%22%3A%22DEFAULT_GROUP%40%40framework-gateway%22%2C%22weight%22%3A1.0%7D&serviceName=DEFAULT_GROUP%40%40framework-gateway&encoding=UTF-8&namespaceId=a144e2c1-cdbd-4b1c-b32e-ac4e5fc970f3 HTTP/1.1" 200 38 2 Nacos-Java-Client:v1.0.0
192.168.1.109 - - [11/Oct/2019:21:58:21 +0800] "GET /nacos/v1/cs/health HTTP/1.1" 200 2 7 Apache-HttpAsyncClient/4.1.3 (Java/1.8.0_152)
127.0.0.1 - - [11/Oct/2019:21:58:24 +0800] "PUT /nacos/v1/ns/instance/beat?beat=%7B%22cluster%22%3A%22DEFAULT%22%2C%22ip%22%3A%22192.168.1.109%22%2C%22metadata%22%3A%7B%22preserved.register.source%22%3A%22SPRING_CLOUD%22%7D%2C%22port%22%3A9999%2C%22scheduled%22%3Atrue%2C%22serviceName%22%3A%22DEFAULT_GROUP%40%40framework-gateway%22%2C%22weight%22%3A1.0%7D&serviceName=DEFAULT_GROUP%40%40framework-gateway&encoding=UTF-8&namespaceId=a144e2c1-cdbd-4b1c-b32e-ac4e5fc970f3 HTTP/1.1" 200 38 4 Nacos-Java-Client:v1.0.0
127.0.0.1 - - [11/Oct/2019:21:58:26 +0800] "GET /nacos/v1/ns/instance/list?healthyOnly=false&namespaceId=a144e2c1-cdbd-4b1c-b32e-ac4e5fc970f3&clientIP=192.168.100.1&serviceName=DEFAULT_GROUP%40%40framework-gateway&udpPort=57420&encoding=UTF-8 HTTP/1.1" 200 588 4 Nacos-Java-Client:v1.0.0
127.0.0.1 - - [11/Oct/2019:21:58:26 +0800] "GET /nacos/v1/ns/instance/list?healthyOnly=false&namespaceId=a144e2c1-cdbd-4b1c-b32e-ac4e5fc970f3&clientIP=192.168.100.1&serviceName=DEFAULT_GROUP%40%40framework-security&udpPort=57420&encoding=UTF-8 HTTP/1.1" 200 263 4 Nacos-Java-Client:v1.0.0
192.168.1.109 - - [11/Oct/2019:21:58:26 +0800] "GET /nacos/v1/cs/health HTTP/1.1" 200 2 3 Apache-HttpAsyncClient/4.1.3 (Java/1.8.0_152)
127.0.0.1 - - [11/Oct/2019:21:58:29 +0800] "PUT /nacos/v1/ns/instance/beat?beat=%7B%22cluster%22%3A%22DEFAULT%22%2C%22ip%22%3A%22192.168.1.109%22%2C%22metadata%22%3A%7B%22preserved.register.source%22%3A%22SPRING_CLOUD%22%7D%2C%22port%22%3A9999%2C%22scheduled%22%3Atrue%2C%22serviceName%22%3A%22DEFAULT_GROUP%40%40framework-gateway%22%2C%22weight%22%3A1.0%7D&serviceName=DEFAULT_GROUP%40%40framework-gateway&encoding=UTF-8&namespaceId=a144e2c1-cdbd-4b1c-b32e-ac4e5fc970f3 HTTP/1.1" 200 38 2 Nacos-Java-Client:v1.0.0
192.168.1.109 - - [11/Oct/2019:21:58:31 +0800] "GET /nacos/v1/cs/health HTTP/1.1" 200 2 3 Apache-HttpAsyncClient/4.1.3 (Java/1.8.0_152)
127.0.0.1 - - [11/Oct/2019:21:58:34 +0800] "PUT /nacos/v1/ns/instance/beat?beat=%7B%22cluster%22%3A%22DEFAULT%22%2C%22ip%22%3A%22192.168.1.109%22%2C%22metadata%22%3A%7B%22preserved.register.source%22%3A%22SPRING_CLOUD%22%7D%2C%22port%22%3A9999%2C%22scheduled%22%3Atrue%2C%22serviceName%22%3A%22DEFAULT_GROUP%40%40framework-gateway%22%2C%22weight%22%3A1.0%7D&serviceName=DEFAULT_GROUP%40%40framework-gateway&encoding=UTF-8&namespaceId=a144e2c1-cdbd-4b1c-b32e-ac4e5fc970f3 HTTP/1.1" 200 38 5 Nacos-Java-Client:v1.0.0
127.0.0.1 - - [11/Oct/2019:21:58:36 +0800] "GET /nacos/v1/ns/instance/list?healthyOnly=false&namespaceId=a144e2c1-cdbd-4b1c-b32e-ac4e5fc970f3&clientIP=192.168.100.1&serviceName=DEFAULT_GROUP%40%40framework-gateway&udpPort=57420&encoding=UTF-8 HTTP/1.1" 200 588 3 Nacos-Java-Client:v1.0.0
127.0.0.1 - - [11/Oct/2019:21:58:36 +0800] "GET /nacos/v1/ns/instance/list?healthyOnly=false&namespaceId=a144e2c1-cdbd-4b1c-b32e-ac4e5fc970f3&clientIP=192.168.100.1&serviceName=DEFAULT_GROUP%40%40framework-security&udpPort=57420&encoding=UTF-8 HTTP/1.1" 200 263 3 Nacos-Java-Client:v1.0.0
192.168.1.109 - - [11/Oct/2019:21:58:36 +0800] "GET /nacos/v1/cs/health HTTP/1.1" 200 2 1 Apache-HttpAsyncClient/4.1.3 (Java/1.8.0_152)
127.0.0.1 - - [11/Oct/2019:21:58:39 +0800] "PUT /nacos/v1/ns/instance/beat?beat=%7B%22cluster%22%3A%22DEFAULT%22%2C%22ip%22%3A%22192.168.1.109%22%2C%22metadata%22%3A%7B%22preserved.register.source%22%3A%22SPRING_CLOUD%22%7D%2C%22port%22%3A9999%2C%22scheduled%22%3Atrue%2C%22serviceName%22%3A%22DEFAULT_GROUP%40%40framework-gateway%22%2C%22weight%22%3A1.0%7D&serviceName=DEFAULT_GROUP%40%40framework-gateway&encoding=UTF-8&namespaceId=a144e2c1-cdbd-4b1c-b32e-ac4e5fc970f3 HTTP/1.1" 200 38 2 Nacos-Java-Client:v1.0.0
127.0.0.1 - - [11/Oct/2019:21:58:40 +0800] "POST /nacos/v1/cs/configs/listener HTTP/1.1" 200 - 29503 Java/1.8.0_152
192.168.1.109 - - [11/Oct/2019:21:58:41 +0800] "GET /nacos/v1/cs/health HTTP/1.1" 200 2 1 Apache-HttpAsyncClient/4.1.3 (Java/1.8.0_152)
127.0.0.1 - - [11/Oct/2019:21:58:44 +0800] "PUT /nacos/v1/ns/instance/beat?beat=%7B%22cluster%22%3A%22DEFAULT%22%2C%22ip%22%3A%22192.168.1.109%22%2C%22metadata%22%3A%7B%22preserved.register.source%22%3A%22SPRING_CLOUD%22%7D%2C%22port%22%3A9999%2C%22scheduled%22%3Atrue%2C%22serviceName%22%3A%22DEFAULT_GROUP%40%40framework-gateway%22%2C%22weight%22%3A1.0%7D&serviceName=DEFAULT_GROUP%40%40framework-gateway&encoding=UTF-8&namespaceId=a144e2c1-cdbd-4b1c-b32e-ac4e5fc970f3 HTTP/1.1" 200 38 3 Nacos-Java-Client:v1.0.0
127.0.0.1 - - [11/Oct/2019:21:58:44 +0800] "GET /nacos/v1/ns/service/list?pageSize=2147483647&groupName=DEFAULT_GROUP&encoding=UTF-8&namespaceId=a144e2c1-cdbd-4b1c-b32e-ac4e5fc970f3&pageNo=1 HTTP/1.1" 200 72 5 Nacos-Java-Client:v1.0.0
127.0.0.1 - - [11/Oct/2019:21:58:46 +0800] "GET /nacos/v1/ns/instance/list?healthyOnly=false&namespaceId=a144e2c1-cdbd-4b1c-b32e-ac4e5fc970f3&clientIP=192.168.100.1&serviceName=DEFAULT_GROUP%40%40framework-security&udpPort=57420&encoding=UTF-8 HTTP/1.1" 200 263 2 Nacos-Java-Client:v1.0.0
127.0.0.1 - - [11/Oct/2019:21:58:46 +0800] "GET /nacos/v1/ns/instance/list?healthyOnly=false&namespaceId=a144e2c1-cdbd-4b1c-b32e-ac4e5fc970f3&clientIP=192.168.100.1&serviceName=DEFAULT_GROUP%40%40framework-gateway&udpPort=57420&encoding=UTF-8 HTTP/1.1" 200 588 4 Nacos-Java-Client:v1.0.0
192.168.1.109 - - [11/Oct/2019:21:58:46 +0800] "GET /nacos/v1/cs/health HTTP/1.1" 200 2 2 Apache-HttpAsyncClient/4.1.3 (Java/1.8.0_152)
127.0.0.1 - - [11/Oct/2019:21:58:49 +0800] "PUT /nacos/v1/ns/instance/beat?beat=%7B%22cluster%22%3A%22DEFAULT%22%2C%22ip%22%3A%22192.168.1.109%22%2C%22metadata%22%3A%7B%22preserved.register.source%22%3A%22SPRING_CLOUD%22%7D%2C%22port%22%3A9999%2C%22scheduled%22%3Atrue%2C%22serviceName%22%3A%22DEFAULT_GROUP%40%40framework-gateway%22%2C%22weight%22%3A1.0%7D&serviceName=DEFAULT_GROUP%40%40framework-gateway&encoding=UTF-8&namespaceId=a144e2c1-cdbd-4b1c-b32e-ac4e5fc970f3 HTTP/1.1" 200 38 2 Nacos-Java-Client:v1.0.0
0:0:0:0:0:0:0:1 - - [11/Oct/2019:21:58:50 +0800] "GET /nacos/v1/cs/configs?dataId=framework-security.yml&group=DEFAULT_GROUP&namespaceId=a144e2c1-cdbd-4b1c-b32e-ac4e5fc970f3&tenant=a144e2c1-cdbd-4b1c-b32e-ac4e5fc970f3&beta=true HTTP/1.1" 200 60 115 Mozilla/5.0 (Windows NT 10.0; Win64; x64) AppleWebKit/537.36 (KHTML, like Gecko) Chrome/60.0.3103.0 Safari/537.36
0:0:0:0:0:0:0:1 - - [11/Oct/2019:21:58:50 +0800] "GET /nacos/v1/cs/configs?dataId=framework-security.yml&group=DEFAULT_GROUP&namespaceId=a144e2c1-cdbd-4b1c-b32e-ac4e5fc970f3&tenant=a144e2c1-cdbd-4b1c-b32e-ac4e5fc970f3&show=all HTTP/1.1" 200 2601 284 Mozilla/5.0 (Windows NT 10.0; Win64; x64) AppleWebKit/537.36 (KHTML, like Gecko) Chrome/60.0.3103.0 Safari/537.36
192.168.1.109 - - [11/Oct/2019:21:58:51 +0800] "GET /nacos/v1/cs/health HTTP/1.1" 200 2 2 Apache-HttpAsyncClient/4.1.3 (Java/1.8.0_152)
127.0.0.1 - - [11/Oct/2019:21:58:54 +0800] "PUT /nacos/v1/ns/instance/beat?beat=%7B%22cluster%22%3A%22DEFAULT%22%2C%22ip%22%3A%22192.168.1.109%22%2C%22metadata%22%3A%7B%22preserved.register.source%22%3A%22SPRING_CLOUD%22%7D%2C%22port%22%3A9999%2C%22scheduled%22%3Atrue%2C%22serviceName%22%3A%22DEFAULT_GROUP%40%40framework-gateway%22%2C%22weight%22%3A1.0%7D&serviceName=DEFAULT_GROUP%40%40framework-gateway&encoding=UTF-8&namespaceId=a144e2c1-cdbd-4b1c-b32e-ac4e5fc970f3 HTTP/1.1" 200 38 10 Nacos-Java-Client:v1.0.0
127.0.0.1 - - [11/Oct/2019:21:58:56 +0800] "GET /nacos/v1/ns/instance/list?healthyOnly=false&namespaceId=a144e2c1-cdbd-4b1c-b32e-ac4e5fc970f3&clientIP=192.168.100.1&serviceName=DEFAULT_GROUP%40%40framework-security&udpPort=57420&encoding=UTF-8 HTTP/1.1" 200 263 6 Nacos-Java-Client:v1.0.0
127.0.0.1 - - [11/Oct/2019:21:58:56 +0800] "GET /nacos/v1/ns/instance/list?healthyOnly=false&namespaceId=a144e2c1-cdbd-4b1c-b32e-ac4e5fc970f3&clientIP=192.168.100.1&serviceName=DEFAULT_GROUP%40%40framework-gateway&udpPort=57420&encoding=UTF-8 HTTP/1.1" 200 588 10 Nacos-Java-Client:v1.0.0
192.168.1.109 - - [11/Oct/2019:21:58:56 +0800] "GET /nacos/v1/cs/health HTTP/1.1" 200 2 6 Apache-HttpAsyncClient/4.1.3 (Java/1.8.0_152)
127.0.0.1 - - [11/Oct/2019:21:58:59 +0800] "PUT /nacos/v1/ns/instance/beat?beat=%7B%22cluster%22%3A%22DEFAULT%22%2C%22ip%22%3A%22192.168.1.109%22%2C%22metadata%22%3A%7B%22preserved.register.source%22%3A%22SPRING_CLOUD%22%7D%2C%22port%22%3A9999%2C%22scheduled%22%3Atrue%2C%22serviceName%22%3A%22DEFAULT_GROUP%40%40framework-gateway%22%2C%22weight%22%3A1.0%7D&serviceName=DEFAULT_GROUP%40%40framework-gateway&encoding=UTF-8&namespaceId=a144e2c1-cdbd-4b1c-b32e-ac4e5fc970f3 HTTP/1.1" 200 38 2 Nacos-Java-Client:v1.0.0
192.168.1.109 - - [11/Oct/2019:21:59:01 +0800] "GET /nacos/v1/cs/health HTTP/1.1" 200 2 7 Apache-HttpAsyncClient/4.1.3 (Java/1.8.0_152)
0:0:0:0:0:0:0:1 - - [11/Oct/2019:21:59:02 +0800] "POST /nacos/v1/cs/configs HTTP/1.1" 200 14 1199 Mozilla/5.0 (Windows NT 10.0; Win64; x64) AppleWebKit/537.36 (KHTML, like Gecko) Chrome/60.0.3103.0 Safari/537.36
192.168.1.109 - - [11/Oct/2019:21:59:02 +0800] "GET /nacos/v1/cs/communication/dataChange?dataId=framework-security.yml&group=DEFAULT_GROUP&tenant=a144e2c1-cdbd-4b1c-b32e-ac4e5fc970f3 HTTP/1.1" 200 14 4 Apache-HttpAsyncClient/4.1.3 (Java/1.8.0_152)
0:0:0:0:0:0:0:1 - - [11/Oct/2019:21:59:02 +0800] "GET /nacos/v1/cs/configs?dataId=framework-security.yml&group=DEFAULT_GROUP&namespaceId=a144e2c1-cdbd-4b1c-b32e-ac4e5fc970f3&tenant=a144e2c1-cdbd-4b1c-b32e-ac4e5fc970f3&show=all HTTP/1.1" 200 2600 265 Mozilla/5.0 (Windows NT 10.0; Win64; x64) AppleWebKit/537.36 (KHTML, like Gecko) Chrome/60.0.3103.0 Safari/537.36
127.0.0.1 - - [11/Oct/2019:21:59:04 +0800] "PUT /nacos/v1/ns/instance/beat?beat=%7B%22cluster%22%3A%22DEFAULT%22%2C%22ip%22%3A%22192.168.1.109%22%2C%22metadata%22%3A%7B%22preserved.register.source%22%3A%22SPRING_CLOUD%22%7D%2C%22port%22%3A9999%2C%22scheduled%22%3Atrue%2C%22serviceName%22%3A%22DEFAULT_GROUP%40%40framework-gateway%22%2C%22weight%22%3A1.0%7D&serviceName=DEFAULT_GROUP%40%40framework-gateway&encoding=UTF-8&namespaceId=a144e2c1-cdbd-4b1c-b32e-ac4e5fc970f3 HTTP/1.1" 200 38 2 Nacos-Java-Client:v1.0.0
127.0.0.1 - - [11/Oct/2019:21:59:06 +0800] "GET /nacos/v1/ns/instance/list?healthyOnly=false&namespaceId=a144e2c1-cdbd-4b1c-b32e-ac4e5fc970f3&clientIP=192.168.100.1&serviceName=DEFAULT_GROUP%40%40framework-security&udpPort=57420&encoding=UTF-8 HTTP/1.1" 200 263 2 Nacos-Java-Client:v1.0.0
127.0.0.1 - - [11/Oct/2019:21:59:06 +0800] "GET /nacos/v1/ns/instance/list?healthyOnly=false&namespaceId=a144e2c1-cdbd-4b1c-b32e-ac4e5fc970f3&clientIP=192.168.100.1&serviceName=DEFAULT_GROUP%40%40framework-gateway&udpPort=57420&encoding=UTF-8 HTTP/1.1" 200 588 2 Nacos-Java-Client:v1.0.0
192.168.1.109 - - [11/Oct/2019:21:59:06 +0800] "GET /nacos/v1/cs/health HTTP/1.1" 200 2 1 Apache-HttpAsyncClient/4.1.3 (Java/1.8.0_152)
127.0.0.1 - - [11/Oct/2019:21:59:09 +0800] "PUT /nacos/v1/ns/instance/beat?beat=%7B%22cluster%22%3A%22DEFAULT%22%2C%22ip%22%3A%22192.168.1.109%22%2C%22metadata%22%3A%7B%22preserved.register.source%22%3A%22SPRING_CLOUD%22%7D%2C%22port%22%3A9999%2C%22scheduled%22%3Atrue%2C%22serviceName%22%3A%22DEFAULT_GROUP%40%40framework-gateway%22%2C%22weight%22%3A1.0%7D&serviceName=DEFAULT_GROUP%40%40framework-gateway&encoding=UTF-8&namespaceId=a144e2c1-cdbd-4b1c-b32e-ac4e5fc970f3 HTTP/1.1" 200 38 26 Nacos-Java-Client:v1.0.0
127.0.0.1 - - [11/Oct/2019:21:59:09 +0800] "POST /nacos/v1/cs/configs/listener HTTP/1.1" 200 - 29503 Java/1.8.0_152
192.168.1.109 - - [11/Oct/2019:21:59:11 +0800] "GET /nacos/v1/cs/health HTTP/1.1" 200 2 2 Apache-HttpAsyncClient/4.1.3 (Java/1.8.0_152)
127.0.0.1 - - [11/Oct/2019:21:59:14 +0800] "PUT /nacos/v1/ns/instance/beat?beat=%7B%22cluster%22%3A%22DEFAULT%22%2C%22ip%22%3A%22192.168.1.109%22%2C%22metadata%22%3A%7B%22preserved.register.source%22%3A%22SPRING_CLOUD%22%7D%2C%22port%22%3A9999%2C%22scheduled%22%3Atrue%2C%22serviceName%22%3A%22DEFAULT_GROUP%40%40framework-gateway%22%2C%22weight%22%3A1.0%7D&serviceName=DEFAULT_GROUP%40%40framework-gateway&encoding=UTF-8&namespaceId=a144e2c1-cdbd-4b1c-b32e-ac4e5fc970f3 HTTP/1.1" 200 38 2 Nacos-Java-Client:v1.0.0
127.0.0.1 - - [11/Oct/2019:21:59:14 +0800] "GET /nacos/v1/ns/service/list?pageSize=2147483647&groupName=DEFAULT_GROUP&encoding=UTF-8&namespaceId=a144e2c1-cdbd-4b1c-b32e-ac4e5fc970f3&pageNo=1 HTTP/1.1" 200 72 3 Nacos-Java-Client:v1.0.0
127.0.0.1 - - [11/Oct/2019:21:59:16 +0800] "GET /nacos/v1/ns/instance/list?healthyOnly=false&namespaceId=a144e2c1-cdbd-4b1c-b32e-ac4e5fc970f3&clientIP=192.168.100.1&serviceName=DEFAULT_GROUP%40%40framework-gateway&udpPort=57420&encoding=UTF-8 HTTP/1.1" 200 588 2 Nacos-Java-Client:v1.0.0
127.0.0.1 - - [11/Oct/2019:21:59:16 +0800] "GET /nacos/v1/ns/instance/list?healthyOnly=false&namespaceId=a144e2c1-cdbd-4b1c-b32e-ac4e5fc970f3&clientIP=192.168.100.1&serviceName=DEFAULT_GROUP%40%40framework-security&udpPort=57420&encoding=UTF-8 HTTP/1.1" 200 263 2 Nacos-Java-Client:v1.0.0
192.168.1.109 - - [11/Oct/2019:21:59:16 +0800] "GET /nacos/v1/cs/health HTTP/1.1" 200 2 1 Apache-HttpAsyncClient/4.1.3 (Java/1.8.0_152)
127.0.0.1 - - [11/Oct/2019:21:59:17 +0800] "GET /nacos/v1/cs/configs?dataId=framework-security.yml&group=DEFAULT_GROUP&tenant=a144e2c1-cdbd-4b1c-b32e-ac4e5fc970f3 HTTP/1.1" 200 2083 4 Java/1.8.0_152
127.0.0.1 - - [11/Oct/2019:21:59:19 +0800] "PUT /nacos/v1/ns/instance/beat?beat=%7B%22cluster%22%3A%22DEFAULT%22%2C%22ip%22%3A%22192.168.1.109%22%2C%22metadata%22%3A%7B%22preserved.register.source%22%3A%22SPRING_CLOUD%22%7D%2C%22port%22%3A9999%2C%22scheduled%22%3Atrue%2C%22serviceName%22%3A%22DEFAULT_GROUP%40%40framework-gateway%22%2C%22weight%22%3A1.0%7D&serviceName=DEFAULT_GROUP%40%40framework-gateway&encoding=UTF-8&namespaceId=a144e2c1-cdbd-4b1c-b32e-ac4e5fc970f3 HTTP/1.1" 200 38 15 Nacos-Java-Client:v1.0.0
192.168.1.109 - - [11/Oct/2019:21:59:21 +0800] "GET /nacos/v1/cs/health HTTP/1.1" 200 2 3 Apache-HttpAsyncClient/4.1.3 (Java/1.8.0_152)
127.0.0.1 - - [11/Oct/2019:21:59:24 +0800] "PUT /nacos/v1/ns/instance/beat?beat=%7B%22cluster%22%3A%22DEFAULT%22%2C%22ip%22%3A%22192.168.1.109%22%2C%22metadata%22%3A%7B%22preserved.register.source%22%3A%22SPRING_CLOUD%22%7D%2C%22port%22%3A9999%2C%22scheduled%22%3Atrue%2C%22serviceName%22%3A%22DEFAULT_GROUP%40%40framework-gateway%22%2C%22weight%22%3A1.0%7D&serviceName=DEFAULT_GROUP%40%40framework-gateway&encoding=UTF-8&namespaceId=a144e2c1-cdbd-4b1c-b32e-ac4e5fc970f3 HTTP/1.1" 200 38 2 Nacos-Java-Client:v1.0.0
127.0.0.1 - - [11/Oct/2019:21:59:26 +0800] "GET /nacos/v1/ns/instance/list?healthyOnly=false&namespaceId=a144e2c1-cdbd-4b1c-b32e-ac4e5fc970f3&clientIP=192.168.100.1&serviceName=DEFAULT_GROUP%40%40framework-security&udpPort=57420&encoding=UTF-8 HTTP/1.1" 200 263 2 Nacos-Java-Client:v1.0.0
127.0.0.1 - - [11/Oct/2019:21:59:26 +0800] "GET /nacos/v1/ns/instance/list?healthyOnly=false&namespaceId=a144e2c1-cdbd-4b1c-b32e-ac4e5fc970f3&clientIP=192.168.100.1&serviceName=DEFAULT_GROUP%40%40framework-gateway&udpPort=57420&encoding=UTF-8 HTTP/1.1" 200 588 2 Nacos-Java-Client:v1.0.0
192.168.1.109 - - [11/Oct/2019:21:59:26 +0800] "GET /nacos/v1/cs/health HTTP/1.1" 200 2 3 Apache-HttpAsyncClient/4.1.3 (Java/1.8.0_152)
127.0.0.1 - - [11/Oct/2019:21:59:29 +0800] "PUT /nacos/v1/ns/instance/beat?beat=%7B%22cluster%22%3A%22DEFAULT%22%2C%22ip%22%3A%22192.168.1.109%22%2C%22metadata%22%3A%7B%22preserved.register.source%22%3A%22SPRING_CLOUD%22%7D%2C%22port%22%3A9999%2C%22scheduled%22%3Atrue%2C%22serviceName%22%3A%22DEFAULT_GROUP%40%40framework-gateway%22%2C%22weight%22%3A1.0%7D&serviceName=DEFAULT_GROUP%40%40framework-gateway&encoding=UTF-8&namespaceId=a144e2c1-cdbd-4b1c-b32e-ac4e5fc970f3 HTTP/1.1" 200 38 3 Nacos-Java-Client:v1.0.0
192.168.1.109 - - [11/Oct/2019:21:59:31 +0800] "GET /nacos/v1/cs/health HTTP/1.1" 200 2 1 Apache-HttpAsyncClient/4.1.3 (Java/1.8.0_152)
127.0.0.1 - - [11/Oct/2019:21:59:34 +0800] "GET /nacos/v1/ns/service/list?pageSize=2147483647&groupName=DEFAULT_GROUP&encoding=UTF-8&namespaceId=a144e2c1-cdbd-4b1c-b32e-ac4e5fc970f3&pageNo=1 HTTP/1.1" 200 72 3 Nacos-Java-Client:v1.0.0
127.0.0.1 - - [11/Oct/2019:21:59:34 +0800] "GET /nacos/v1/ns/instance/list?healthyOnly=false&namespaceId=a144e2c1-cdbd-4b1c-b32e-ac4e5fc970f3&clientIP=192.168.100.1&serviceName=DEFAULT_GROUP%40%40framework-security&udpPort=56945&encoding=UTF-8 HTTP/1.1" 200 263 2 Nacos-Java-Client:v1.0.0
127.0.0.1 - - [11/Oct/2019:21:59:34 +0800] "GET /nacos/v1/ns/instance/list?healthyOnly=false&namespaceId=a144e2c1-cdbd-4b1c-b32e-ac4e5fc970f3&clientIP=192.168.100.1&serviceName=DEFAULT_GROUP%40%40framework-gateway&udpPort=56945&encoding=UTF-8 HTTP/1.1" 200 588 4 Nacos-Java-Client:v1.0.0
127.0.0.1 - - [11/Oct/2019:21:59:34 +0800] "POST /nacos/v1/ns/instance?groupName=DEFAULT_GROUP&metadata=%7B%22preserved.register.source%22%3A%22SPRING_CLOUD%22%7D&namespaceId=a144e2c1-cdbd-4b1c-b32e-ac4e5fc970f3&port=8001&enable=true&healthy=true&clusterName=DEFAULT&ip=192.168.1.109&weight=1.0&ephemeral=true&serviceName=DEFAULT_GROUP%40%40framework-security&encoding=UTF-8 HTTP/1.1" 200 2 5 Nacos-Java-Client:v1.0.0
127.0.0.1 - - [11/Oct/2019:21:59:34 +0800] "POST /nacos/v1/cs/configs/listener HTTP/1.1" 200 - 2 Java/1.8.0_152
127.0.0.1 - - [11/Oct/2019:21:59:34 +0800] "PUT /nacos/v1/ns/instance/beat?beat=%7B%22cluster%22%3A%22DEFAULT%22%2C%22ip%22%3A%22192.168.1.109%22%2C%22metadata%22%3A%7B%22preserved.register.source%22%3A%22SPRING_CLOUD%22%7D%2C%22port%22%3A9999%2C%22scheduled%22%3Atrue%2C%22serviceName%22%3A%22DEFAULT_GROUP%40%40framework-gateway%22%2C%22weight%22%3A1.0%7D&serviceName=DEFAULT_GROUP%40%40framework-gateway&encoding=UTF-8&namespaceId=a144e2c1-cdbd-4b1c-b32e-ac4e5fc970f3 HTTP/1.1" 200 38 4 Nacos-Java-Client:v1.0.0
127.0.0.1 - - [11/Oct/2019:21:59:35 +0800] "GET /nacos/v1/ns/instance/list?healthyOnly=false&namespaceId=a144e2c1-cdbd-4b1c-b32e-ac4e5fc970f3&clientIP=192.168.100.1&serviceName=DEFAULT_GROUP%40%40framework-security&udpPort=56945&encoding=UTF-8 HTTP/1.1" 200 592 10 Nacos-Java-Client:v1.0.0
127.0.0.1 - - [11/Oct/2019:21:59:35 +0800] "GET /nacos/v1/ns/instance/list?healthyOnly=false&namespaceId=a144e2c1-cdbd-4b1c-b32e-ac4e5fc970f3&clientIP=192.168.100.1&serviceName=DEFAULT_GROUP%40%40framework-gateway&udpPort=56945&encoding=UTF-8 HTTP/1.1" 200 588 9 Nacos-Java-Client:v1.0.0
127.0.0.1 - - [11/Oct/2019:21:59:35 +0800] "PUT /nacos/v1/ns/instance/beat?beat=%7B%22cluster%22%3A%22DEFAULT%22%2C%22ip%22%3A%22192.168.1.109%22%2C%22metadata%22%3A%7B%22preserved.register.source%22%3A%22SPRING_CLOUD%22%7D%2C%22port%22%3A8001%2C%22scheduled%22%3Atrue%2C%22serviceName%22%3A%22DEFAULT_GROUP%40%40framework-security%22%2C%22weight%22%3A1.0%7D&serviceName=DEFAULT_GROUP%40%40framework-security&encoding=UTF-8&namespaceId=a144e2c1-cdbd-4b1c-b32e-ac4e5fc970f3 HTTP/1.1" 200 38 2 Nacos-Java-Client:v1.0.0
127.0.0.1 - - [11/Oct/2019:21:59:36 +0800] "GET /nacos/v1/ns/instance/list?healthyOnly=false&namespaceId=a144e2c1-cdbd-4b1c-b32e-ac4e5fc970f3&clientIP=192.168.100.1&serviceName=DEFAULT_GROUP%40%40framework-gateway&udpPort=57420&encoding=UTF-8 HTTP/1.1" 200 588 6 Nacos-Java-Client:v1.0.0
127.0.0.1 - - [11/Oct/2019:21:59:36 +0800] "GET /nacos/v1/ns/instance/list?healthyOnly=false&namespaceId=a144e2c1-cdbd-4b1c-b32e-ac4e5fc970f3&clientIP=192.168.100.1&serviceName=DEFAULT_GROUP%40%40framework-security&udpPort=57420&encoding=UTF-8 HTTP/1.1" 200 592 5 Nacos-Java-Client:v1.0.0
192.168.1.109 - - [11/Oct/2019:21:59:36 +0800] "GET /nacos/v1/cs/health HTTP/1.1" 200 2 2 Apache-HttpAsyncClient/4.1.3 (Java/1.8.0_152)
127.0.0.1 - - [11/Oct/2019:21:59:36 +0800] "GET /nacos/v1/cs/configs?dataId=framework-security.yml&group=DEFAULT_GROUP&tenant=a144e2c1-cdbd-4b1c-b32e-ac4e5fc970f3 HTTP/1.1" 200 2083 2 Java/1.8.0_152
127.0.0.1 - - [11/Oct/2019:21:59:39 +0800] "POST /nacos/v1/cs/configs/listener HTTP/1.1" 200 - 29504 Java/1.8.0_152
127.0.0.1 - - [11/Oct/2019:21:59:39 +0800] "PUT /nacos/v1/ns/instance/beat?beat=%7B%22cluster%22%3A%22DEFAULT%22%2C%22ip%22%3A%22192.168.1.109%22%2C%22metadata%22%3A%7B%22preserved.register.source%22%3A%22SPRING_CLOUD%22%7D%2C%22port%22%3A9999%2C%22scheduled%22%3Atrue%2C%22serviceName%22%3A%22DEFAULT_GROUP%40%40framework-gateway%22%2C%22weight%22%3A1.0%7D&serviceName=DEFAULT_GROUP%40%40framework-gateway&encoding=UTF-8&namespaceId=a144e2c1-cdbd-4b1c-b32e-ac4e5fc970f3 HTTP/1.1" 200 38 3 Nacos-Java-Client:v1.0.0
127.0.0.1 - - [11/Oct/2019:21:59:40 +0800] "PUT /nacos/v1/ns/instance/beat?beat=%7B%22cluster%22%3A%22DEFAULT%22%2C%22ip%22%3A%22192.168.1.109%22%2C%22metadata%22%3A%7B%22preserved.register.source%22%3A%22SPRING_CLOUD%22%7D%2C%22port%22%3A8001%2C%22scheduled%22%3Atrue%2C%22serviceName%22%3A%22DEFAULT_GROUP%40%40framework-security%22%2C%22weight%22%3A1.0%7D&serviceName=DEFAULT_GROUP%40%40framework-security&encoding=UTF-8&namespaceId=a144e2c1-cdbd-4b1c-b32e-ac4e5fc970f3 HTTP/1.1" 200 38 3 Nacos-Java-Client:v1.0.0
192.168.1.109 - - [11/Oct/2019:21:59:41 +0800] "GET /nacos/v1/cs/health HTTP/1.1" 200 2 1 Apache-HttpAsyncClient/4.1.3 (Java/1.8.0_152)
127.0.0.1 - - [11/Oct/2019:21:59:44 +0800] "PUT /nacos/v1/ns/instance/beat?beat=%7B%22cluster%22%3A%22DEFAULT%22%2C%22ip%22%3A%22192.168.1.109%22%2C%22metadata%22%3A%7B%22preserved.register.source%22%3A%22SPRING_CLOUD%22%7D%2C%22port%22%3A9999%2C%22scheduled%22%3Atrue%2C%22serviceName%22%3A%22DEFAULT_GROUP%40%40framework-gateway%22%2C%22weight%22%3A1.0%7D&serviceName=DEFAULT_GROUP%40%40framework-gateway&encoding=UTF-8&namespaceId=a144e2c1-cdbd-4b1c-b32e-ac4e5fc970f3 HTTP/1.1" 200 38 5 Nacos-Java-Client:v1.0.0
127.0.0.1 - - [11/Oct/2019:21:59:44 +0800] "GET /nacos/v1/ns/service/list?pageSize=2147483647&groupName=DEFAULT_GROUP&encoding=UTF-8&namespaceId=a144e2c1-cdbd-4b1c-b32e-ac4e5fc970f3&pageNo=1 HTTP/1.1" 200 72 5 Nacos-Java-Client:v1.0.0
127.0.0.1 - - [11/Oct/2019:21:59:45 +0800] "GET /nacos/v1/ns/instance/list?healthyOnly=false&namespaceId=a144e2c1-cdbd-4b1c-b32e-ac4e5fc970f3&clientIP=192.168.100.1&serviceName=DEFAULT_GROUP%40%40framework-gateway&udpPort=56945&encoding=UTF-8 HTTP/1.1" 200 588 2 Nacos-Java-Client:v1.0.0
127.0.0.1 - - [11/Oct/2019:21:59:45 +0800] "GET /nacos/v1/ns/instance/list?healthyOnly=false&namespaceId=a144e2c1-cdbd-4b1c-b32e-ac4e5fc970f3&clientIP=192.168.100.1&serviceName=DEFAULT_GROUP%40%40framework-security&udpPort=56945&encoding=UTF-8 HTTP/1.1" 200 592 2 Nacos-Java-Client:v1.0.0
127.0.0.1 - - [11/Oct/2019:21:59:45 +0800] "PUT /nacos/v1/ns/instance/beat?beat=%7B%22cluster%22%3A%22DEFAULT%22%2C%22ip%22%3A%22192.168.1.109%22%2C%22metadata%22%3A%7B%22preserved.register.source%22%3A%22SPRING_CLOUD%22%7D%2C%22port%22%3A8001%2C%22scheduled%22%3Atrue%2C%22serviceName%22%3A%22DEFAULT_GROUP%40%40framework-security%22%2C%22weight%22%3A1.0%7D&serviceName=DEFAULT_GROUP%40%40framework-security&encoding=UTF-8&namespaceId=a144e2c1-cdbd-4b1c-b32e-ac4e5fc970f3 HTTP/1.1" 200 38 2 Nacos-Java-Client:v1.0.0
127.0.0.1 - - [11/Oct/2019:21:59:46 +0800] "GET /nacos/v1/ns/instance/list?healthyOnly=false&namespaceId=a144e2c1-cdbd-4b1c-b32e-ac4e5fc970f3&clientIP=192.168.100.1&serviceName=DEFAULT_GROUP%40%40framework-security&udpPort=57420&encoding=UTF-8 HTTP/1.1" 200 592 3 Nacos-Java-Client:v1.0.0
127.0.0.1 - - [11/Oct/2019:21:59:46 +0800] "GET /nacos/v1/ns/instance/list?healthyOnly=false&namespaceId=a144e2c1-cdbd-4b1c-b32e-ac4e5fc970f3&clientIP=192.168.100.1&serviceName=DEFAULT_GROUP%40%40framework-gateway&udpPort=57420&encoding=UTF-8 HTTP/1.1" 200 588 3 Nacos-Java-Client:v1.0.0
192.168.1.109 - - [11/Oct/2019:21:59:46 +0800] "GET /nacos/v1/cs/health HTTP/1.1" 200 2 2 Apache-HttpAsyncClient/4.1.3 (Java/1.8.0_152)
127.0.0.1 - - [11/Oct/2019:21:59:49 +0800] "PUT /nacos/v1/ns/instance/beat?beat=%7B%22cluster%22%3A%22DEFAULT%22%2C%22ip%22%3A%22192.168.1.109%22%2C%22metadata%22%3A%7B%22preserved.register.source%22%3A%22SPRING_CLOUD%22%7D%2C%22port%22%3A9999%2C%22scheduled%22%3Atrue%2C%22serviceName%22%3A%22DEFAULT_GROUP%40%40framework-gateway%22%2C%22weight%22%3A1.0%7D&serviceName=DEFAULT_GROUP%40%40framework-gateway&encoding=UTF-8&namespaceId=a144e2c1-cdbd-4b1c-b32e-ac4e5fc970f3 HTTP/1.1" 200 38 4 Nacos-Java-Client:v1.0.0
127.0.0.1 - - [11/Oct/2019:21:59:50 +0800] "PUT /nacos/v1/ns/instance/beat?beat=%7B%22cluster%22%3A%22DEFAULT%22%2C%22ip%22%3A%22192.168.1.109%22%2C%22metadata%22%3A%7B%22preserved.register.source%22%3A%22SPRING_CLOUD%22%7D%2C%22port%22%3A8001%2C%22scheduled%22%3Atrue%2C%22serviceName%22%3A%22DEFAULT_GROUP%40%40framework-security%22%2C%22weight%22%3A1.0%7D&serviceName=DEFAULT_GROUP%40%40framework-security&encoding=UTF-8&namespaceId=a144e2c1-cdbd-4b1c-b32e-ac4e5fc970f3 HTTP/1.1" 200 38 2 Nacos-Java-Client:v1.0.0
192.168.1.109 - - [11/Oct/2019:21:59:51 +0800] "GET /nacos/v1/cs/health HTTP/1.1" 200 2 4 Apache-HttpAsyncClient/4.1.3 (Java/1.8.0_152)
