0:0:0:0:0:0:0:1 - - [24/Oct/2019:15:14:07 +0800] "GET /nacos/console-fe/public/js/loader.js HTTP/1.1" 200 28899 167 Mozilla/5.0 (Windows NT 10.0; Win64; x64) AppleWebKit/537.36 (KHTML, like Gecko) Chrome/60.0.3103.0 Safari/537.36
0:0:0:0:0:0:0:1 - - [24/Oct/2019:15:14:07 +0800] "GET /nacos/console-fe/public/js/diff_match_patch.js HTTP/1.1" 200 19192 186 Mozilla/5.0 (Windows NT 10.0; Win64; x64) AppleWebKit/537.36 (KHTML, like Gecko) Chrome/60.0.3103.0 Safari/537.36
0:0:0:0:0:0:0:1 - - [24/Oct/2019:15:14:07 +0800] "GET /nacos/console-fe/public/js/codemirror.lib.clike-lint.js HTTP/1.1" 200 31521 211 Mozilla/5.0 (Windows NT 10.0; Win64; x64) AppleWebKit/537.36 (KHTML, like Gecko) Chrome/60.0.3103.0 Safari/537.36
192.168.1.101 - - [24/Oct/2019:15:14:09 +0800] "GET /nacos/v1/cs/health HTTP/1.1" 200 2 13 Apache-HttpAsyncClient/4.1.3 (Java/1.8.0_152)
127.0.0.1 - - [24/Oct/2019:15:14:09 +0800] "PUT /nacos/v1/ns/instance/beat?beat=%7B%22cluster%22%3A%22DEFAULT%22%2C%22ip%22%3A%22192.168.1.101%22%2C%22metadata%22%3A%7B%22preserved.register.source%22%3A%22SPRING_CLOUD%22%7D%2C%22port%22%3A8001%2C%22scheduled%22%3Atrue%2C%22serviceName%22%3A%22DEFAULT_GROUP%40%40framework-security%22%2C%22weight%22%3A1.0%7D&serviceName=DEFAULT_GROUP%40%40framework-security&encoding=UTF-8&namespaceId=a144e2c1-cdbd-4b1c-b32e-ac4e5fc970f3 HTTP/1.1" 200 38 13 Nacos-Java-Client:v1.0.0
0:0:0:0:0:0:0:1 - - [24/Oct/2019:15:14:09 +0800] "GET /nacos/js/main.js HTTP/1.1" 200 1412912 1153 Mozilla/5.0 (Windows NT 10.0; Win64; x64) AppleWebKit/537.36 (KHTML, like Gecko) Chrome/60.0.3103.0 Safari/537.36
127.0.0.1 - - [24/Oct/2019:15:14:10 +0800] "PUT /nacos/v1/ns/instance/beat?beat=%7B%22cluster%22%3A%22DEFAULT%22%2C%22ip%22%3A%22192.168.1.101%22%2C%22metadata%22%3A%7B%22preserved.register.source%22%3A%22SPRING_CLOUD%22%7D%2C%22port%22%3A9999%2C%22scheduled%22%3Atrue%2C%22serviceName%22%3A%22DEFAULT_GROUP%40%40framework-gateway%22%2C%22weight%22%3A1.0%7D&serviceName=DEFAULT_GROUP%40%40framework-gateway&encoding=UTF-8&namespaceId=a144e2c1-cdbd-4b1c-b32e-ac4e5fc970f3 HTTP/1.1" 200 38 20 Nacos-Java-Client:v1.0.0
192.168.1.101 - - [24/Oct/2019:15:14:14 +0800] "GET /nacos/v1/cs/health HTTP/1.1" 200 2 11 Apache-HttpAsyncClient/4.1.3 (Java/1.8.0_152)
127.0.0.1 - - [24/Oct/2019:15:14:14 +0800] "PUT /nacos/v1/ns/instance/beat?beat=%7B%22cluster%22%3A%22DEFAULT%22%2C%22ip%22%3A%22192.168.1.101%22%2C%22metadata%22%3A%7B%22preserved.register.source%22%3A%22SPRING_CLOUD%22%7D%2C%22port%22%3A8001%2C%22scheduled%22%3Atrue%2C%22serviceName%22%3A%22DEFAULT_GROUP%40%40framework-security%22%2C%22weight%22%3A1.0%7D&serviceName=DEFAULT_GROUP%40%40framework-security&encoding=UTF-8&namespaceId=a144e2c1-cdbd-4b1c-b32e-ac4e5fc970f3 HTTP/1.1" 200 38 19 Nacos-Java-Client:v1.0.0
127.0.0.1 - - [24/Oct/2019:15:14:15 +0800] "POST /nacos/v1/cs/configs/listener HTTP/1.1" 200 - 29551 Java/1.8.0_152
127.0.0.1 - - [24/Oct/2019:15:14:15 +0800] "PUT /nacos/v1/ns/instance/beat?beat=%7B%22cluster%22%3A%22DEFAULT%22%2C%22ip%22%3A%22192.168.1.101%22%2C%22metadata%22%3A%7B%22preserved.register.source%22%3A%22SPRING_CLOUD%22%7D%2C%22port%22%3A9999%2C%22scheduled%22%3Atrue%2C%22serviceName%22%3A%22DEFAULT_GROUP%40%40framework-gateway%22%2C%22weight%22%3A1.0%7D&serviceName=DEFAULT_GROUP%40%40framework-gateway&encoding=UTF-8&namespaceId=a144e2c1-cdbd-4b1c-b32e-ac4e5fc970f3 HTTP/1.1" 200 38 15 Nacos-Java-Client:v1.0.0
127.0.0.1 - - [24/Oct/2019:15:14:15 +0800] "GET /nacos/v1/ns/instance/list?healthyOnly=false&namespaceId=a144e2c1-cdbd-4b1c-b32e-ac4e5fc970f3&clientIP=192.168.100.1&serviceName=DEFAULT_GROUP%40%40framework-gateway&udpPort=53780&encoding=UTF-8 HTTP/1.1" 200 588 29 Nacos-Java-Client:v1.0.0
0:0:0:0:0:0:0:1 - - [24/Oct/2019:15:14:16 +0800] "GET /nacos/img/logo-2000-390.svg HTTP/1.1" 200 2106 96 Mozilla/5.0 (Windows NT 10.0; Win64; x64) AppleWebKit/537.36 (KHTML, like Gecko) Chrome/60.0.3103.0 Safari/537.36
0:0:0:0:0:0:0:1 - - [24/Oct/2019:15:14:16 +0800] "GET /nacos/v1/console/server/state HTTP/1.1" 200 82 144 Mozilla/5.0 (Windows NT 10.0; Win64; x64) AppleWebKit/537.36 (KHTML, like Gecko) Chrome/60.0.3103.0 Safari/537.36
127.0.0.1 - - [24/Oct/2019:15:14:16 +0800] "GET /nacos/v1/ns/instance/list?healthyOnly=false&namespaceId=a144e2c1-cdbd-4b1c-b32e-ac4e5fc970f3&clientIP=192.168.100.1&serviceName=DEFAULT_GROUP%40%40framework-security&udpPort=53780&encoding=UTF-8 HTTP/1.1" 200 592 9 Nacos-Java-Client:v1.0.0
127.0.0.1 - - [24/Oct/2019:15:14:17 +0800] "GET /nacos/v1/ns/service/list?pageSize=2147483647&groupName=DEFAULT_GROUP&encoding=UTF-8&namespaceId=a144e2c1-cdbd-4b1c-b32e-ac4e5fc970f3&pageNo=1 HTTP/1.1" 200 72 12 Nacos-Java-Client:v1.0.0
127.0.0.1 - - [24/Oct/2019:15:14:17 +0800] "GET /nacos/v1/ns/instance/list?healthyOnly=false&namespaceId=a144e2c1-cdbd-4b1c-b32e-ac4e5fc970f3&clientIP=192.168.100.1&serviceName=DEFAULT_GROUP%40%40framework-gateway&udpPort=49611&encoding=UTF-8 HTTP/1.1" 200 588 24 Nacos-Java-Client:v1.0.0
127.0.0.1 - - [24/Oct/2019:15:14:17 +0800] "GET /nacos/v1/ns/instance/list?healthyOnly=false&namespaceId=a144e2c1-cdbd-4b1c-b32e-ac4e5fc970f3&clientIP=192.168.100.1&serviceName=DEFAULT_GROUP%40%40framework-security&udpPort=49611&encoding=UTF-8 HTTP/1.1" 200 592 12 Nacos-Java-Client:v1.0.0
127.0.0.1 - - [24/Oct/2019:15:14:18 +0800] "GET /nacos/v1/ns/instance/list?healthyOnly=false&namespaceId=a144e2c1-cdbd-4b1c-b32e-ac4e5fc970f3&clientIP=192.168.100.1&serviceName=DEFAULT_GROUP%40%40framework-security&udpPort=49611&encoding=UTF-8 HTTP/1.1" 200 592 8 Nacos-Java-Client:v1.0.0
0:0:0:0:0:0:0:1 - - [24/Oct/2019:15:14:19 +0800] "GET /nacos/console-fe/public/icons/icon-font.woff HTTP/1.1" 200 5504 220 Mozilla/5.0 (Windows NT 10.0; Win64; x64) AppleWebKit/537.36 (KHTML, like Gecko) Chrome/60.0.3103.0 Safari/537.36
192.168.1.101 - - [24/Oct/2019:15:14:19 +0800] "GET /nacos/v1/cs/health HTTP/1.1" 200 2 16 Apache-HttpAsyncClient/4.1.3 (Java/1.8.0_152)
127.0.0.1 - - [24/Oct/2019:15:14:19 +0800] "PUT /nacos/v1/ns/instance/beat?beat=%7B%22cluster%22%3A%22DEFAULT%22%2C%22ip%22%3A%22192.168.1.101%22%2C%22metadata%22%3A%7B%22preserved.register.source%22%3A%22SPRING_CLOUD%22%7D%2C%22port%22%3A8001%2C%22scheduled%22%3Atrue%2C%22serviceName%22%3A%22DEFAULT_GROUP%40%40framework-security%22%2C%22weight%22%3A1.0%7D&serviceName=DEFAULT_GROUP%40%40framework-security&encoding=UTF-8&namespaceId=a144e2c1-cdbd-4b1c-b32e-ac4e5fc970f3 HTTP/1.1" 200 38 21 Nacos-Java-Client:v1.0.0
0:0:0:0:0:0:0:1 - - [24/Oct/2019:15:14:19 +0800] "GET /nacos/v1/console/namespaces?namespaceId= HTTP/1.1" 401 154 852 Mozilla/5.0 (Windows NT 10.0; Win64; x64) AppleWebKit/537.36 (KHTML, like Gecko) Chrome/60.0.3103.0 Safari/537.36
127.0.0.1 - - [24/Oct/2019:15:14:20 +0800] "PUT /nacos/v1/ns/instance/beat?beat=%7B%22cluster%22%3A%22DEFAULT%22%2C%22ip%22%3A%22192.168.1.101%22%2C%22metadata%22%3A%7B%22preserved.register.source%22%3A%22SPRING_CLOUD%22%7D%2C%22port%22%3A9999%2C%22scheduled%22%3Atrue%2C%22serviceName%22%3A%22DEFAULT_GROUP%40%40framework-gateway%22%2C%22weight%22%3A1.0%7D&serviceName=DEFAULT_GROUP%40%40framework-gateway&encoding=UTF-8&namespaceId=a144e2c1-cdbd-4b1c-b32e-ac4e5fc970f3 HTTP/1.1" 200 38 22 Nacos-Java-Client:v1.0.0
0:0:0:0:0:0:0:1 - - [24/Oct/2019:15:14:21 +0800] "GET /nacos/console-fe/public/css/fonts/aliyun-console-font.ttf?t91au5 HTTP/1.1" 200 169536 102 Mozilla/5.0 (Windows NT 10.0; Win64; x64) AppleWebKit/537.36 (KHTML, like Gecko) Chrome/60.0.3103.0 Safari/537.36
0:0:0:0:0:0:0:1 - - [24/Oct/2019:15:14:22 +0800] "GET /nacos/v1/cs/configs?search=accurate&dataId=&group=&appName=&config_tags=&pageNo=1&pageSize=10&tenant=&namespaceId= HTTP/1.1" 200 - 393 Mozilla/5.0 (Windows NT 10.0; Win64; x64) AppleWebKit/537.36 (KHTML, like Gecko) Chrome/60.0.3103.0 Safari/537.36
0:0:0:0:0:0:0:1 - - [24/Oct/2019:15:14:22 +0800] "GET /nacos/img/black_dot.png HTTP/1.1" 200 114 27 Mozilla/5.0 (Windows NT 10.0; Win64; x64) AppleWebKit/537.36 (KHTML, like Gecko) Chrome/60.0.3103.0 Safari/537.36
0:0:0:0:0:0:0:1 - - [24/Oct/2019:15:14:22 +0800] "GET /nacos/img/nacos.png HTTP/1.1" 200 3588 18 Mozilla/5.0 (Windows NT 10.0; Win64; x64) AppleWebKit/537.36 (KHTML, like Gecko) Chrome/60.0.3103.0 Safari/537.36
0:0:0:0:0:0:0:1 - - [24/Oct/2019:15:14:22 +0800] "GET /nacos/console-fe/public/js/vs/editor/editor.main.js HTTP/1.1" 200 1824086 6708 Mozilla/5.0 (Windows NT 10.0; Win64; x64) AppleWebKit/537.36 (KHTML, like Gecko) Chrome/60.0.3103.0 Safari/537.36
192.168.1.101 - - [24/Oct/2019:15:14:24 +0800] "GET /nacos/v1/cs/health HTTP/1.1" 200 2 6 Apache-HttpAsyncClient/4.1.3 (Java/1.8.0_152)
127.0.0.1 - - [24/Oct/2019:15:14:24 +0800] "PUT /nacos/v1/ns/instance/beat?beat=%7B%22cluster%22%3A%22DEFAULT%22%2C%22ip%22%3A%22192.168.1.101%22%2C%22metadata%22%3A%7B%22preserved.register.source%22%3A%22SPRING_CLOUD%22%7D%2C%22port%22%3A8001%2C%22scheduled%22%3Atrue%2C%22serviceName%22%3A%22DEFAULT_GROUP%40%40framework-security%22%2C%22weight%22%3A1.0%7D&serviceName=DEFAULT_GROUP%40%40framework-security&encoding=UTF-8&namespaceId=a144e2c1-cdbd-4b1c-b32e-ac4e5fc970f3 HTTP/1.1" 200 38 23 Nacos-Java-Client:v1.0.0
0:0:0:0:0:0:0:1 - - [24/Oct/2019:15:14:24 +0800] "GET /nacos/console-fe/public/js/vs/editor/editor.main.css HTTP/1.1" 200 172199 94 Mozilla/5.0 (Windows NT 10.0; Win64; x64) AppleWebKit/537.36 (KHTML, like Gecko) Chrome/60.0.3103.0 Safari/537.36
0:0:0:0:0:0:0:1 - - [24/Oct/2019:15:14:25 +0800] "GET /nacos/console-fe/public/js/vs/editor/editor.main.nls.zh-cn.js HTTP/1.1" 200 22854 31 Mozilla/5.0 (Windows NT 10.0; Win64; x64) AppleWebKit/537.36 (KHTML, like Gecko) Chrome/60.0.3103.0 Safari/537.36
127.0.0.1 - - [24/Oct/2019:15:14:25 +0800] "PUT /nacos/v1/ns/instance/beat?beat=%7B%22cluster%22%3A%22DEFAULT%22%2C%22ip%22%3A%22192.168.1.101%22%2C%22metadata%22%3A%7B%22preserved.register.source%22%3A%22SPRING_CLOUD%22%7D%2C%22port%22%3A9999%2C%22scheduled%22%3Atrue%2C%22serviceName%22%3A%22DEFAULT_GROUP%40%40framework-gateway%22%2C%22weight%22%3A1.0%7D&serviceName=DEFAULT_GROUP%40%40framework-gateway&encoding=UTF-8&namespaceId=a144e2c1-cdbd-4b1c-b32e-ac4e5fc970f3 HTTP/1.1" 200 38 17 Nacos-Java-Client:v1.0.0
127.0.0.1 - - [24/Oct/2019:15:14:25 +0800] "GET /nacos/v1/ns/instance/list?healthyOnly=false&namespaceId=a144e2c1-cdbd-4b1c-b32e-ac4e5fc970f3&clientIP=192.168.100.1&serviceName=DEFAULT_GROUP%40%40framework-gateway&udpPort=53780&encoding=UTF-8 HTTP/1.1" 200 588 15 Nacos-Java-Client:v1.0.0
127.0.0.1 - - [24/Oct/2019:15:14:26 +0800] "GET /nacos/v1/ns/instance/list?healthyOnly=false&namespaceId=a144e2c1-cdbd-4b1c-b32e-ac4e5fc970f3&clientIP=192.168.100.1&serviceName=DEFAULT_GROUP%40%40framework-security&udpPort=53780&encoding=UTF-8 HTTP/1.1" 200 592 16 Nacos-Java-Client:v1.0.0
127.0.0.1 - - [24/Oct/2019:15:14:27 +0800] "GET /nacos/v1/ns/instance/list?healthyOnly=false&namespaceId=a144e2c1-cdbd-4b1c-b32e-ac4e5fc970f3&clientIP=192.168.100.1&serviceName=DEFAULT_GROUP%40%40framework-gateway&udpPort=49611&encoding=UTF-8 HTTP/1.1" 200 588 17 Nacos-Java-Client:v1.0.0
127.0.0.1 - - [24/Oct/2019:15:14:28 +0800] "GET /nacos/v1/ns/instance/list?healthyOnly=false&namespaceId=a144e2c1-cdbd-4b1c-b32e-ac4e5fc970f3&clientIP=192.168.100.1&serviceName=DEFAULT_GROUP%40%40framework-security&udpPort=49611&encoding=UTF-8 HTTP/1.1" 200 592 12 Nacos-Java-Client:v1.0.0
192.168.1.101 - - [24/Oct/2019:15:14:29 +0800] "GET /nacos/v1/cs/health HTTP/1.1" 200 2 12 Apache-HttpAsyncClient/4.1.3 (Java/1.8.0_152)
127.0.0.1 - - [24/Oct/2019:15:14:29 +0800] "PUT /nacos/v1/ns/instance/beat?beat=%7B%22cluster%22%3A%22DEFAULT%22%2C%22ip%22%3A%22192.168.1.101%22%2C%22metadata%22%3A%7B%22preserved.register.source%22%3A%22SPRING_CLOUD%22%7D%2C%22port%22%3A8001%2C%22scheduled%22%3Atrue%2C%22serviceName%22%3A%22DEFAULT_GROUP%40%40framework-security%22%2C%22weight%22%3A1.0%7D&serviceName=DEFAULT_GROUP%40%40framework-security&encoding=UTF-8&namespaceId=a144e2c1-cdbd-4b1c-b32e-ac4e5fc970f3 HTTP/1.1" 200 38 27 Nacos-Java-Client:v1.0.0
127.0.0.1 - - [24/Oct/2019:15:14:30 +0800] "PUT /nacos/v1/ns/instance/beat?beat=%7B%22cluster%22%3A%22DEFAULT%22%2C%22ip%22%3A%22192.168.1.101%22%2C%22metadata%22%3A%7B%22preserved.register.source%22%3A%22SPRING_CLOUD%22%7D%2C%22port%22%3A9999%2C%22scheduled%22%3Atrue%2C%22serviceName%22%3A%22DEFAULT_GROUP%40%40framework-gateway%22%2C%22weight%22%3A1.0%7D&serviceName=DEFAULT_GROUP%40%40framework-gateway&encoding=UTF-8&namespaceId=a144e2c1-cdbd-4b1c-b32e-ac4e5fc970f3 HTTP/1.1" 200 38 17 Nacos-Java-Client:v1.0.0
0:0:0:0:0:0:0:1 - - [24/Oct/2019:15:14:31 +0800] "GET /nacos/console-fe/public/img/favicon.ico HTTP/1.1" 200 4286 219 Mozilla/5.0 (Windows NT 10.0; Win64; x64) AppleWebKit/537.36 (KHTML, like Gecko) Chrome/60.0.3103.0 Safari/537.36
127.0.0.1 - - [24/Oct/2019:15:14:32 +0800] "POST /nacos/v1/cs/configs/listener HTTP/1.1" 200 - 29563 Java/1.8.0_152
192.168.1.101 - - [24/Oct/2019:15:14:34 +0800] "GET /nacos/v1/cs/health HTTP/1.1" 200 2 7 Apache-HttpAsyncClient/4.1.3 (Java/1.8.0_152)
127.0.0.1 - - [24/Oct/2019:15:14:34 +0800] "PUT /nacos/v1/ns/instance/beat?beat=%7B%22cluster%22%3A%22DEFAULT%22%2C%22ip%22%3A%22192.168.1.101%22%2C%22metadata%22%3A%7B%22preserved.register.source%22%3A%22SPRING_CLOUD%22%7D%2C%22port%22%3A8001%2C%22scheduled%22%3Atrue%2C%22serviceName%22%3A%22DEFAULT_GROUP%40%40framework-security%22%2C%22weight%22%3A1.0%7D&serviceName=DEFAULT_GROUP%40%40framework-security&encoding=UTF-8&namespaceId=a144e2c1-cdbd-4b1c-b32e-ac4e5fc970f3 HTTP/1.1" 200 38 16 Nacos-Java-Client:v1.0.0
127.0.0.1 - - [24/Oct/2019:15:14:35 +0800] "PUT /nacos/v1/ns/instance/beat?beat=%7B%22cluster%22%3A%22DEFAULT%22%2C%22ip%22%3A%22192.168.1.101%22%2C%22metadata%22%3A%7B%22preserved.register.source%22%3A%22SPRING_CLOUD%22%7D%2C%22port%22%3A9999%2C%22scheduled%22%3Atrue%2C%22serviceName%22%3A%22DEFAULT_GROUP%40%40framework-gateway%22%2C%22weight%22%3A1.0%7D&serviceName=DEFAULT_GROUP%40%40framework-gateway&encoding=UTF-8&namespaceId=a144e2c1-cdbd-4b1c-b32e-ac4e5fc970f3 HTTP/1.1" 200 38 8 Nacos-Java-Client:v1.0.0
127.0.0.1 - - [24/Oct/2019:15:14:35 +0800] "GET /nacos/v1/ns/service/list?pageSize=2147483647&groupName=DEFAULT_GROUP&encoding=UTF-8&namespaceId=a144e2c1-cdbd-4b1c-b32e-ac4e5fc970f3&pageNo=1 HTTP/1.1" 200 72 10 Nacos-Java-Client:v1.0.0
127.0.0.1 - - [24/Oct/2019:15:14:36 +0800] "GET /nacos/v1/ns/instance/list?healthyOnly=false&namespaceId=a144e2c1-cdbd-4b1c-b32e-ac4e5fc970f3&clientIP=192.168.100.1&serviceName=DEFAULT_GROUP%40%40framework-gateway&udpPort=53780&encoding=UTF-8 HTTP/1.1" 200 588 6 Nacos-Java-Client:v1.0.0
127.0.0.1 - - [24/Oct/2019:15:14:36 +0800] "GET /nacos/v1/ns/instance/list?healthyOnly=false&namespaceId=a144e2c1-cdbd-4b1c-b32e-ac4e5fc970f3&clientIP=192.168.100.1&serviceName=DEFAULT_GROUP%40%40framework-security&udpPort=53780&encoding=UTF-8 HTTP/1.1" 200 592 10 Nacos-Java-Client:v1.0.0
127.0.0.1 - - [24/Oct/2019:15:14:37 +0800] "GET /nacos/v1/ns/instance/list?healthyOnly=false&namespaceId=a144e2c1-cdbd-4b1c-b32e-ac4e5fc970f3&clientIP=192.168.100.1&serviceName=DEFAULT_GROUP%40%40framework-gateway&udpPort=49611&encoding=UTF-8 HTTP/1.1" 200 588 13 Nacos-Java-Client:v1.0.0
127.0.0.1 - - [24/Oct/2019:15:14:38 +0800] "GET /nacos/v1/ns/instance/list?healthyOnly=false&namespaceId=a144e2c1-cdbd-4b1c-b32e-ac4e5fc970f3&clientIP=192.168.100.1&serviceName=DEFAULT_GROUP%40%40framework-security&udpPort=49611&encoding=UTF-8 HTTP/1.1" 200 592 14 Nacos-Java-Client:v1.0.0
0:0:0:0:0:0:0:1 - - [24/Oct/2019:15:14:38 +0800] "POST /nacos/v1/auth/login HTTP/1.1" 200 176 3567 Mozilla/5.0 (Windows NT 10.0; Win64; x64) AppleWebKit/537.36 (KHTML, like Gecko) Chrome/60.0.3103.0 Safari/537.36
0:0:0:0:0:0:0:1 - - [24/Oct/2019:15:14:39 +0800] "GET /nacos/v1/console/server/state HTTP/1.1" 200 82 16 Mozilla/5.0 (Windows NT 10.0; Win64; x64) AppleWebKit/537.36 (KHTML, like Gecko) Chrome/60.0.3103.0 Safari/537.36
192.168.1.101 - - [24/Oct/2019:15:14:39 +0800] "GET /nacos/v1/cs/health HTTP/1.1" 200 2 15 Apache-HttpAsyncClient/4.1.3 (Java/1.8.0_152)
127.0.0.1 - - [24/Oct/2019:15:14:39 +0800] "PUT /nacos/v1/ns/instance/beat?beat=%7B%22cluster%22%3A%22DEFAULT%22%2C%22ip%22%3A%22192.168.1.101%22%2C%22metadata%22%3A%7B%22preserved.register.source%22%3A%22SPRING_CLOUD%22%7D%2C%22port%22%3A8001%2C%22scheduled%22%3Atrue%2C%22serviceName%22%3A%22DEFAULT_GROUP%40%40framework-security%22%2C%22weight%22%3A1.0%7D&serviceName=DEFAULT_GROUP%40%40framework-security&encoding=UTF-8&namespaceId=a144e2c1-cdbd-4b1c-b32e-ac4e5fc970f3 HTTP/1.1" 200 38 12 Nacos-Java-Client:v1.0.0
0:0:0:0:0:0:0:1 - - [24/Oct/2019:15:14:40 +0800] "GET /nacos/v1/console/namespaces?namespaceId= HTTP/1.1" 200 246 1246 Mozilla/5.0 (Windows NT 10.0; Win64; x64) AppleWebKit/537.36 (KHTML, like Gecko) Chrome/60.0.3103.0 Safari/537.36
127.0.0.1 - - [24/Oct/2019:15:14:40 +0800] "PUT /nacos/v1/ns/instance/beat?beat=%7B%22cluster%22%3A%22DEFAULT%22%2C%22ip%22%3A%22192.168.1.101%22%2C%22metadata%22%3A%7B%22preserved.register.source%22%3A%22SPRING_CLOUD%22%7D%2C%22port%22%3A9999%2C%22scheduled%22%3Atrue%2C%22serviceName%22%3A%22DEFAULT_GROUP%40%40framework-gateway%22%2C%22weight%22%3A1.0%7D&serviceName=DEFAULT_GROUP%40%40framework-gateway&encoding=UTF-8&namespaceId=a144e2c1-cdbd-4b1c-b32e-ac4e5fc970f3 HTTP/1.1" 200 38 18 Nacos-Java-Client:v1.0.0
0:0:0:0:0:0:0:1 - - [24/Oct/2019:15:14:40 +0800] "GET /nacos/v1/cs/configs?search=accurate&dataId=&group=&appName=&config_tags=&pageNo=1&pageSize=10&tenant=&namespaceId= HTTP/1.1" 200 - 186 Mozilla/5.0 (Windows NT 10.0; Win64; x64) AppleWebKit/537.36 (KHTML, like Gecko) Chrome/60.0.3103.0 Safari/537.36
192.168.1.101 - - [24/Oct/2019:15:14:44 +0800] "GET /nacos/v1/cs/health HTTP/1.1" 200 2 4 Apache-HttpAsyncClient/4.1.3 (Java/1.8.0_152)
127.0.0.1 - - [24/Oct/2019:15:14:44 +0800] "PUT /nacos/v1/ns/instance/beat?beat=%7B%22cluster%22%3A%22DEFAULT%22%2C%22ip%22%3A%22192.168.1.101%22%2C%22metadata%22%3A%7B%22preserved.register.source%22%3A%22SPRING_CLOUD%22%7D%2C%22port%22%3A8001%2C%22scheduled%22%3Atrue%2C%22serviceName%22%3A%22DEFAULT_GROUP%40%40framework-security%22%2C%22weight%22%3A1.0%7D&serviceName=DEFAULT_GROUP%40%40framework-security&encoding=UTF-8&namespaceId=a144e2c1-cdbd-4b1c-b32e-ac4e5fc970f3 HTTP/1.1" 200 38 11 Nacos-Java-Client:v1.0.0
127.0.0.1 - - [24/Oct/2019:15:14:44 +0800] "POST /nacos/v1/cs/configs/listener HTTP/1.1" 200 - 29512 Java/1.8.0_152
127.0.0.1 - - [24/Oct/2019:15:14:45 +0800] "PUT /nacos/v1/ns/instance/beat?beat=%7B%22cluster%22%3A%22DEFAULT%22%2C%22ip%22%3A%22192.168.1.101%22%2C%22metadata%22%3A%7B%22preserved.register.source%22%3A%22SPRING_CLOUD%22%7D%2C%22port%22%3A9999%2C%22scheduled%22%3Atrue%2C%22serviceName%22%3A%22DEFAULT_GROUP%40%40framework-gateway%22%2C%22weight%22%3A1.0%7D&serviceName=DEFAULT_GROUP%40%40framework-gateway&encoding=UTF-8&namespaceId=a144e2c1-cdbd-4b1c-b32e-ac4e5fc970f3 HTTP/1.1" 200 38 7 Nacos-Java-Client:v1.0.0
127.0.0.1 - - [24/Oct/2019:15:14:46 +0800] "GET /nacos/v1/ns/instance/list?healthyOnly=false&namespaceId=a144e2c1-cdbd-4b1c-b32e-ac4e5fc970f3&clientIP=192.168.100.1&serviceName=DEFAULT_GROUP%40%40framework-gateway&udpPort=53780&encoding=UTF-8 HTTP/1.1" 200 588 11 Nacos-Java-Client:v1.0.0
127.0.0.1 - - [24/Oct/2019:15:14:46 +0800] "GET /nacos/v1/ns/instance/list?healthyOnly=false&namespaceId=a144e2c1-cdbd-4b1c-b32e-ac4e5fc970f3&clientIP=192.168.100.1&serviceName=DEFAULT_GROUP%40%40framework-security&udpPort=53780&encoding=UTF-8 HTTP/1.1" 200 592 18 Nacos-Java-Client:v1.0.0
127.0.0.1 - - [24/Oct/2019:15:14:47 +0800] "GET /nacos/v1/ns/service/list?pageSize=2147483647&groupName=DEFAULT_GROUP&encoding=UTF-8&namespaceId=a144e2c1-cdbd-4b1c-b32e-ac4e5fc970f3&pageNo=1 HTTP/1.1" 200 72 9 Nacos-Java-Client:v1.0.0
0:0:0:0:0:0:0:1 - - [24/Oct/2019:15:14:47 +0800] "GET /nacos/v1/cs/configs?search=accurate&dataId=&group=&appName=&config_tags=&pageNo=1&pageSize=10&tenant=a144e2c1-cdbd-4b1c-b32e-ac4e5fc970f3&namespaceId=a144e2c1-cdbd-4b1c-b32e-ac4e5fc970f3 HTTP/1.1" 200 3583 782 Mozilla/5.0 (Windows NT 10.0; Win64; x64) AppleWebKit/537.36 (KHTML, like Gecko) Chrome/60.0.3103.0 Safari/537.36
127.0.0.1 - - [24/Oct/2019:15:14:47 +0800] "GET /nacos/v1/ns/instance/list?healthyOnly=false&namespaceId=a144e2c1-cdbd-4b1c-b32e-ac4e5fc970f3&clientIP=192.168.100.1&serviceName=DEFAULT_GROUP%40%40framework-gateway&udpPort=49611&encoding=UTF-8 HTTP/1.1" 200 588 11 Nacos-Java-Client:v1.0.0
127.0.0.1 - - [24/Oct/2019:15:14:48 +0800] "GET /nacos/v1/ns/instance/list?healthyOnly=false&namespaceId=a144e2c1-cdbd-4b1c-b32e-ac4e5fc970f3&clientIP=192.168.100.1&serviceName=DEFAULT_GROUP%40%40framework-security&udpPort=49611&encoding=UTF-8 HTTP/1.1" 200 592 17 Nacos-Java-Client:v1.0.0
192.168.1.101 - - [24/Oct/2019:15:14:49 +0800] "GET /nacos/v1/cs/health HTTP/1.1" 200 2 12 Apache-HttpAsyncClient/4.1.3 (Java/1.8.0_152)
127.0.0.1 - - [24/Oct/2019:15:14:49 +0800] "PUT /nacos/v1/ns/instance/beat?beat=%7B%22cluster%22%3A%22DEFAULT%22%2C%22ip%22%3A%22192.168.1.101%22%2C%22metadata%22%3A%7B%22preserved.register.source%22%3A%22SPRING_CLOUD%22%7D%2C%22port%22%3A8001%2C%22scheduled%22%3Atrue%2C%22serviceName%22%3A%22DEFAULT_GROUP%40%40framework-security%22%2C%22weight%22%3A1.0%7D&serviceName=DEFAULT_GROUP%40%40framework-security&encoding=UTF-8&namespaceId=a144e2c1-cdbd-4b1c-b32e-ac4e5fc970f3 HTTP/1.1" 200 38 17 Nacos-Java-Client:v1.0.0
127.0.0.1 - - [24/Oct/2019:15:14:50 +0800] "PUT /nacos/v1/ns/instance/beat?beat=%7B%22cluster%22%3A%22DEFAULT%22%2C%22ip%22%3A%22192.168.1.101%22%2C%22metadata%22%3A%7B%22preserved.register.source%22%3A%22SPRING_CLOUD%22%7D%2C%22port%22%3A9999%2C%22scheduled%22%3Atrue%2C%22serviceName%22%3A%22DEFAULT_GROUP%40%40framework-gateway%22%2C%22weight%22%3A1.0%7D&serviceName=DEFAULT_GROUP%40%40framework-gateway&encoding=UTF-8&namespaceId=a144e2c1-cdbd-4b1c-b32e-ac4e5fc970f3 HTTP/1.1" 200 38 15 Nacos-Java-Client:v1.0.0
0:0:0:0:0:0:0:1 - - [24/Oct/2019:15:14:51 +0800] "GET /nacos/v1/cs/configs?dataId=framework-gateway.yml&group=DEFAULT_GROUP&namespaceId=a144e2c1-cdbd-4b1c-b32e-ac4e5fc970f3&tenant=a144e2c1-cdbd-4b1c-b32e-ac4e5fc970f3&beta=true HTTP/1.1" 200 60 159 Mozilla/5.0 (Windows NT 10.0; Win64; x64) AppleWebKit/537.36 (KHTML, like Gecko) Chrome/60.0.3103.0 Safari/537.36
0:0:0:0:0:0:0:1 - - [24/Oct/2019:15:14:51 +0800] "GET /nacos/v1/cs/configs?dataId=framework-gateway.yml&group=DEFAULT_GROUP&namespaceId=a144e2c1-cdbd-4b1c-b32e-ac4e5fc970f3&tenant=a144e2c1-cdbd-4b1c-b32e-ac4e5fc970f3&show=all HTTP/1.1" 200 1322 438 Mozilla/5.0 (Windows NT 10.0; Win64; x64) AppleWebKit/537.36 (KHTML, like Gecko) Chrome/60.0.3103.0 Safari/537.36
0:0:0:0:0:0:0:1 - - [24/Oct/2019:15:14:52 +0800] "GET /nacos/console-fe/public/js/vs/basic-languages/src/yaml.js HTTP/1.1" 200 3869 34 Mozilla/5.0 (Windows NT 10.0; Win64; x64) AppleWebKit/537.36 (KHTML, like Gecko) Chrome/60.0.3103.0 Safari/537.36
0:0:0:0:0:0:0:1 - - [24/Oct/2019:15:14:53 +0800] "GET /nacos/console-fe/public/js/vs/base/worker/workerMain.js HTTP/1.1" 200 151535 78 Mozilla/5.0 (Windows NT 10.0; Win64; x64) AppleWebKit/537.36 (KHTML, like Gecko) Chrome/60.0.3103.0 Safari/537.36
0:0:0:0:0:0:0:1 - - [24/Oct/2019:15:14:54 +0800] "GET /nacos/v1/cs/configs?search=accurate&dataId=&group=&appName=&config_tags=&pageNo=1&pageSize=10&tenant=a144e2c1-cdbd-4b1c-b32e-ac4e5fc970f3&namespaceId=a144e2c1-cdbd-4b1c-b32e-ac4e5fc970f3 HTTP/1.1" 200 3583 372 Mozilla/5.0 (Windows NT 10.0; Win64; x64) AppleWebKit/537.36 (KHTML, like Gecko) Chrome/60.0.3103.0 Safari/537.36
192.168.1.101 - - [24/Oct/2019:15:14:54 +0800] "GET /nacos/v1/cs/health HTTP/1.1" 200 2 8 Apache-HttpAsyncClient/4.1.3 (Java/1.8.0_152)
127.0.0.1 - - [24/Oct/2019:15:14:54 +0800] "PUT /nacos/v1/ns/instance/beat?beat=%7B%22cluster%22%3A%22DEFAULT%22%2C%22ip%22%3A%22192.168.1.101%22%2C%22metadata%22%3A%7B%22preserved.register.source%22%3A%22SPRING_CLOUD%22%7D%2C%22port%22%3A8001%2C%22scheduled%22%3Atrue%2C%22serviceName%22%3A%22DEFAULT_GROUP%40%40framework-security%22%2C%22weight%22%3A1.0%7D&serviceName=DEFAULT_GROUP%40%40framework-security&encoding=UTF-8&namespaceId=a144e2c1-cdbd-4b1c-b32e-ac4e5fc970f3 HTTP/1.1" 200 38 13 Nacos-Java-Client:v1.0.0
127.0.0.1 - - [24/Oct/2019:15:14:55 +0800] "PUT /nacos/v1/ns/instance/beat?beat=%7B%22cluster%22%3A%22DEFAULT%22%2C%22ip%22%3A%22192.168.1.101%22%2C%22metadata%22%3A%7B%22preserved.register.source%22%3A%22SPRING_CLOUD%22%7D%2C%22port%22%3A9999%2C%22scheduled%22%3Atrue%2C%22serviceName%22%3A%22DEFAULT_GROUP%40%40framework-gateway%22%2C%22weight%22%3A1.0%7D&serviceName=DEFAULT_GROUP%40%40framework-gateway&encoding=UTF-8&namespaceId=a144e2c1-cdbd-4b1c-b32e-ac4e5fc970f3 HTTP/1.1" 200 38 13 Nacos-Java-Client:v1.0.0
127.0.0.1 - - [24/Oct/2019:15:14:56 +0800] "GET /nacos/v1/ns/instance/list?healthyOnly=false&namespaceId=a144e2c1-cdbd-4b1c-b32e-ac4e5fc970f3&clientIP=192.168.100.1&serviceName=DEFAULT_GROUP%40%40framework-gateway&udpPort=53780&encoding=UTF-8 HTTP/1.1" 200 588 14 Nacos-Java-Client:v1.0.0
127.0.0.1 - - [24/Oct/2019:15:14:57 +0800] "GET /nacos/v1/ns/instance/list?healthyOnly=false&namespaceId=a144e2c1-cdbd-4b1c-b32e-ac4e5fc970f3&clientIP=192.168.100.1&serviceName=DEFAULT_GROUP%40%40framework-security&udpPort=53780&encoding=UTF-8 HTTP/1.1" 200 592 10 Nacos-Java-Client:v1.0.0
127.0.0.1 - - [24/Oct/2019:15:14:57 +0800] "GET /nacos/v1/ns/instance/list?healthyOnly=false&namespaceId=a144e2c1-cdbd-4b1c-b32e-ac4e5fc970f3&clientIP=192.168.100.1&serviceName=DEFAULT_GROUP%40%40framework-gateway&udpPort=49611&encoding=UTF-8 HTTP/1.1" 200 588 10 Nacos-Java-Client:v1.0.0
0:0:0:0:0:0:0:1 - - [24/Oct/2019:15:14:57 +0800] "GET /nacos/v1/cs/configs?dataId=framework-security.yml&group=DEFAULT_GROUP&namespaceId=a144e2c1-cdbd-4b1c-b32e-ac4e5fc970f3&tenant=a144e2c1-cdbd-4b1c-b32e-ac4e5fc970f3&beta=true HTTP/1.1" 200 60 184 Mozilla/5.0 (Windows NT 10.0; Win64; x64) AppleWebKit/537.36 (KHTML, like Gecko) Chrome/60.0.3103.0 Safari/537.36
0:0:0:0:0:0:0:1 - - [24/Oct/2019:15:14:57 +0800] "GET /nacos/v1/cs/configs?dataId=framework-security.yml&group=DEFAULT_GROUP&namespaceId=a144e2c1-cdbd-4b1c-b32e-ac4e5fc970f3&tenant=a144e2c1-cdbd-4b1c-b32e-ac4e5fc970f3&show=all HTTP/1.1" 200 2651 365 Mozilla/5.0 (Windows NT 10.0; Win64; x64) AppleWebKit/537.36 (KHTML, like Gecko) Chrome/60.0.3103.0 Safari/537.36
127.0.0.1 - - [24/Oct/2019:15:14:58 +0800] "GET /nacos/v1/ns/instance/list?healthyOnly=false&namespaceId=a144e2c1-cdbd-4b1c-b32e-ac4e5fc970f3&clientIP=192.168.100.1&serviceName=DEFAULT_GROUP%40%40framework-security&udpPort=49611&encoding=UTF-8 HTTP/1.1" 200 592 12 Nacos-Java-Client:v1.0.0
192.168.1.101 - - [24/Oct/2019:15:14:59 +0800] "GET /nacos/v1/cs/health HTTP/1.1" 200 2 19 Apache-HttpAsyncClient/4.1.3 (Java/1.8.0_152)
127.0.0.1 - - [24/Oct/2019:15:14:59 +0800] "PUT /nacos/v1/ns/instance/beat?beat=%7B%22cluster%22%3A%22DEFAULT%22%2C%22ip%22%3A%22192.168.1.101%22%2C%22metadata%22%3A%7B%22preserved.register.source%22%3A%22SPRING_CLOUD%22%7D%2C%22port%22%3A8001%2C%22scheduled%22%3Atrue%2C%22serviceName%22%3A%22DEFAULT_GROUP%40%40framework-security%22%2C%22weight%22%3A1.0%7D&serviceName=DEFAULT_GROUP%40%40framework-security&encoding=UTF-8&namespaceId=a144e2c1-cdbd-4b1c-b32e-ac4e5fc970f3 HTTP/1.1" 200 38 22 Nacos-Java-Client:v1.0.0
127.0.0.1 - - [24/Oct/2019:15:15:00 +0800] "PUT /nacos/v1/ns/instance/beat?beat=%7B%22cluster%22%3A%22DEFAULT%22%2C%22ip%22%3A%22192.168.1.101%22%2C%22metadata%22%3A%7B%22preserved.register.source%22%3A%22SPRING_CLOUD%22%7D%2C%22port%22%3A9999%2C%22scheduled%22%3Atrue%2C%22serviceName%22%3A%22DEFAULT_GROUP%40%40framework-gateway%22%2C%22weight%22%3A1.0%7D&serviceName=DEFAULT_GROUP%40%40framework-gateway&encoding=UTF-8&namespaceId=a144e2c1-cdbd-4b1c-b32e-ac4e5fc970f3 HTTP/1.1" 200 38 13 Nacos-Java-Client:v1.0.0
127.0.0.1 - - [24/Oct/2019:15:15:02 +0800] "POST /nacos/v1/cs/configs/listener HTTP/1.1" 200 - 29520 Java/1.8.0_152
192.168.1.101 - - [24/Oct/2019:15:15:04 +0800] "GET /nacos/v1/cs/health HTTP/1.1" 200 2 14 Apache-HttpAsyncClient/4.1.3 (Java/1.8.0_152)
127.0.0.1 - - [24/Oct/2019:15:15:04 +0800] "PUT /nacos/v1/ns/instance/beat?beat=%7B%22cluster%22%3A%22DEFAULT%22%2C%22ip%22%3A%22192.168.1.101%22%2C%22metadata%22%3A%7B%22preserved.register.source%22%3A%22SPRING_CLOUD%22%7D%2C%22port%22%3A8001%2C%22scheduled%22%3Atrue%2C%22serviceName%22%3A%22DEFAULT_GROUP%40%40framework-security%22%2C%22weight%22%3A1.0%7D&serviceName=DEFAULT_GROUP%40%40framework-security&encoding=UTF-8&namespaceId=a144e2c1-cdbd-4b1c-b32e-ac4e5fc970f3 HTTP/1.1" 200 38 21 Nacos-Java-Client:v1.0.0
127.0.0.1 - - [24/Oct/2019:15:15:05 +0800] "PUT /nacos/v1/ns/instance/beat?beat=%7B%22cluster%22%3A%22DEFAULT%22%2C%22ip%22%3A%22192.168.1.101%22%2C%22metadata%22%3A%7B%22preserved.register.source%22%3A%22SPRING_CLOUD%22%7D%2C%22port%22%3A9999%2C%22scheduled%22%3Atrue%2C%22serviceName%22%3A%22DEFAULT_GROUP%40%40framework-gateway%22%2C%22weight%22%3A1.0%7D&serviceName=DEFAULT_GROUP%40%40framework-gateway&encoding=UTF-8&namespaceId=a144e2c1-cdbd-4b1c-b32e-ac4e5fc970f3 HTTP/1.1" 200 38 23 Nacos-Java-Client:v1.0.0
127.0.0.1 - - [24/Oct/2019:15:15:05 +0800] "GET /nacos/v1/ns/service/list?pageSize=2147483647&groupName=DEFAULT_GROUP&encoding=UTF-8&namespaceId=a144e2c1-cdbd-4b1c-b32e-ac4e5fc970f3&pageNo=1 HTTP/1.1" 200 72 17 Nacos-Java-Client:v1.0.0
127.0.0.1 - - [24/Oct/2019:15:15:06 +0800] "GET /nacos/v1/ns/instance/list?healthyOnly=false&namespaceId=a144e2c1-cdbd-4b1c-b32e-ac4e5fc970f3&clientIP=192.168.100.1&serviceName=DEFAULT_GROUP%40%40framework-gateway&udpPort=53780&encoding=UTF-8 HTTP/1.1" 200 588 8 Nacos-Java-Client:v1.0.0
127.0.0.1 - - [24/Oct/2019:15:15:07 +0800] "GET /nacos/v1/ns/instance/list?healthyOnly=false&namespaceId=a144e2c1-cdbd-4b1c-b32e-ac4e5fc970f3&clientIP=192.168.100.1&serviceName=DEFAULT_GROUP%40%40framework-security&udpPort=53780&encoding=UTF-8 HTTP/1.1" 200 592 12 Nacos-Java-Client:v1.0.0
127.0.0.1 - - [24/Oct/2019:15:15:07 +0800] "GET /nacos/v1/ns/instance/list?healthyOnly=false&namespaceId=a144e2c1-cdbd-4b1c-b32e-ac4e5fc970f3&clientIP=192.168.100.1&serviceName=DEFAULT_GROUP%40%40framework-gateway&udpPort=49611&encoding=UTF-8 HTTP/1.1" 200 588 16 Nacos-Java-Client:v1.0.0
127.0.0.1 - - [24/Oct/2019:15:15:08 +0800] "GET /nacos/v1/ns/instance/list?healthyOnly=false&namespaceId=a144e2c1-cdbd-4b1c-b32e-ac4e5fc970f3&clientIP=192.168.100.1&serviceName=DEFAULT_GROUP%40%40framework-security&udpPort=49611&encoding=UTF-8 HTTP/1.1" 200 592 16 Nacos-Java-Client:v1.0.0
192.168.1.101 - - [24/Oct/2019:15:15:09 +0800] "GET /nacos/v1/cs/health HTTP/1.1" 200 2 16 Apache-HttpAsyncClient/4.1.3 (Java/1.8.0_152)
127.0.0.1 - - [24/Oct/2019:15:15:09 +0800] "PUT /nacos/v1/ns/instance/beat?beat=%7B%22cluster%22%3A%22DEFAULT%22%2C%22ip%22%3A%22192.168.1.101%22%2C%22metadata%22%3A%7B%22preserved.register.source%22%3A%22SPRING_CLOUD%22%7D%2C%22port%22%3A8001%2C%22scheduled%22%3Atrue%2C%22serviceName%22%3A%22DEFAULT_GROUP%40%40framework-security%22%2C%22weight%22%3A1.0%7D&serviceName=DEFAULT_GROUP%40%40framework-security&encoding=UTF-8&namespaceId=a144e2c1-cdbd-4b1c-b32e-ac4e5fc970f3 HTTP/1.1" 200 38 12 Nacos-Java-Client:v1.0.0
127.0.0.1 - - [24/Oct/2019:15:15:10 +0800] "PUT /nacos/v1/ns/instance/beat?beat=%7B%22cluster%22%3A%22DEFAULT%22%2C%22ip%22%3A%22192.168.1.101%22%2C%22metadata%22%3A%7B%22preserved.register.source%22%3A%22SPRING_CLOUD%22%7D%2C%22port%22%3A9999%2C%22scheduled%22%3Atrue%2C%22serviceName%22%3A%22DEFAULT_GROUP%40%40framework-gateway%22%2C%22weight%22%3A1.0%7D&serviceName=DEFAULT_GROUP%40%40framework-gateway&encoding=UTF-8&namespaceId=a144e2c1-cdbd-4b1c-b32e-ac4e5fc970f3 HTTP/1.1" 200 38 14 Nacos-Java-Client:v1.0.0
127.0.0.1 - - [24/Oct/2019:15:15:14 +0800] "POST /nacos/v1/cs/configs/listener HTTP/1.1" 200 - 29511 Java/1.8.0_152
192.168.1.101 - - [24/Oct/2019:15:15:14 +0800] "GET /nacos/v1/cs/health HTTP/1.1" 200 2 11 Apache-HttpAsyncClient/4.1.3 (Java/1.8.0_152)
127.0.0.1 - - [24/Oct/2019:15:15:14 +0800] "PUT /nacos/v1/ns/instance/beat?beat=%7B%22cluster%22%3A%22DEFAULT%22%2C%22ip%22%3A%22192.168.1.101%22%2C%22metadata%22%3A%7B%22preserved.register.source%22%3A%22SPRING_CLOUD%22%7D%2C%22port%22%3A8001%2C%22scheduled%22%3Atrue%2C%22serviceName%22%3A%22DEFAULT_GROUP%40%40framework-security%22%2C%22weight%22%3A1.0%7D&serviceName=DEFAULT_GROUP%40%40framework-security&encoding=UTF-8&namespaceId=a144e2c1-cdbd-4b1c-b32e-ac4e5fc970f3 HTTP/1.1" 200 38 18 Nacos-Java-Client:v1.0.0
127.0.0.1 - - [24/Oct/2019:15:15:15 +0800] "PUT /nacos/v1/ns/instance/beat?beat=%7B%22cluster%22%3A%22DEFAULT%22%2C%22ip%22%3A%22192.168.1.101%22%2C%22metadata%22%3A%7B%22preserved.register.source%22%3A%22SPRING_CLOUD%22%7D%2C%22port%22%3A9999%2C%22scheduled%22%3Atrue%2C%22serviceName%22%3A%22DEFAULT_GROUP%40%40framework-gateway%22%2C%22weight%22%3A1.0%7D&serviceName=DEFAULT_GROUP%40%40framework-gateway&encoding=UTF-8&namespaceId=a144e2c1-cdbd-4b1c-b32e-ac4e5fc970f3 HTTP/1.1" 200 38 37 Nacos-Java-Client:v1.0.0
127.0.0.1 - - [24/Oct/2019:15:15:16 +0800] "GET /nacos/v1/ns/instance/list?healthyOnly=false&namespaceId=a144e2c1-cdbd-4b1c-b32e-ac4e5fc970f3&clientIP=192.168.100.1&serviceName=DEFAULT_GROUP%40%40framework-gateway&udpPort=53780&encoding=UTF-8 HTTP/1.1" 200 588 36 Nacos-Java-Client:v1.0.0
127.0.0.1 - - [24/Oct/2019:15:15:17 +0800] "GET /nacos/v1/ns/instance/list?healthyOnly=false&namespaceId=a144e2c1-cdbd-4b1c-b32e-ac4e5fc970f3&clientIP=192.168.100.1&serviceName=DEFAULT_GROUP%40%40framework-security&udpPort=53780&encoding=UTF-8 HTTP/1.1" 200 592 10 Nacos-Java-Client:v1.0.0
127.0.0.1 - - [24/Oct/2019:15:15:17 +0800] "GET /nacos/v1/ns/service/list?pageSize=2147483647&groupName=DEFAULT_GROUP&encoding=UTF-8&namespaceId=a144e2c1-cdbd-4b1c-b32e-ac4e5fc970f3&pageNo=1 HTTP/1.1" 200 72 12 Nacos-Java-Client:v1.0.0
127.0.0.1 - - [24/Oct/2019:15:15:17 +0800] "GET /nacos/v1/ns/instance/list?healthyOnly=false&namespaceId=a144e2c1-cdbd-4b1c-b32e-ac4e5fc970f3&clientIP=192.168.100.1&serviceName=DEFAULT_GROUP%40%40framework-gateway&udpPort=49611&encoding=UTF-8 HTTP/1.1" 200 588 23 Nacos-Java-Client:v1.0.0
127.0.0.1 - - [24/Oct/2019:15:15:18 +0800] "GET /nacos/v1/ns/instance/list?healthyOnly=false&namespaceId=a144e2c1-cdbd-4b1c-b32e-ac4e5fc970f3&clientIP=192.168.100.1&serviceName=DEFAULT_GROUP%40%40framework-security&udpPort=49611&encoding=UTF-8 HTTP/1.1" 200 592 10 Nacos-Java-Client:v1.0.0
192.168.1.101 - - [24/Oct/2019:15:15:19 +0800] "GET /nacos/v1/cs/health HTTP/1.1" 200 2 25 Apache-HttpAsyncClient/4.1.3 (Java/1.8.0_152)
127.0.0.1 - - [24/Oct/2019:15:15:19 +0800] "PUT /nacos/v1/ns/instance/beat?beat=%7B%22cluster%22%3A%22DEFAULT%22%2C%22ip%22%3A%22192.168.1.101%22%2C%22metadata%22%3A%7B%22preserved.register.source%22%3A%22SPRING_CLOUD%22%7D%2C%22port%22%3A8001%2C%22scheduled%22%3Atrue%2C%22serviceName%22%3A%22DEFAULT_GROUP%40%40framework-security%22%2C%22weight%22%3A1.0%7D&serviceName=DEFAULT_GROUP%40%40framework-security&encoding=UTF-8&namespaceId=a144e2c1-cdbd-4b1c-b32e-ac4e5fc970f3 HTTP/1.1" 200 38 27 Nacos-Java-Client:v1.0.0
0:0:0:0:0:0:0:1 - - [24/Oct/2019:15:15:20 +0800] "POST /nacos/v1/cs/configs HTTP/1.1" 200 14 2185 Mozilla/5.0 (Windows NT 10.0; Win64; x64) AppleWebKit/537.36 (KHTML, like Gecko) Chrome/60.0.3103.0 Safari/537.36
192.168.1.101 - - [24/Oct/2019:15:15:20 +0800] "GET /nacos/v1/cs/communication/dataChange?dataId=framework-security.yml&group=DEFAULT_GROUP&tenant=a144e2c1-cdbd-4b1c-b32e-ac4e5fc970f3 HTTP/1.1" 200 14 70 Apache-HttpAsyncClient/4.1.3 (Java/1.8.0_152)
0:0:0:0:0:0:0:1 - - [24/Oct/2019:15:15:20 +0800] "GET /nacos/v1/cs/configs?dataId=framework-security.yml&group=DEFAULT_GROUP&namespaceId=a144e2c1-cdbd-4b1c-b32e-ac4e5fc970f3&tenant=a144e2c1-cdbd-4b1c-b32e-ac4e5fc970f3&show=all HTTP/1.1" 200 2657 325 Mozilla/5.0 (Windows NT 10.0; Win64; x64) AppleWebKit/537.36 (KHTML, like Gecko) Chrome/60.0.3103.0 Safari/537.36
127.0.0.1 - - [24/Oct/2019:15:15:20 +0800] "POST /nacos/v1/cs/configs/listener HTTP/1.1" 200 82 18160 Java/1.8.0_152
127.0.0.1 - - [24/Oct/2019:15:15:20 +0800] "GET /nacos/v1/cs/configs?dataId=framework-security.yml&group=DEFAULT_GROUP&tenant=a144e2c1-cdbd-4b1c-b32e-ac4e5fc970f3 HTTP/1.1" 200 2134 79 Java/1.8.0_152
127.0.0.1 - - [24/Oct/2019:15:15:20 +0800] "PUT /nacos/v1/ns/instance/beat?beat=%7B%22cluster%22%3A%22DEFAULT%22%2C%22ip%22%3A%22192.168.1.101%22%2C%22metadata%22%3A%7B%22preserved.register.source%22%3A%22SPRING_CLOUD%22%7D%2C%22port%22%3A9999%2C%22scheduled%22%3Atrue%2C%22serviceName%22%3A%22DEFAULT_GROUP%40%40framework-gateway%22%2C%22weight%22%3A1.0%7D&serviceName=DEFAULT_GROUP%40%40framework-gateway&encoding=UTF-8&namespaceId=a144e2c1-cdbd-4b1c-b32e-ac4e5fc970f3 HTTP/1.1" 200 38 20 Nacos-Java-Client:v1.0.0
192.168.1.101 - - [24/Oct/2019:15:15:24 +0800] "GET /nacos/v1/cs/health HTTP/1.1" 200 2 27 Apache-HttpAsyncClient/4.1.3 (Java/1.8.0_152)
127.0.0.1 - - [24/Oct/2019:15:15:24 +0800] "PUT /nacos/v1/ns/instance/beat?beat=%7B%22cluster%22%3A%22DEFAULT%22%2C%22ip%22%3A%22192.168.1.101%22%2C%22metadata%22%3A%7B%22preserved.register.source%22%3A%22SPRING_CLOUD%22%7D%2C%22port%22%3A8001%2C%22scheduled%22%3Atrue%2C%22serviceName%22%3A%22DEFAULT_GROUP%40%40framework-security%22%2C%22weight%22%3A1.0%7D&serviceName=DEFAULT_GROUP%40%40framework-security&encoding=UTF-8&namespaceId=a144e2c1-cdbd-4b1c-b32e-ac4e5fc970f3 HTTP/1.1" 200 38 29 Nacos-Java-Client:v1.0.0
127.0.0.1 - - [24/Oct/2019:15:15:25 +0800] "PUT /nacos/v1/ns/instance/beat?beat=%7B%22cluster%22%3A%22DEFAULT%22%2C%22ip%22%3A%22192.168.1.101%22%2C%22metadata%22%3A%7B%22preserved.register.source%22%3A%22SPRING_CLOUD%22%7D%2C%22port%22%3A9999%2C%22scheduled%22%3Atrue%2C%22serviceName%22%3A%22DEFAULT_GROUP%40%40framework-gateway%22%2C%22weight%22%3A1.0%7D&serviceName=DEFAULT_GROUP%40%40framework-gateway&encoding=UTF-8&namespaceId=a144e2c1-cdbd-4b1c-b32e-ac4e5fc970f3 HTTP/1.1" 200 38 21 Nacos-Java-Client:v1.0.0
127.0.0.1 - - [24/Oct/2019:15:15:26 +0800] "GET /nacos/v1/ns/instance/list?healthyOnly=false&namespaceId=a144e2c1-cdbd-4b1c-b32e-ac4e5fc970f3&clientIP=192.168.100.1&serviceName=DEFAULT_GROUP%40%40framework-gateway&udpPort=53780&encoding=UTF-8 HTTP/1.1" 200 588 35 Nacos-Java-Client:v1.0.0
127.0.0.1 - - [24/Oct/2019:15:15:27 +0800] "GET /nacos/v1/ns/instance/list?healthyOnly=false&namespaceId=a144e2c1-cdbd-4b1c-b32e-ac4e5fc970f3&clientIP=192.168.100.1&serviceName=DEFAULT_GROUP%40%40framework-security&udpPort=53780&encoding=UTF-8 HTTP/1.1" 200 592 15 Nacos-Java-Client:v1.0.0
127.0.0.1 - - [24/Oct/2019:15:15:27 +0800] "GET /nacos/v1/ns/instance/list?healthyOnly=false&namespaceId=a144e2c1-cdbd-4b1c-b32e-ac4e5fc970f3&clientIP=192.168.100.1&serviceName=DEFAULT_GROUP%40%40framework-gateway&udpPort=49611&encoding=UTF-8 HTTP/1.1" 200 588 16 Nacos-Java-Client:v1.0.0
127.0.0.1 - - [24/Oct/2019:15:15:28 +0800] "GET /nacos/v1/ns/instance/list?healthyOnly=false&namespaceId=a144e2c1-cdbd-4b1c-b32e-ac4e5fc970f3&clientIP=192.168.100.1&serviceName=DEFAULT_GROUP%40%40framework-security&udpPort=49611&encoding=UTF-8 HTTP/1.1" 200 592 11 Nacos-Java-Client:v1.0.0
192.168.1.101 - - [24/Oct/2019:15:15:29 +0800] "GET /nacos/v1/cs/health HTTP/1.1" 200 2 7 Apache-HttpAsyncClient/4.1.3 (Java/1.8.0_152)
127.0.0.1 - - [24/Oct/2019:15:15:29 +0800] "PUT /nacos/v1/ns/instance/beat?beat=%7B%22cluster%22%3A%22DEFAULT%22%2C%22ip%22%3A%22192.168.1.101%22%2C%22metadata%22%3A%7B%22preserved.register.source%22%3A%22SPRING_CLOUD%22%7D%2C%22port%22%3A8001%2C%22scheduled%22%3Atrue%2C%22serviceName%22%3A%22DEFAULT_GROUP%40%40framework-security%22%2C%22weight%22%3A1.0%7D&serviceName=DEFAULT_GROUP%40%40framework-security&encoding=UTF-8&namespaceId=a144e2c1-cdbd-4b1c-b32e-ac4e5fc970f3 HTTP/1.1" 200 38 8 Nacos-Java-Client:v1.0.0
127.0.0.1 - - [24/Oct/2019:15:15:30 +0800] "PUT /nacos/v1/ns/instance/beat?beat=%7B%22cluster%22%3A%22DEFAULT%22%2C%22ip%22%3A%22192.168.1.101%22%2C%22metadata%22%3A%7B%22preserved.register.source%22%3A%22SPRING_CLOUD%22%7D%2C%22port%22%3A9999%2C%22scheduled%22%3Atrue%2C%22serviceName%22%3A%22DEFAULT_GROUP%40%40framework-gateway%22%2C%22weight%22%3A1.0%7D&serviceName=DEFAULT_GROUP%40%40framework-gateway&encoding=UTF-8&namespaceId=a144e2c1-cdbd-4b1c-b32e-ac4e5fc970f3 HTTP/1.1" 200 38 20 Nacos-Java-Client:v1.0.0
127.0.0.1 - - [24/Oct/2019:15:15:31 +0800] "GET /nacos/v1/cs/configs?dataId=framework-security.yml&group=DEFAULT_GROUP&tenant=a144e2c1-cdbd-4b1c-b32e-ac4e5fc970f3 HTTP/1.1" 200 2134 15 Java/1.8.0_152
192.168.1.101 - - [24/Oct/2019:15:15:34 +0800] "GET /nacos/v1/cs/health HTTP/1.1" 200 2 4 Apache-HttpAsyncClient/4.1.3 (Java/1.8.0_152)
127.0.0.1 - - [24/Oct/2019:15:15:34 +0800] "PUT /nacos/v1/ns/instance/beat?beat=%7B%22cluster%22%3A%22DEFAULT%22%2C%22ip%22%3A%22192.168.1.101%22%2C%22metadata%22%3A%7B%22preserved.register.source%22%3A%22SPRING_CLOUD%22%7D%2C%22port%22%3A8001%2C%22scheduled%22%3Atrue%2C%22serviceName%22%3A%22DEFAULT_GROUP%40%40framework-security%22%2C%22weight%22%3A1.0%7D&serviceName=DEFAULT_GROUP%40%40framework-security&encoding=UTF-8&namespaceId=a144e2c1-cdbd-4b1c-b32e-ac4e5fc970f3 HTTP/1.1" 200 38 7 Nacos-Java-Client:v1.0.0
127.0.0.1 - - [24/Oct/2019:15:15:35 +0800] "PUT /nacos/v1/ns/instance/beat?beat=%7B%22cluster%22%3A%22DEFAULT%22%2C%22ip%22%3A%22192.168.1.101%22%2C%22metadata%22%3A%7B%22preserved.register.source%22%3A%22SPRING_CLOUD%22%7D%2C%22port%22%3A9999%2C%22scheduled%22%3Atrue%2C%22serviceName%22%3A%22DEFAULT_GROUP%40%40framework-gateway%22%2C%22weight%22%3A1.0%7D&serviceName=DEFAULT_GROUP%40%40framework-gateway&encoding=UTF-8&namespaceId=a144e2c1-cdbd-4b1c-b32e-ac4e5fc970f3 HTTP/1.1" 200 38 9 Nacos-Java-Client:v1.0.0
127.0.0.1 - - [24/Oct/2019:15:15:35 +0800] "GET /nacos/v1/ns/service/list?pageSize=2147483647&groupName=DEFAULT_GROUP&encoding=UTF-8&namespaceId=a144e2c1-cdbd-4b1c-b32e-ac4e5fc970f3&pageNo=1 HTTP/1.1" 200 72 15 Nacos-Java-Client:v1.0.0
127.0.0.1 - - [24/Oct/2019:15:15:36 +0800] "GET /nacos/v1/ns/instance/list?healthyOnly=false&namespaceId=a144e2c1-cdbd-4b1c-b32e-ac4e5fc970f3&clientIP=192.168.100.1&serviceName=DEFAULT_GROUP%40%40framework-gateway&udpPort=53780&encoding=UTF-8 HTTP/1.1" 200 588 11 Nacos-Java-Client:v1.0.0
127.0.0.1 - - [24/Oct/2019:15:15:37 +0800] "GET /nacos/v1/ns/instance/list?healthyOnly=false&namespaceId=a144e2c1-cdbd-4b1c-b32e-ac4e5fc970f3&clientIP=192.168.100.1&serviceName=DEFAULT_GROUP%40%40framework-security&udpPort=53780&encoding=UTF-8 HTTP/1.1" 200 592 9 Nacos-Java-Client:v1.0.0
127.0.0.1 - - [24/Oct/2019:15:15:37 +0800] "GET /nacos/v1/ns/instance/list?healthyOnly=false&namespaceId=a144e2c1-cdbd-4b1c-b32e-ac4e5fc970f3&clientIP=192.168.100.1&serviceName=DEFAULT_GROUP%40%40framework-gateway&udpPort=49611&encoding=UTF-8 HTTP/1.1" 200 588 9 Nacos-Java-Client:v1.0.0
127.0.0.1 - - [24/Oct/2019:15:15:38 +0800] "GET /nacos/v1/ns/instance/list?healthyOnly=false&namespaceId=a144e2c1-cdbd-4b1c-b32e-ac4e5fc970f3&clientIP=192.168.100.1&serviceName=DEFAULT_GROUP%40%40framework-security&udpPort=49611&encoding=UTF-8 HTTP/1.1" 200 592 8 Nacos-Java-Client:v1.0.0
192.168.1.101 - - [24/Oct/2019:15:15:39 +0800] "GET /nacos/v1/cs/health HTTP/1.1" 200 2 7 Apache-HttpAsyncClient/4.1.3 (Java/1.8.0_152)
127.0.0.1 - - [24/Oct/2019:15:15:39 +0800] "PUT /nacos/v1/ns/instance/beat?beat=%7B%22cluster%22%3A%22DEFAULT%22%2C%22ip%22%3A%22192.168.1.101%22%2C%22metadata%22%3A%7B%22preserved.register.source%22%3A%22SPRING_CLOUD%22%7D%2C%22port%22%3A8001%2C%22scheduled%22%3Atrue%2C%22serviceName%22%3A%22DEFAULT_GROUP%40%40framework-security%22%2C%22weight%22%3A1.0%7D&serviceName=DEFAULT_GROUP%40%40framework-security&encoding=UTF-8&namespaceId=a144e2c1-cdbd-4b1c-b32e-ac4e5fc970f3 HTTP/1.1" 200 38 19 Nacos-Java-Client:v1.0.0
127.0.0.1 - - [24/Oct/2019:15:15:40 +0800] "PUT /nacos/v1/ns/instance/beat?beat=%7B%22cluster%22%3A%22DEFAULT%22%2C%22ip%22%3A%22192.168.1.101%22%2C%22metadata%22%3A%7B%22preserved.register.source%22%3A%22SPRING_CLOUD%22%7D%2C%22port%22%3A9999%2C%22scheduled%22%3Atrue%2C%22serviceName%22%3A%22DEFAULT_GROUP%40%40framework-gateway%22%2C%22weight%22%3A1.0%7D&serviceName=DEFAULT_GROUP%40%40framework-gateway&encoding=UTF-8&namespaceId=a144e2c1-cdbd-4b1c-b32e-ac4e5fc970f3 HTTP/1.1" 200 38 16 Nacos-Java-Client:v1.0.0
127.0.0.1 - - [24/Oct/2019:15:15:43 +0800] "POST /nacos/v1/cs/configs/listener HTTP/1.1" 200 - 29507 Java/1.8.0_152
192.168.1.101 - - [24/Oct/2019:15:15:44 +0800] "GET /nacos/v1/cs/health HTTP/1.1" 200 2 6 Apache-HttpAsyncClient/4.1.3 (Java/1.8.0_152)
127.0.0.1 - - [24/Oct/2019:15:15:44 +0800] "PUT /nacos/v1/ns/instance/beat?beat=%7B%22cluster%22%3A%22DEFAULT%22%2C%22ip%22%3A%22192.168.1.101%22%2C%22metadata%22%3A%7B%22preserved.register.source%22%3A%22SPRING_CLOUD%22%7D%2C%22port%22%3A8001%2C%22scheduled%22%3Atrue%2C%22serviceName%22%3A%22DEFAULT_GROUP%40%40framework-security%22%2C%22weight%22%3A1.0%7D&serviceName=DEFAULT_GROUP%40%40framework-security&encoding=UTF-8&namespaceId=a144e2c1-cdbd-4b1c-b32e-ac4e5fc970f3 HTTP/1.1" 200 38 9 Nacos-Java-Client:v1.0.0
127.0.0.1 - - [24/Oct/2019:15:15:45 +0800] "PUT /nacos/v1/ns/instance/beat?beat=%7B%22cluster%22%3A%22DEFAULT%22%2C%22ip%22%3A%22192.168.1.101%22%2C%22metadata%22%3A%7B%22preserved.register.source%22%3A%22SPRING_CLOUD%22%7D%2C%22port%22%3A9999%2C%22scheduled%22%3Atrue%2C%22serviceName%22%3A%22DEFAULT_GROUP%40%40framework-gateway%22%2C%22weight%22%3A1.0%7D&serviceName=DEFAULT_GROUP%40%40framework-gateway&encoding=UTF-8&namespaceId=a144e2c1-cdbd-4b1c-b32e-ac4e5fc970f3 HTTP/1.1" 200 38 29 Nacos-Java-Client:v1.0.0
127.0.0.1 - - [24/Oct/2019:15:15:46 +0800] "GET /nacos/v1/ns/instance/list?healthyOnly=false&namespaceId=a144e2c1-cdbd-4b1c-b32e-ac4e5fc970f3&clientIP=192.168.100.1&serviceName=DEFAULT_GROUP%40%40framework-gateway&udpPort=53780&encoding=UTF-8 HTTP/1.1" 200 588 13 Nacos-Java-Client:v1.0.0
127.0.0.1 - - [24/Oct/2019:15:15:47 +0800] "GET /nacos/v1/ns/instance/list?healthyOnly=false&namespaceId=a144e2c1-cdbd-4b1c-b32e-ac4e5fc970f3&clientIP=192.168.100.1&serviceName=DEFAULT_GROUP%40%40framework-security&udpPort=53780&encoding=UTF-8 HTTP/1.1" 200 592 39 Nacos-Java-Client:v1.0.0
127.0.0.1 - - [24/Oct/2019:15:15:47 +0800] "GET /nacos/v1/ns/service/list?pageSize=2147483647&groupName=DEFAULT_GROUP&encoding=UTF-8&namespaceId=a144e2c1-cdbd-4b1c-b32e-ac4e5fc970f3&pageNo=1 HTTP/1.1" 200 72 60 Nacos-Java-Client:v1.0.0
127.0.0.1 - - [24/Oct/2019:15:15:47 +0800] "GET /nacos/v1/ns/instance/list?healthyOnly=false&namespaceId=a144e2c1-cdbd-4b1c-b32e-ac4e5fc970f3&clientIP=192.168.100.1&serviceName=DEFAULT_GROUP%40%40framework-gateway&udpPort=49611&encoding=UTF-8 HTTP/1.1" 200 588 14 Nacos-Java-Client:v1.0.0
127.0.0.1 - - [24/Oct/2019:15:15:49 +0800] "GET /nacos/v1/ns/instance/list?healthyOnly=false&namespaceId=a144e2c1-cdbd-4b1c-b32e-ac4e5fc970f3&clientIP=192.168.100.1&serviceName=DEFAULT_GROUP%40%40framework-security&udpPort=49611&encoding=UTF-8 HTTP/1.1" 200 592 7 Nacos-Java-Client:v1.0.0
192.168.1.101 - - [24/Oct/2019:15:15:50 +0800] "GET /nacos/v1/cs/health HTTP/1.1" 200 2 188 Apache-HttpAsyncClient/4.1.3 (Java/1.8.0_152)
127.0.0.1 - - [24/Oct/2019:15:15:50 +0800] "PUT /nacos/v1/ns/instance/beat?beat=%7B%22cluster%22%3A%22DEFAULT%22%2C%22ip%22%3A%22192.168.1.101%22%2C%22metadata%22%3A%7B%22preserved.register.source%22%3A%22SPRING_CLOUD%22%7D%2C%22port%22%3A8001%2C%22scheduled%22%3Atrue%2C%22serviceName%22%3A%22DEFAULT_GROUP%40%40framework-security%22%2C%22weight%22%3A1.0%7D&serviceName=DEFAULT_GROUP%40%40framework-security&encoding=UTF-8&namespaceId=a144e2c1-cdbd-4b1c-b32e-ac4e5fc970f3 HTTP/1.1" 200 38 24 Nacos-Java-Client:v1.0.0
127.0.0.1 - - [24/Oct/2019:15:15:51 +0800] "PUT /nacos/v1/ns/instance/beat?beat=%7B%22cluster%22%3A%22DEFAULT%22%2C%22ip%22%3A%22192.168.1.101%22%2C%22metadata%22%3A%7B%22preserved.register.source%22%3A%22SPRING_CLOUD%22%7D%2C%22port%22%3A9999%2C%22scheduled%22%3Atrue%2C%22serviceName%22%3A%22DEFAULT_GROUP%40%40framework-gateway%22%2C%22weight%22%3A1.0%7D&serviceName=DEFAULT_GROUP%40%40framework-gateway&encoding=UTF-8&namespaceId=a144e2c1-cdbd-4b1c-b32e-ac4e5fc970f3 HTTP/1.1" 200 38 87 Nacos-Java-Client:v1.0.0
127.0.0.1 - - [24/Oct/2019:15:15:55 +0800] "PUT /nacos/v1/ns/instance/beat?beat=%7B%22cluster%22%3A%22DEFAULT%22%2C%22ip%22%3A%22192.168.1.101%22%2C%22metadata%22%3A%7B%22preserved.register.source%22%3A%22SPRING_CLOUD%22%7D%2C%22port%22%3A8001%2C%22scheduled%22%3Atrue%2C%22serviceName%22%3A%22DEFAULT_GROUP%40%40framework-security%22%2C%22weight%22%3A1.0%7D&serviceName=DEFAULT_GROUP%40%40framework-security&encoding=UTF-8&namespaceId=a144e2c1-cdbd-4b1c-b32e-ac4e5fc970f3 HTTP/1.1" 200 38 9 Nacos-Java-Client:v1.0.0
192.168.1.101 - - [24/Oct/2019:15:15:55 +0800] "GET /nacos/v1/cs/health HTTP/1.1" 200 2 9 Apache-HttpAsyncClient/4.1.3 (Java/1.8.0_152)
127.0.0.1 - - [24/Oct/2019:15:15:56 +0800] "PUT /nacos/v1/ns/instance/beat?beat=%7B%22cluster%22%3A%22DEFAULT%22%2C%22ip%22%3A%22192.168.1.101%22%2C%22metadata%22%3A%7B%22preserved.register.source%22%3A%22SPRING_CLOUD%22%7D%2C%22port%22%3A9999%2C%22scheduled%22%3Atrue%2C%22serviceName%22%3A%22DEFAULT_GROUP%40%40framework-gateway%22%2C%22weight%22%3A1.0%7D&serviceName=DEFAULT_GROUP%40%40framework-gateway&encoding=UTF-8&namespaceId=a144e2c1-cdbd-4b1c-b32e-ac4e5fc970f3 HTTP/1.1" 200 38 27 Nacos-Java-Client:v1.0.0
127.0.0.1 - - [24/Oct/2019:15:15:56 +0800] "GET /nacos/v1/ns/instance/list?healthyOnly=false&namespaceId=a144e2c1-cdbd-4b1c-b32e-ac4e5fc970f3&clientIP=192.168.100.1&serviceName=DEFAULT_GROUP%40%40framework-gateway&udpPort=53780&encoding=UTF-8 HTTP/1.1" 200 588 24 Nacos-Java-Client:v1.0.0
127.0.0.1 - - [24/Oct/2019:15:15:57 +0800] "GET /nacos/v1/ns/instance/list?healthyOnly=false&namespaceId=a144e2c1-cdbd-4b1c-b32e-ac4e5fc970f3&clientIP=192.168.100.1&serviceName=DEFAULT_GROUP%40%40framework-security&udpPort=53780&encoding=UTF-8 HTTP/1.1" 200 592 18 Nacos-Java-Client:v1.0.0
127.0.0.1 - - [24/Oct/2019:15:15:57 +0800] "GET /nacos/v1/ns/instance/list?healthyOnly=false&namespaceId=a144e2c1-cdbd-4b1c-b32e-ac4e5fc970f3&clientIP=192.168.100.1&serviceName=DEFAULT_GROUP%40%40framework-gateway&udpPort=49611&encoding=UTF-8 HTTP/1.1" 200 588 15 Nacos-Java-Client:v1.0.0
127.0.0.1 - - [24/Oct/2019:15:15:59 +0800] "GET /nacos/v1/ns/instance/list?healthyOnly=false&namespaceId=a144e2c1-cdbd-4b1c-b32e-ac4e5fc970f3&clientIP=192.168.100.1&serviceName=DEFAULT_GROUP%40%40framework-security&udpPort=49611&encoding=UTF-8 HTTP/1.1" 200 592 12 Nacos-Java-Client:v1.0.0
