192.168.1.109 - - [10/Oct/2019:20:50:02 +0800] "GET /nacos/v1/cs/health HTTP/1.1" 200 2 10 Apache-HttpAsyncClient/4.1.3 (Java/1.8.0_152)
192.168.1.109 - - [10/Oct/2019:20:50:07 +0800] "GET /nacos/v1/cs/health HTTP/1.1" 200 2 7 Apache-HttpAsyncClient/4.1.3 (Java/1.8.0_152)
192.168.1.109 - - [10/Oct/2019:20:50:12 +0800] "GET /nacos/v1/cs/health HTTP/1.1" 200 2 9 Apache-HttpAsyncClient/4.1.3 (Java/1.8.0_152)
192.168.1.109 - - [10/Oct/2019:20:50:17 +0800] "GET /nacos/v1/cs/health HTTP/1.1" 200 2 11 Apache-HttpAsyncClient/4.1.3 (Java/1.8.0_152)
192.168.1.109 - - [10/Oct/2019:20:50:22 +0800] "GET /nacos/v1/cs/health HTTP/1.1" 200 2 7 Apache-HttpAsyncClient/4.1.3 (Java/1.8.0_152)
192.168.1.109 - - [10/Oct/2019:20:50:27 +0800] "GET /nacos/v1/cs/health HTTP/1.1" 200 2 53 Apache-HttpAsyncClient/4.1.3 (Java/1.8.0_152)
192.168.1.109 - - [10/Oct/2019:20:50:32 +0800] "GET /nacos/v1/cs/health HTTP/1.1" 200 2 8 Apache-HttpAsyncClient/4.1.3 (Java/1.8.0_152)
192.168.1.109 - - [10/Oct/2019:20:50:37 +0800] "GET /nacos/v1/cs/health HTTP/1.1" 200 2 6 Apache-HttpAsyncClient/4.1.3 (Java/1.8.0_152)
192.168.1.109 - - [10/Oct/2019:20:50:42 +0800] "GET /nacos/v1/cs/health HTTP/1.1" 200 2 12 Apache-HttpAsyncClient/4.1.3 (Java/1.8.0_152)
192.168.1.109 - - [10/Oct/2019:20:50:47 +0800] "GET /nacos/v1/cs/health HTTP/1.1" 200 2 2 Apache-HttpAsyncClient/4.1.3 (Java/1.8.0_152)
192.168.1.109 - - [10/Oct/2019:20:50:52 +0800] "GET /nacos/v1/cs/health HTTP/1.1" 200 2 8 Apache-HttpAsyncClient/4.1.3 (Java/1.8.0_152)
192.168.1.109 - - [10/Oct/2019:20:50:57 +0800] "GET /nacos/v1/cs/health HTTP/1.1" 200 2 9 Apache-HttpAsyncClient/4.1.3 (Java/1.8.0_152)
192.168.1.109 - - [10/Oct/2019:20:51:02 +0800] "GET /nacos/v1/cs/health HTTP/1.1" 200 2 7 Apache-HttpAsyncClient/4.1.3 (Java/1.8.0_152)
192.168.1.109 - - [10/Oct/2019:20:51:07 +0800] "GET /nacos/v1/cs/health HTTP/1.1" 200 2 10 Apache-HttpAsyncClient/4.1.3 (Java/1.8.0_152)
192.168.1.109 - - [10/Oct/2019:20:51:12 +0800] "GET /nacos/v1/cs/health HTTP/1.1" 200 2 9 Apache-HttpAsyncClient/4.1.3 (Java/1.8.0_152)
192.168.1.109 - - [10/Oct/2019:20:51:17 +0800] "GET /nacos/v1/cs/health HTTP/1.1" 200 2 5 Apache-HttpAsyncClient/4.1.3 (Java/1.8.0_152)
192.168.1.109 - - [10/Oct/2019:20:51:22 +0800] "GET /nacos/v1/cs/health HTTP/1.1" 200 2 7 Apache-HttpAsyncClient/4.1.3 (Java/1.8.0_152)
192.168.1.109 - - [10/Oct/2019:20:51:27 +0800] "GET /nacos/v1/cs/health HTTP/1.1" 200 2 9 Apache-HttpAsyncClient/4.1.3 (Java/1.8.0_152)
192.168.1.109 - - [10/Oct/2019:20:51:32 +0800] "GET /nacos/v1/cs/health HTTP/1.1" 200 2 7 Apache-HttpAsyncClient/4.1.3 (Java/1.8.0_152)
192.168.1.109 - - [10/Oct/2019:20:51:37 +0800] "GET /nacos/v1/cs/health HTTP/1.1" 200 2 11 Apache-HttpAsyncClient/4.1.3 (Java/1.8.0_152)
192.168.1.109 - - [10/Oct/2019:20:51:42 +0800] "GET /nacos/v1/cs/health HTTP/1.1" 200 2 16 Apache-HttpAsyncClient/4.1.3 (Java/1.8.0_152)
192.168.1.109 - - [10/Oct/2019:20:51:47 +0800] "GET /nacos/v1/cs/health HTTP/1.1" 200 2 11 Apache-HttpAsyncClient/4.1.3 (Java/1.8.0_152)
192.168.1.109 - - [10/Oct/2019:20:51:52 +0800] "GET /nacos/v1/cs/health HTTP/1.1" 200 2 7 Apache-HttpAsyncClient/4.1.3 (Java/1.8.0_152)
192.168.1.109 - - [10/Oct/2019:20:51:57 +0800] "GET /nacos/v1/cs/health HTTP/1.1" 200 2 6 Apache-HttpAsyncClient/4.1.3 (Java/1.8.0_152)
192.168.1.109 - - [10/Oct/2019:20:52:02 +0800] "GET /nacos/v1/cs/health HTTP/1.1" 200 2 9 Apache-HttpAsyncClient/4.1.3 (Java/1.8.0_152)
192.168.1.109 - - [10/Oct/2019:20:52:07 +0800] "GET /nacos/v1/cs/health HTTP/1.1" 200 2 10 Apache-HttpAsyncClient/4.1.3 (Java/1.8.0_152)
192.168.1.109 - - [10/Oct/2019:20:52:12 +0800] "GET /nacos/v1/cs/health HTTP/1.1" 200 2 6 Apache-HttpAsyncClient/4.1.3 (Java/1.8.0_152)
192.168.1.109 - - [10/Oct/2019:20:52:17 +0800] "GET /nacos/v1/cs/health HTTP/1.1" 200 2 14 Apache-HttpAsyncClient/4.1.3 (Java/1.8.0_152)
192.168.1.109 - - [10/Oct/2019:20:52:22 +0800] "GET /nacos/v1/cs/health HTTP/1.1" 200 2 11 Apache-HttpAsyncClient/4.1.3 (Java/1.8.0_152)
192.168.1.109 - - [10/Oct/2019:20:52:27 +0800] "GET /nacos/v1/cs/health HTTP/1.1" 200 2 4 Apache-HttpAsyncClient/4.1.3 (Java/1.8.0_152)
192.168.1.109 - - [10/Oct/2019:20:52:32 +0800] "GET /nacos/v1/cs/health HTTP/1.1" 200 2 8 Apache-HttpAsyncClient/4.1.3 (Java/1.8.0_152)
192.168.1.109 - - [10/Oct/2019:20:52:37 +0800] "GET /nacos/v1/cs/health HTTP/1.1" 200 2 8 Apache-HttpAsyncClient/4.1.3 (Java/1.8.0_152)
192.168.1.109 - - [10/Oct/2019:20:52:42 +0800] "GET /nacos/v1/cs/health HTTP/1.1" 200 2 11 Apache-HttpAsyncClient/4.1.3 (Java/1.8.0_152)
192.168.1.109 - - [10/Oct/2019:20:52:47 +0800] "GET /nacos/v1/cs/health HTTP/1.1" 200 2 7 Apache-HttpAsyncClient/4.1.3 (Java/1.8.0_152)
192.168.1.109 - - [10/Oct/2019:20:52:52 +0800] "GET /nacos/v1/cs/health HTTP/1.1" 200 2 15 Apache-HttpAsyncClient/4.1.3 (Java/1.8.0_152)
192.168.1.109 - - [10/Oct/2019:20:52:57 +0800] "GET /nacos/v1/cs/health HTTP/1.1" 200 2 13 Apache-HttpAsyncClient/4.1.3 (Java/1.8.0_152)
192.168.1.109 - - [10/Oct/2019:20:53:02 +0800] "GET /nacos/v1/cs/health HTTP/1.1" 200 2 8 Apache-HttpAsyncClient/4.1.3 (Java/1.8.0_152)
192.168.1.109 - - [10/Oct/2019:20:53:07 +0800] "GET /nacos/v1/cs/health HTTP/1.1" 200 2 21 Apache-HttpAsyncClient/4.1.3 (Java/1.8.0_152)
192.168.1.109 - - [10/Oct/2019:20:53:12 +0800] "GET /nacos/v1/cs/health HTTP/1.1" 200 2 9 Apache-HttpAsyncClient/4.1.3 (Java/1.8.0_152)
192.168.1.109 - - [10/Oct/2019:20:53:17 +0800] "GET /nacos/v1/cs/health HTTP/1.1" 200 2 8 Apache-HttpAsyncClient/4.1.3 (Java/1.8.0_152)
192.168.1.109 - - [10/Oct/2019:20:53:22 +0800] "GET /nacos/v1/cs/health HTTP/1.1" 200 2 4 Apache-HttpAsyncClient/4.1.3 (Java/1.8.0_152)
192.168.1.109 - - [10/Oct/2019:20:53:27 +0800] "GET /nacos/v1/cs/health HTTP/1.1" 200 2 8 Apache-HttpAsyncClient/4.1.3 (Java/1.8.0_152)
192.168.1.109 - - [10/Oct/2019:20:53:32 +0800] "GET /nacos/v1/cs/health HTTP/1.1" 200 2 9 Apache-HttpAsyncClient/4.1.3 (Java/1.8.0_152)
192.168.1.109 - - [10/Oct/2019:20:53:37 +0800] "GET /nacos/v1/cs/health HTTP/1.1" 200 2 6 Apache-HttpAsyncClient/4.1.3 (Java/1.8.0_152)
192.168.1.109 - - [10/Oct/2019:20:53:42 +0800] "GET /nacos/v1/cs/health HTTP/1.1" 200 2 12 Apache-HttpAsyncClient/4.1.3 (Java/1.8.0_152)
192.168.1.109 - - [10/Oct/2019:20:53:47 +0800] "GET /nacos/v1/cs/health HTTP/1.1" 200 2 8 Apache-HttpAsyncClient/4.1.3 (Java/1.8.0_152)
192.168.1.109 - - [10/Oct/2019:20:53:52 +0800] "GET /nacos/v1/cs/health HTTP/1.1" 200 2 5 Apache-HttpAsyncClient/4.1.3 (Java/1.8.0_152)
192.168.1.109 - - [10/Oct/2019:20:53:57 +0800] "GET /nacos/v1/cs/health HTTP/1.1" 200 2 10 Apache-HttpAsyncClient/4.1.3 (Java/1.8.0_152)
192.168.1.109 - - [10/Oct/2019:20:54:02 +0800] "GET /nacos/v1/cs/health HTTP/1.1" 200 2 10 Apache-HttpAsyncClient/4.1.3 (Java/1.8.0_152)
192.168.1.109 - - [10/Oct/2019:20:54:07 +0800] "GET /nacos/v1/cs/health HTTP/1.1" 200 2 7 Apache-HttpAsyncClient/4.1.3 (Java/1.8.0_152)
192.168.1.109 - - [10/Oct/2019:20:54:12 +0800] "GET /nacos/v1/cs/health HTTP/1.1" 200 2 12 Apache-HttpAsyncClient/4.1.3 (Java/1.8.0_152)
192.168.1.109 - - [10/Oct/2019:20:54:17 +0800] "GET /nacos/v1/cs/health HTTP/1.1" 200 2 14 Apache-HttpAsyncClient/4.1.3 (Java/1.8.0_152)
192.168.1.109 - - [10/Oct/2019:20:54:22 +0800] "GET /nacos/v1/cs/health HTTP/1.1" 200 2 8 Apache-HttpAsyncClient/4.1.3 (Java/1.8.0_152)
192.168.1.109 - - [10/Oct/2019:20:54:27 +0800] "GET /nacos/v1/cs/health HTTP/1.1" 200 2 11 Apache-HttpAsyncClient/4.1.3 (Java/1.8.0_152)
192.168.1.109 - - [10/Oct/2019:20:54:32 +0800] "GET /nacos/v1/cs/health HTTP/1.1" 200 2 14 Apache-HttpAsyncClient/4.1.3 (Java/1.8.0_152)
192.168.1.109 - - [10/Oct/2019:20:54:37 +0800] "GET /nacos/v1/cs/health HTTP/1.1" 200 2 5 Apache-HttpAsyncClient/4.1.3 (Java/1.8.0_152)
192.168.1.109 - - [10/Oct/2019:20:54:42 +0800] "GET /nacos/v1/cs/health HTTP/1.1" 200 2 4 Apache-HttpAsyncClient/4.1.3 (Java/1.8.0_152)
192.168.1.109 - - [10/Oct/2019:20:54:47 +0800] "GET /nacos/v1/cs/health HTTP/1.1" 200 2 3 Apache-HttpAsyncClient/4.1.3 (Java/1.8.0_152)
192.168.1.109 - - [10/Oct/2019:20:54:52 +0800] "GET /nacos/v1/cs/health HTTP/1.1" 200 2 29 Apache-HttpAsyncClient/4.1.3 (Java/1.8.0_152)
192.168.1.109 - - [10/Oct/2019:20:54:57 +0800] "GET /nacos/v1/cs/health HTTP/1.1" 200 2 6 Apache-HttpAsyncClient/4.1.3 (Java/1.8.0_152)
192.168.1.109 - - [10/Oct/2019:20:55:02 +0800] "GET /nacos/v1/cs/health HTTP/1.1" 200 2 6 Apache-HttpAsyncClient/4.1.3 (Java/1.8.0_152)
192.168.1.109 - - [10/Oct/2019:20:55:07 +0800] "GET /nacos/v1/cs/health HTTP/1.1" 200 2 7 Apache-HttpAsyncClient/4.1.3 (Java/1.8.0_152)
192.168.1.109 - - [10/Oct/2019:20:55:12 +0800] "GET /nacos/v1/cs/health HTTP/1.1" 200 2 8 Apache-HttpAsyncClient/4.1.3 (Java/1.8.0_152)
192.168.1.109 - - [10/Oct/2019:20:55:17 +0800] "GET /nacos/v1/cs/health HTTP/1.1" 200 2 10 Apache-HttpAsyncClient/4.1.3 (Java/1.8.0_152)
192.168.1.109 - - [10/Oct/2019:20:55:22 +0800] "GET /nacos/v1/cs/health HTTP/1.1" 200 2 6 Apache-HttpAsyncClient/4.1.3 (Java/1.8.0_152)
192.168.1.109 - - [10/Oct/2019:20:55:27 +0800] "GET /nacos/v1/cs/health HTTP/1.1" 200 2 12 Apache-HttpAsyncClient/4.1.3 (Java/1.8.0_152)
192.168.1.109 - - [10/Oct/2019:20:55:32 +0800] "GET /nacos/v1/cs/health HTTP/1.1" 200 2 7 Apache-HttpAsyncClient/4.1.3 (Java/1.8.0_152)
192.168.1.109 - - [10/Oct/2019:20:55:37 +0800] "GET /nacos/v1/cs/health HTTP/1.1" 200 2 7 Apache-HttpAsyncClient/4.1.3 (Java/1.8.0_152)
192.168.1.109 - - [10/Oct/2019:20:55:42 +0800] "GET /nacos/v1/cs/health HTTP/1.1" 200 2 3 Apache-HttpAsyncClient/4.1.3 (Java/1.8.0_152)
192.168.1.109 - - [10/Oct/2019:20:55:47 +0800] "GET /nacos/v1/cs/health HTTP/1.1" 200 2 6 Apache-HttpAsyncClient/4.1.3 (Java/1.8.0_152)
192.168.1.109 - - [10/Oct/2019:20:55:52 +0800] "GET /nacos/v1/cs/health HTTP/1.1" 200 2 6 Apache-HttpAsyncClient/4.1.3 (Java/1.8.0_152)
192.168.1.109 - - [10/Oct/2019:20:55:57 +0800] "GET /nacos/v1/cs/health HTTP/1.1" 200 2 3 Apache-HttpAsyncClient/4.1.3 (Java/1.8.0_152)
192.168.1.109 - - [10/Oct/2019:20:56:02 +0800] "GET /nacos/v1/cs/health HTTP/1.1" 200 2 7 Apache-HttpAsyncClient/4.1.3 (Java/1.8.0_152)
192.168.1.109 - - [10/Oct/2019:20:56:07 +0800] "GET /nacos/v1/cs/health HTTP/1.1" 200 2 5 Apache-HttpAsyncClient/4.1.3 (Java/1.8.0_152)
192.168.1.109 - - [10/Oct/2019:20:56:12 +0800] "GET /nacos/v1/cs/health HTTP/1.1" 200 2 3 Apache-HttpAsyncClient/4.1.3 (Java/1.8.0_152)
192.168.1.109 - - [10/Oct/2019:20:56:17 +0800] "GET /nacos/v1/cs/health HTTP/1.1" 200 2 3 Apache-HttpAsyncClient/4.1.3 (Java/1.8.0_152)
192.168.1.109 - - [10/Oct/2019:20:56:22 +0800] "GET /nacos/v1/cs/health HTTP/1.1" 200 2 3 Apache-HttpAsyncClient/4.1.3 (Java/1.8.0_152)
192.168.1.109 - - [10/Oct/2019:20:56:27 +0800] "GET /nacos/v1/cs/health HTTP/1.1" 200 2 5 Apache-HttpAsyncClient/4.1.3 (Java/1.8.0_152)
192.168.1.109 - - [10/Oct/2019:20:56:32 +0800] "GET /nacos/v1/cs/health HTTP/1.1" 200 2 3 Apache-HttpAsyncClient/4.1.3 (Java/1.8.0_152)
192.168.1.109 - - [10/Oct/2019:20:56:37 +0800] "GET /nacos/v1/cs/health HTTP/1.1" 200 2 5 Apache-HttpAsyncClient/4.1.3 (Java/1.8.0_152)
192.168.1.109 - - [10/Oct/2019:20:56:42 +0800] "GET /nacos/v1/cs/health HTTP/1.1" 200 2 9 Apache-HttpAsyncClient/4.1.3 (Java/1.8.0_152)
192.168.1.109 - - [10/Oct/2019:20:56:48 +0800] "GET /nacos/v1/cs/health HTTP/1.1" 200 2 5 Apache-HttpAsyncClient/4.1.3 (Java/1.8.0_152)
192.168.1.109 - - [10/Oct/2019:20:56:53 +0800] "GET /nacos/v1/cs/health HTTP/1.1" 200 2 6 Apache-HttpAsyncClient/4.1.3 (Java/1.8.0_152)
192.168.1.109 - - [10/Oct/2019:20:56:58 +0800] "GET /nacos/v1/cs/health HTTP/1.1" 200 2 116 Apache-HttpAsyncClient/4.1.3 (Java/1.8.0_152)
192.168.1.109 - - [10/Oct/2019:20:57:03 +0800] "GET /nacos/v1/cs/health HTTP/1.1" 200 2 149 Apache-HttpAsyncClient/4.1.3 (Java/1.8.0_152)
192.168.1.109 - - [10/Oct/2019:20:57:09 +0800] "GET /nacos/v1/cs/health HTTP/1.1" 200 2 11 Apache-HttpAsyncClient/4.1.3 (Java/1.8.0_152)
192.168.1.109 - - [10/Oct/2019:20:57:14 +0800] "GET /nacos/v1/cs/health HTTP/1.1" 200 2 7 Apache-HttpAsyncClient/4.1.3 (Java/1.8.0_152)
192.168.1.109 - - [10/Oct/2019:20:57:19 +0800] "GET /nacos/v1/cs/health HTTP/1.1" 200 2 2 Apache-HttpAsyncClient/4.1.3 (Java/1.8.0_152)
192.168.1.109 - - [10/Oct/2019:20:57:24 +0800] "GET /nacos/v1/cs/health HTTP/1.1" 200 2 3 Apache-HttpAsyncClient/4.1.3 (Java/1.8.0_152)
192.168.1.109 - - [10/Oct/2019:20:57:29 +0800] "GET /nacos/v1/cs/health HTTP/1.1" 200 2 30 Apache-HttpAsyncClient/4.1.3 (Java/1.8.0_152)
192.168.1.109 - - [10/Oct/2019:20:57:34 +0800] "GET /nacos/v1/cs/health HTTP/1.1" 200 2 14 Apache-HttpAsyncClient/4.1.3 (Java/1.8.0_152)
192.168.1.109 - - [10/Oct/2019:20:57:39 +0800] "GET /nacos/v1/cs/health HTTP/1.1" 200 2 4 Apache-HttpAsyncClient/4.1.3 (Java/1.8.0_152)
192.168.1.109 - - [10/Oct/2019:20:57:44 +0800] "GET /nacos/v1/cs/health HTTP/1.1" 200 2 4 Apache-HttpAsyncClient/4.1.3 (Java/1.8.0_152)
192.168.1.109 - - [10/Oct/2019:20:57:49 +0800] "GET /nacos/v1/cs/health HTTP/1.1" 200 2 3 Apache-HttpAsyncClient/4.1.3 (Java/1.8.0_152)
192.168.1.109 - - [10/Oct/2019:20:57:54 +0800] "GET /nacos/v1/cs/health HTTP/1.1" 200 2 5 Apache-HttpAsyncClient/4.1.3 (Java/1.8.0_152)
192.168.1.109 - - [10/Oct/2019:20:57:59 +0800] "GET /nacos/v1/cs/health HTTP/1.1" 200 2 6 Apache-HttpAsyncClient/4.1.3 (Java/1.8.0_152)
192.168.1.109 - - [10/Oct/2019:20:58:04 +0800] "GET /nacos/v1/cs/health HTTP/1.1" 200 2 6 Apache-HttpAsyncClient/4.1.3 (Java/1.8.0_152)
192.168.1.109 - - [10/Oct/2019:20:58:09 +0800] "GET /nacos/v1/cs/health HTTP/1.1" 200 2 3 Apache-HttpAsyncClient/4.1.3 (Java/1.8.0_152)
192.168.1.109 - - [10/Oct/2019:20:58:14 +0800] "GET /nacos/v1/cs/health HTTP/1.1" 200 2 10 Apache-HttpAsyncClient/4.1.3 (Java/1.8.0_152)
192.168.1.109 - - [10/Oct/2019:20:58:19 +0800] "GET /nacos/v1/cs/health HTTP/1.1" 200 2 6 Apache-HttpAsyncClient/4.1.3 (Java/1.8.0_152)
192.168.1.109 - - [10/Oct/2019:20:58:24 +0800] "GET /nacos/v1/cs/health HTTP/1.1" 200 2 264 Apache-HttpAsyncClient/4.1.3 (Java/1.8.0_152)
192.168.1.109 - - [10/Oct/2019:20:58:29 +0800] "GET /nacos/v1/cs/health HTTP/1.1" 200 2 7 Apache-HttpAsyncClient/4.1.3 (Java/1.8.0_152)
192.168.1.109 - - [10/Oct/2019:20:58:34 +0800] "GET /nacos/v1/cs/health HTTP/1.1" 200 2 13 Apache-HttpAsyncClient/4.1.3 (Java/1.8.0_152)
192.168.1.109 - - [10/Oct/2019:20:58:39 +0800] "GET /nacos/v1/cs/health HTTP/1.1" 200 2 11 Apache-HttpAsyncClient/4.1.3 (Java/1.8.0_152)
192.168.1.109 - - [10/Oct/2019:20:58:44 +0800] "GET /nacos/v1/cs/health HTTP/1.1" 200 2 8 Apache-HttpAsyncClient/4.1.3 (Java/1.8.0_152)
192.168.1.109 - - [10/Oct/2019:20:58:49 +0800] "GET /nacos/v1/cs/health HTTP/1.1" 200 2 13 Apache-HttpAsyncClient/4.1.3 (Java/1.8.0_152)
192.168.1.109 - - [10/Oct/2019:20:58:54 +0800] "GET /nacos/v1/cs/health HTTP/1.1" 200 2 3 Apache-HttpAsyncClient/4.1.3 (Java/1.8.0_152)
192.168.1.109 - - [10/Oct/2019:20:58:59 +0800] "GET /nacos/v1/cs/health HTTP/1.1" 200 2 5 Apache-HttpAsyncClient/4.1.3 (Java/1.8.0_152)
192.168.1.109 - - [10/Oct/2019:20:59:04 +0800] "GET /nacos/v1/cs/health HTTP/1.1" 200 2 6 Apache-HttpAsyncClient/4.1.3 (Java/1.8.0_152)
192.168.1.109 - - [10/Oct/2019:20:59:09 +0800] "GET /nacos/v1/cs/health HTTP/1.1" 200 2 6 Apache-HttpAsyncClient/4.1.3 (Java/1.8.0_152)
192.168.1.109 - - [10/Oct/2019:20:59:14 +0800] "GET /nacos/v1/cs/health HTTP/1.1" 200 2 8 Apache-HttpAsyncClient/4.1.3 (Java/1.8.0_152)
192.168.1.109 - - [10/Oct/2019:20:59:19 +0800] "GET /nacos/v1/cs/health HTTP/1.1" 200 2 7 Apache-HttpAsyncClient/4.1.3 (Java/1.8.0_152)
192.168.1.109 - - [10/Oct/2019:20:59:24 +0800] "GET /nacos/v1/cs/health HTTP/1.1" 200 2 7 Apache-HttpAsyncClient/4.1.3 (Java/1.8.0_152)
192.168.1.109 - - [10/Oct/2019:20:59:29 +0800] "GET /nacos/v1/cs/health HTTP/1.1" 200 2 5 Apache-HttpAsyncClient/4.1.3 (Java/1.8.0_152)
192.168.1.109 - - [10/Oct/2019:20:59:34 +0800] "GET /nacos/v1/cs/health HTTP/1.1" 200 2 6 Apache-HttpAsyncClient/4.1.3 (Java/1.8.0_152)
192.168.1.109 - - [10/Oct/2019:20:59:39 +0800] "GET /nacos/v1/cs/health HTTP/1.1" 200 2 7 Apache-HttpAsyncClient/4.1.3 (Java/1.8.0_152)
192.168.1.109 - - [10/Oct/2019:20:59:44 +0800] "GET /nacos/v1/cs/health HTTP/1.1" 200 2 12 Apache-HttpAsyncClient/4.1.3 (Java/1.8.0_152)
192.168.1.109 - - [10/Oct/2019:20:59:49 +0800] "GET /nacos/v1/cs/health HTTP/1.1" 200 2 3 Apache-HttpAsyncClient/4.1.3 (Java/1.8.0_152)
192.168.1.109 - - [10/Oct/2019:20:59:54 +0800] "GET /nacos/v1/cs/health HTTP/1.1" 200 2 6 Apache-HttpAsyncClient/4.1.3 (Java/1.8.0_152)
192.168.1.109 - - [10/Oct/2019:20:59:59 +0800] "GET /nacos/v1/cs/health HTTP/1.1" 200 2 5 Apache-HttpAsyncClient/4.1.3 (Java/1.8.0_152)
192.168.1.109 - - [10/Oct/2019:21:00:04 +0800] "GET /nacos/v1/cs/health HTTP/1.1" 200 2 5 Apache-HttpAsyncClient/4.1.3 (Java/1.8.0_152)
192.168.1.109 - - [10/Oct/2019:21:00:09 +0800] "GET /nacos/v1/cs/health HTTP/1.1" 200 2 6 Apache-HttpAsyncClient/4.1.3 (Java/1.8.0_152)
192.168.1.109 - - [10/Oct/2019:21:00:14 +0800] "GET /nacos/v1/cs/health HTTP/1.1" 200 2 8 Apache-HttpAsyncClient/4.1.3 (Java/1.8.0_152)
192.168.1.109 - - [10/Oct/2019:21:00:19 +0800] "GET /nacos/v1/cs/health HTTP/1.1" 200 2 5 Apache-HttpAsyncClient/4.1.3 (Java/1.8.0_152)
192.168.1.109 - - [10/Oct/2019:21:00:24 +0800] "GET /nacos/v1/cs/health HTTP/1.1" 200 2 6 Apache-HttpAsyncClient/4.1.3 (Java/1.8.0_152)
192.168.1.109 - - [10/Oct/2019:21:00:29 +0800] "GET /nacos/v1/cs/health HTTP/1.1" 200 2 8 Apache-HttpAsyncClient/4.1.3 (Java/1.8.0_152)
192.168.1.109 - - [10/Oct/2019:21:00:34 +0800] "GET /nacos/v1/cs/health HTTP/1.1" 200 2 8 Apache-HttpAsyncClient/4.1.3 (Java/1.8.0_152)
192.168.1.109 - - [10/Oct/2019:21:00:39 +0800] "GET /nacos/v1/cs/health HTTP/1.1" 200 2 7 Apache-HttpAsyncClient/4.1.3 (Java/1.8.0_152)
192.168.1.109 - - [10/Oct/2019:21:00:44 +0800] "GET /nacos/v1/cs/health HTTP/1.1" 200 2 8 Apache-HttpAsyncClient/4.1.3 (Java/1.8.0_152)
192.168.1.109 - - [10/Oct/2019:21:00:49 +0800] "GET /nacos/v1/cs/health HTTP/1.1" 200 2 6 Apache-HttpAsyncClient/4.1.3 (Java/1.8.0_152)
192.168.1.109 - - [10/Oct/2019:21:00:54 +0800] "GET /nacos/v1/cs/health HTTP/1.1" 200 2 18 Apache-HttpAsyncClient/4.1.3 (Java/1.8.0_152)
192.168.1.109 - - [10/Oct/2019:21:00:59 +0800] "GET /nacos/v1/cs/health HTTP/1.1" 200 2 5 Apache-HttpAsyncClient/4.1.3 (Java/1.8.0_152)
192.168.1.109 - - [10/Oct/2019:21:01:04 +0800] "GET /nacos/v1/cs/health HTTP/1.1" 200 2 7 Apache-HttpAsyncClient/4.1.3 (Java/1.8.0_152)
192.168.1.109 - - [10/Oct/2019:21:01:09 +0800] "GET /nacos/v1/cs/health HTTP/1.1" 200 2 9 Apache-HttpAsyncClient/4.1.3 (Java/1.8.0_152)
192.168.1.109 - - [10/Oct/2019:21:01:14 +0800] "GET /nacos/v1/cs/health HTTP/1.1" 200 2 5 Apache-HttpAsyncClient/4.1.3 (Java/1.8.0_152)
192.168.1.109 - - [10/Oct/2019:21:01:19 +0800] "GET /nacos/v1/cs/health HTTP/1.1" 200 2 7 Apache-HttpAsyncClient/4.1.3 (Java/1.8.0_152)
192.168.1.109 - - [10/Oct/2019:21:01:24 +0800] "GET /nacos/v1/cs/health HTTP/1.1" 200 2 8 Apache-HttpAsyncClient/4.1.3 (Java/1.8.0_152)
192.168.1.109 - - [10/Oct/2019:21:01:29 +0800] "GET /nacos/v1/cs/health HTTP/1.1" 200 2 5 Apache-HttpAsyncClient/4.1.3 (Java/1.8.0_152)
192.168.1.109 - - [10/Oct/2019:21:01:34 +0800] "GET /nacos/v1/cs/health HTTP/1.1" 200 2 11 Apache-HttpAsyncClient/4.1.3 (Java/1.8.0_152)
192.168.1.109 - - [10/Oct/2019:21:01:39 +0800] "GET /nacos/v1/cs/health HTTP/1.1" 200 2 4 Apache-HttpAsyncClient/4.1.3 (Java/1.8.0_152)
192.168.1.109 - - [10/Oct/2019:21:01:44 +0800] "GET /nacos/v1/cs/health HTTP/1.1" 200 2 13 Apache-HttpAsyncClient/4.1.3 (Java/1.8.0_152)
192.168.1.109 - - [10/Oct/2019:21:01:49 +0800] "GET /nacos/v1/cs/health HTTP/1.1" 200 2 5 Apache-HttpAsyncClient/4.1.3 (Java/1.8.0_152)
192.168.1.109 - - [10/Oct/2019:21:01:54 +0800] "GET /nacos/v1/cs/health HTTP/1.1" 200 2 6 Apache-HttpAsyncClient/4.1.3 (Java/1.8.0_152)
192.168.1.109 - - [10/Oct/2019:21:01:59 +0800] "GET /nacos/v1/cs/health HTTP/1.1" 200 2 13 Apache-HttpAsyncClient/4.1.3 (Java/1.8.0_152)
192.168.1.109 - - [10/Oct/2019:21:02:04 +0800] "GET /nacos/v1/cs/health HTTP/1.1" 200 2 26 Apache-HttpAsyncClient/4.1.3 (Java/1.8.0_152)
192.168.1.109 - - [10/Oct/2019:21:02:09 +0800] "GET /nacos/v1/cs/health HTTP/1.1" 200 2 8 Apache-HttpAsyncClient/4.1.3 (Java/1.8.0_152)
192.168.1.109 - - [10/Oct/2019:21:02:14 +0800] "GET /nacos/v1/cs/health HTTP/1.1" 200 2 7 Apache-HttpAsyncClient/4.1.3 (Java/1.8.0_152)
192.168.1.109 - - [10/Oct/2019:21:02:19 +0800] "GET /nacos/v1/cs/health HTTP/1.1" 200 2 9 Apache-HttpAsyncClient/4.1.3 (Java/1.8.0_152)
192.168.1.109 - - [10/Oct/2019:21:02:24 +0800] "GET /nacos/v1/cs/health HTTP/1.1" 200 2 6 Apache-HttpAsyncClient/4.1.3 (Java/1.8.0_152)
192.168.1.109 - - [10/Oct/2019:21:02:29 +0800] "GET /nacos/v1/cs/health HTTP/1.1" 200 2 6 Apache-HttpAsyncClient/4.1.3 (Java/1.8.0_152)
192.168.1.109 - - [10/Oct/2019:21:02:34 +0800] "GET /nacos/v1/cs/health HTTP/1.1" 200 2 5 Apache-HttpAsyncClient/4.1.3 (Java/1.8.0_152)
192.168.1.109 - - [10/Oct/2019:21:02:39 +0800] "GET /nacos/v1/cs/health HTTP/1.1" 200 2 9 Apache-HttpAsyncClient/4.1.3 (Java/1.8.0_152)
192.168.1.109 - - [10/Oct/2019:21:02:44 +0800] "GET /nacos/v1/cs/health HTTP/1.1" 200 2 10 Apache-HttpAsyncClient/4.1.3 (Java/1.8.0_152)
192.168.1.109 - - [10/Oct/2019:21:02:49 +0800] "GET /nacos/v1/cs/health HTTP/1.1" 200 2 7 Apache-HttpAsyncClient/4.1.3 (Java/1.8.0_152)
192.168.1.109 - - [10/Oct/2019:21:02:54 +0800] "GET /nacos/v1/cs/health HTTP/1.1" 200 2 6 Apache-HttpAsyncClient/4.1.3 (Java/1.8.0_152)
192.168.1.109 - - [10/Oct/2019:21:02:59 +0800] "GET /nacos/v1/cs/health HTTP/1.1" 200 2 7 Apache-HttpAsyncClient/4.1.3 (Java/1.8.0_152)
192.168.1.109 - - [10/Oct/2019:21:03:04 +0800] "GET /nacos/v1/cs/health HTTP/1.1" 200 2 5 Apache-HttpAsyncClient/4.1.3 (Java/1.8.0_152)
192.168.1.109 - - [10/Oct/2019:21:03:52 +0800] "GET /nacos/v1/cs/health HTTP/1.1" 200 2 263 Apache-HttpAsyncClient/4.1.3 (Java/1.8.0_152)
0:0:0:0:0:0:0:1 - - [10/Oct/2019:21:03:53 +0800] "GET /nacos/v1/console/server/state HTTP/1.1" 200 82 87 Mozilla/5.0 (Windows NT 10.0; Win64; x64) AppleWebKit/537.36 (KHTML, like Gecko) Chrome/60.0.3103.0 Safari/537.36
0:0:0:0:0:0:0:1 - - [10/Oct/2019:21:03:55 +0800] "GET /nacos/v1/console/namespaces?namespaceId= HTTP/1.1" 401 154 1145 Mozilla/5.0 (Windows NT 10.0; Win64; x64) AppleWebKit/537.36 (KHTML, like Gecko) Chrome/60.0.3103.0 Safari/537.36
0:0:0:0:0:0:0:1 - - [10/Oct/2019:21:03:55 +0800] "GET /nacos/v1/cs/configs?search=accurate&dataId=&group=&appName=&config_tags=&pageNo=1&pageSize=10&tenant=&namespaceId= HTTP/1.1" 200 - 322 Mozilla/5.0 (Windows NT 10.0; Win64; x64) AppleWebKit/537.36 (KHTML, like Gecko) Chrome/60.0.3103.0 Safari/537.36
192.168.1.109 - - [10/Oct/2019:21:03:57 +0800] "GET /nacos/v1/cs/health HTTP/1.1" 200 2 29 Apache-HttpAsyncClient/4.1.3 (Java/1.8.0_152)
0:0:0:0:0:0:0:1 - - [10/Oct/2019:21:04:01 +0800] "POST /nacos/v1/auth/login HTTP/1.1" 200 176 1169 Mozilla/5.0 (Windows NT 10.0; Win64; x64) AppleWebKit/537.36 (KHTML, like Gecko) Chrome/60.0.3103.0 Safari/537.36
0:0:0:0:0:0:0:1 - - [10/Oct/2019:21:04:01 +0800] "GET /nacos/v1/console/server/state HTTP/1.1" 200 82 20 Mozilla/5.0 (Windows NT 10.0; Win64; x64) AppleWebKit/537.36 (KHTML, like Gecko) Chrome/60.0.3103.0 Safari/537.36
0:0:0:0:0:0:0:1 - - [10/Oct/2019:21:04:02 +0800] "GET /nacos/v1/console/namespaces?namespaceId= HTTP/1.1" 200 130 396 Mozilla/5.0 (Windows NT 10.0; Win64; x64) AppleWebKit/537.36 (KHTML, like Gecko) Chrome/60.0.3103.0 Safari/537.36
192.168.1.109 - - [10/Oct/2019:21:04:02 +0800] "GET /nacos/v1/cs/health HTTP/1.1" 200 2 16 Apache-HttpAsyncClient/4.1.3 (Java/1.8.0_152)
0:0:0:0:0:0:0:1 - - [10/Oct/2019:21:04:02 +0800] "GET /nacos/v1/cs/configs?search=accurate&dataId=&group=&appName=&config_tags=&pageNo=1&pageSize=10&tenant=&namespaceId= HTTP/1.1" 200 - 467 Mozilla/5.0 (Windows NT 10.0; Win64; x64) AppleWebKit/537.36 (KHTML, like Gecko) Chrome/60.0.3103.0 Safari/537.36
192.168.1.109 - - [10/Oct/2019:21:04:07 +0800] "GET /nacos/v1/cs/health HTTP/1.1" 200 2 12 Apache-HttpAsyncClient/4.1.3 (Java/1.8.0_152)
192.168.1.109 - - [10/Oct/2019:21:04:12 +0800] "GET /nacos/v1/cs/health HTTP/1.1" 200 2 17 Apache-HttpAsyncClient/4.1.3 (Java/1.8.0_152)
192.168.1.109 - - [10/Oct/2019:21:04:17 +0800] "GET /nacos/v1/cs/health HTTP/1.1" 200 2 22 Apache-HttpAsyncClient/4.1.3 (Java/1.8.0_152)
0:0:0:0:0:0:0:1 - - [10/Oct/2019:21:04:19 +0800] "GET /nacos/v1/cs/configs?search=accurate&dataId=&group=&appName=&config_tags=&pageNo=1&pageSize=10&tenant=&namespaceId= HTTP/1.1" 200 - 226 Mozilla/5.0 (Windows NT 10.0; Win64; x64) AppleWebKit/537.36 (KHTML, like Gecko) Chrome/60.0.3103.0 Safari/537.36
192.168.1.109 - - [10/Oct/2019:21:04:22 +0800] "GET /nacos/v1/cs/health HTTP/1.1" 200 2 21 Apache-HttpAsyncClient/4.1.3 (Java/1.8.0_152)
0:0:0:0:0:0:0:1 - - [10/Oct/2019:21:04:23 +0800] "GET /nacos/v1/console/namespaces?namespaceId= HTTP/1.1" 200 130 1851 Mozilla/5.0 (Windows NT 10.0; Win64; x64) AppleWebKit/537.36 (KHTML, like Gecko) Chrome/60.0.3103.0 Safari/537.36
192.168.1.109 - - [10/Oct/2019:21:04:27 +0800] "GET /nacos/v1/cs/health HTTP/1.1" 200 2 16 Apache-HttpAsyncClient/4.1.3 (Java/1.8.0_152)
192.168.1.109 - - [10/Oct/2019:21:04:32 +0800] "GET /nacos/v1/cs/health HTTP/1.1" 200 2 12 Apache-HttpAsyncClient/4.1.3 (Java/1.8.0_152)
192.168.1.109 - - [10/Oct/2019:21:04:37 +0800] "GET /nacos/v1/cs/health HTTP/1.1" 200 2 4 Apache-HttpAsyncClient/4.1.3 (Java/1.8.0_152)
0:0:0:0:0:0:0:1 - - [10/Oct/2019:21:04:37 +0800] "POST /nacos/v1/console/namespaces HTTP/1.1" 200 14 158 Mozilla/5.0 (Windows NT 10.0; Win64; x64) AppleWebKit/537.36 (KHTML, like Gecko) Chrome/60.0.3103.0 Safari/537.36
0:0:0:0:0:0:0:1 - - [10/Oct/2019:21:04:40 +0800] "GET /nacos/v1/console/namespaces?namespaceId= HTTP/1.1" 200 246 506 Mozilla/5.0 (Windows NT 10.0; Win64; x64) AppleWebKit/537.36 (KHTML, like Gecko) Chrome/60.0.3103.0 Safari/537.36
0:0:0:0:0:0:0:1 - - [10/Oct/2019:21:04:41 +0800] "GET /nacos/v1/console/namespaces?namespaceId= HTTP/1.1" 200 246 544 Mozilla/5.0 (Windows NT 10.0; Win64; x64) AppleWebKit/537.36 (KHTML, like Gecko) Chrome/60.0.3103.0 Safari/537.36
192.168.1.109 - - [10/Oct/2019:21:04:42 +0800] "GET /nacos/v1/cs/health HTTP/1.1" 200 2 17 Apache-HttpAsyncClient/4.1.3 (Java/1.8.0_152)
192.168.1.109 - - [10/Oct/2019:21:04:47 +0800] "GET /nacos/v1/cs/health HTTP/1.1" 200 2 18 Apache-HttpAsyncClient/4.1.3 (Java/1.8.0_152)
192.168.1.109 - - [10/Oct/2019:21:04:52 +0800] "GET /nacos/v1/cs/health HTTP/1.1" 200 2 12 Apache-HttpAsyncClient/4.1.3 (Java/1.8.0_152)
192.168.1.109 - - [10/Oct/2019:21:04:57 +0800] "GET /nacos/v1/cs/health HTTP/1.1" 200 2 23 Apache-HttpAsyncClient/4.1.3 (Java/1.8.0_152)
192.168.1.109 - - [10/Oct/2019:21:05:02 +0800] "GET /nacos/v1/cs/health HTTP/1.1" 200 2 12 Apache-HttpAsyncClient/4.1.3 (Java/1.8.0_152)
192.168.1.109 - - [10/Oct/2019:21:05:07 +0800] "GET /nacos/v1/cs/health HTTP/1.1" 200 2 20 Apache-HttpAsyncClient/4.1.3 (Java/1.8.0_152)
192.168.1.109 - - [10/Oct/2019:21:05:12 +0800] "GET /nacos/v1/cs/health HTTP/1.1" 200 2 13 Apache-HttpAsyncClient/4.1.3 (Java/1.8.0_152)
192.168.1.109 - - [10/Oct/2019:21:05:17 +0800] "GET /nacos/v1/cs/health HTTP/1.1" 200 2 13 Apache-HttpAsyncClient/4.1.3 (Java/1.8.0_152)
192.168.1.109 - - [10/Oct/2019:21:05:22 +0800] "GET /nacos/v1/cs/health HTTP/1.1" 200 2 13 Apache-HttpAsyncClient/4.1.3 (Java/1.8.0_152)
192.168.1.109 - - [10/Oct/2019:21:05:27 +0800] "GET /nacos/v1/cs/health HTTP/1.1" 200 2 11 Apache-HttpAsyncClient/4.1.3 (Java/1.8.0_152)
192.168.1.109 - - [10/Oct/2019:21:05:32 +0800] "GET /nacos/v1/cs/health HTTP/1.1" 200 2 16 Apache-HttpAsyncClient/4.1.3 (Java/1.8.0_152)
0:0:0:0:0:0:0:1 - - [10/Oct/2019:21:05:36 +0800] "GET /nacos/v1/cs/configs?search=accurate&dataId=&group=&appName=&config_tags=&pageNo=1&pageSize=10&tenant=&namespaceId= HTTP/1.1" 200 - 232 Mozilla/5.0 (Windows NT 10.0; Win64; x64) AppleWebKit/537.36 (KHTML, like Gecko) Chrome/60.0.3103.0 Safari/537.36
192.168.1.109 - - [10/Oct/2019:21:05:37 +0800] "GET /nacos/v1/cs/health HTTP/1.1" 200 2 19 Apache-HttpAsyncClient/4.1.3 (Java/1.8.0_152)
0:0:0:0:0:0:0:1 - - [10/Oct/2019:21:05:38 +0800] "GET /nacos/v1/cs/configs?search=accurate&dataId=&group=&appName=&config_tags=&pageNo=1&pageSize=10&tenant=a144e2c1-cdbd-4b1c-b32e-ac4e5fc970f3&namespaceId=a144e2c1-cdbd-4b1c-b32e-ac4e5fc970f3 HTTP/1.1" 200 - 134 Mozilla/5.0 (Windows NT 10.0; Win64; x64) AppleWebKit/537.36 (KHTML, like Gecko) Chrome/60.0.3103.0 Safari/537.36
192.168.1.109 - - [10/Oct/2019:21:05:42 +0800] "GET /nacos/v1/cs/health HTTP/1.1" 200 2 14 Apache-HttpAsyncClient/4.1.3 (Java/1.8.0_152)
192.168.1.109 - - [10/Oct/2019:21:05:47 +0800] "GET /nacos/v1/cs/health HTTP/1.1" 200 2 16 Apache-HttpAsyncClient/4.1.3 (Java/1.8.0_152)
192.168.1.109 - - [10/Oct/2019:21:05:52 +0800] "GET /nacos/v1/cs/health HTTP/1.1" 200 2 7 Apache-HttpAsyncClient/4.1.3 (Java/1.8.0_152)
0:0:0:0:0:0:0:1 - - [10/Oct/2019:21:05:57 +0800] "GET /nacos/console-fe/public/js/vs/base/worker/workerMain.js HTTP/1.1" 200 151535 128 Mozilla/5.0 (Windows NT 10.0; Win64; x64) AppleWebKit/537.36 (KHTML, like Gecko) Chrome/60.0.3103.0 Safari/537.36
192.168.1.109 - - [10/Oct/2019:21:05:57 +0800] "GET /nacos/v1/cs/health HTTP/1.1" 200 2 25 Apache-HttpAsyncClient/4.1.3 (Java/1.8.0_152)
192.168.1.109 - - [10/Oct/2019:21:06:02 +0800] "GET /nacos/v1/cs/health HTTP/1.1" 200 2 10 Apache-HttpAsyncClient/4.1.3 (Java/1.8.0_152)
0:0:0:0:0:0:0:1 - - [10/Oct/2019:21:06:04 +0800] "GET /nacos/console-fe/public/js/vs/basic-languages/src/yaml.js HTTP/1.1" 200 3869 13 Mozilla/5.0 (Windows NT 10.0; Win64; x64) AppleWebKit/537.36 (KHTML, like Gecko) Chrome/60.0.3103.0 Safari/537.36
192.168.1.109 - - [10/Oct/2019:21:06:07 +0800] "GET /nacos/v1/cs/health HTTP/1.1" 200 2 8 Apache-HttpAsyncClient/4.1.3 (Java/1.8.0_152)
192.168.1.109 - - [10/Oct/2019:21:06:12 +0800] "GET /nacos/v1/cs/health HTTP/1.1" 200 2 20 Apache-HttpAsyncClient/4.1.3 (Java/1.8.0_152)
192.168.1.109 - - [10/Oct/2019:21:06:17 +0800] "GET /nacos/v1/cs/health HTTP/1.1" 200 2 10 Apache-HttpAsyncClient/4.1.3 (Java/1.8.0_152)
192.168.1.109 - - [10/Oct/2019:21:06:22 +0800] "GET /nacos/v1/cs/health HTTP/1.1" 200 2 9 Apache-HttpAsyncClient/4.1.3 (Java/1.8.0_152)
192.168.1.109 - - [10/Oct/2019:21:06:27 +0800] "GET /nacos/v1/cs/health HTTP/1.1" 200 2 7 Apache-HttpAsyncClient/4.1.3 (Java/1.8.0_152)
192.168.1.109 - - [10/Oct/2019:21:06:32 +0800] "GET /nacos/v1/cs/health HTTP/1.1" 200 2 10 Apache-HttpAsyncClient/4.1.3 (Java/1.8.0_152)
192.168.1.109 - - [10/Oct/2019:21:06:37 +0800] "GET /nacos/v1/cs/health HTTP/1.1" 200 2 11 Apache-HttpAsyncClient/4.1.3 (Java/1.8.0_152)
192.168.1.109 - - [10/Oct/2019:21:06:42 +0800] "GET /nacos/v1/cs/health HTTP/1.1" 200 2 9 Apache-HttpAsyncClient/4.1.3 (Java/1.8.0_152)
192.168.1.109 - - [10/Oct/2019:21:06:47 +0800] "GET /nacos/v1/cs/health HTTP/1.1" 200 2 4 Apache-HttpAsyncClient/4.1.3 (Java/1.8.0_152)
192.168.1.109 - - [10/Oct/2019:21:06:52 +0800] "GET /nacos/v1/cs/health HTTP/1.1" 200 2 11 Apache-HttpAsyncClient/4.1.3 (Java/1.8.0_152)
192.168.1.109 - - [10/Oct/2019:21:06:57 +0800] "GET /nacos/v1/cs/health HTTP/1.1" 200 2 11 Apache-HttpAsyncClient/4.1.3 (Java/1.8.0_152)
192.168.1.109 - - [10/Oct/2019:21:07:02 +0800] "GET /nacos/v1/cs/health HTTP/1.1" 200 2 3 Apache-HttpAsyncClient/4.1.3 (Java/1.8.0_152)
192.168.1.109 - - [10/Oct/2019:21:07:07 +0800] "GET /nacos/v1/cs/health HTTP/1.1" 200 2 10 Apache-HttpAsyncClient/4.1.3 (Java/1.8.0_152)
192.168.1.109 - - [10/Oct/2019:21:07:12 +0800] "GET /nacos/v1/cs/health HTTP/1.1" 200 2 10 Apache-HttpAsyncClient/4.1.3 (Java/1.8.0_152)
192.168.1.109 - - [10/Oct/2019:21:07:17 +0800] "GET /nacos/v1/cs/health HTTP/1.1" 200 2 8 Apache-HttpAsyncClient/4.1.3 (Java/1.8.0_152)
192.168.1.109 - - [10/Oct/2019:21:07:22 +0800] "GET /nacos/v1/cs/health HTTP/1.1" 200 2 9 Apache-HttpAsyncClient/4.1.3 (Java/1.8.0_152)
192.168.1.109 - - [10/Oct/2019:21:07:27 +0800] "GET /nacos/v1/cs/health HTTP/1.1" 200 2 13 Apache-HttpAsyncClient/4.1.3 (Java/1.8.0_152)
192.168.1.109 - - [10/Oct/2019:21:07:32 +0800] "GET /nacos/v1/cs/health HTTP/1.1" 200 2 17 Apache-HttpAsyncClient/4.1.3 (Java/1.8.0_152)
192.168.1.109 - - [10/Oct/2019:21:07:37 +0800] "GET /nacos/v1/cs/health HTTP/1.1" 200 2 10 Apache-HttpAsyncClient/4.1.3 (Java/1.8.0_152)
192.168.1.109 - - [10/Oct/2019:21:07:42 +0800] "GET /nacos/v1/cs/health HTTP/1.1" 200 2 39 Apache-HttpAsyncClient/4.1.3 (Java/1.8.0_152)
192.168.1.109 - - [10/Oct/2019:21:07:47 +0800] "GET /nacos/v1/cs/health HTTP/1.1" 200 2 5 Apache-HttpAsyncClient/4.1.3 (Java/1.8.0_152)
192.168.1.109 - - [10/Oct/2019:21:07:52 +0800] "GET /nacos/v1/cs/health HTTP/1.1" 200 2 6 Apache-HttpAsyncClient/4.1.3 (Java/1.8.0_152)
192.168.1.109 - - [10/Oct/2019:21:07:57 +0800] "GET /nacos/v1/cs/health HTTP/1.1" 200 2 16 Apache-HttpAsyncClient/4.1.3 (Java/1.8.0_152)
192.168.1.109 - - [10/Oct/2019:21:08:02 +0800] "GET /nacos/v1/cs/health HTTP/1.1" 200 2 8 Apache-HttpAsyncClient/4.1.3 (Java/1.8.0_152)
192.168.1.109 - - [10/Oct/2019:21:08:07 +0800] "GET /nacos/v1/cs/health HTTP/1.1" 200 2 10 Apache-HttpAsyncClient/4.1.3 (Java/1.8.0_152)
192.168.1.109 - - [10/Oct/2019:21:08:12 +0800] "GET /nacos/v1/cs/health HTTP/1.1" 200 2 8 Apache-HttpAsyncClient/4.1.3 (Java/1.8.0_152)
192.168.1.109 - - [10/Oct/2019:21:08:17 +0800] "GET /nacos/v1/cs/health HTTP/1.1" 200 2 8 Apache-HttpAsyncClient/4.1.3 (Java/1.8.0_152)
192.168.1.109 - - [10/Oct/2019:21:08:22 +0800] "GET /nacos/v1/cs/health HTTP/1.1" 200 2 8 Apache-HttpAsyncClient/4.1.3 (Java/1.8.0_152)
192.168.1.109 - - [10/Oct/2019:21:08:27 +0800] "GET /nacos/v1/cs/health HTTP/1.1" 200 2 13 Apache-HttpAsyncClient/4.1.3 (Java/1.8.0_152)
0:0:0:0:0:0:0:1 - - [10/Oct/2019:21:08:32 +0800] "GET /nacos/v1/cs/configs?show=all&dataId=framework-gateway.yml&group=DEFAULT_GROUP&tenant=a144e2c1-cdbd-4b1c-b32e-ac4e5fc970f3&namespaceId=a144e2c1-cdbd-4b1c-b32e-ac4e5fc970f3 HTTP/1.1" 200 - 279 Mozilla/5.0 (Windows NT 10.0; Win64; x64) AppleWebKit/537.36 (KHTML, like Gecko) Chrome/60.0.3103.0 Safari/537.36
192.168.1.109 - - [10/Oct/2019:21:08:32 +0800] "GET /nacos/v1/cs/health HTTP/1.1" 200 2 18 Apache-HttpAsyncClient/4.1.3 (Java/1.8.0_152)
0:0:0:0:0:0:0:1 - - [10/Oct/2019:21:08:33 +0800] "POST /nacos/v1/cs/configs HTTP/1.1" 200 14 1093 Mozilla/5.0 (Windows NT 10.0; Win64; x64) AppleWebKit/537.36 (KHTML, like Gecko) Chrome/60.0.3103.0 Safari/537.36
192.168.1.109 - - [10/Oct/2019:21:08:33 +0800] "GET /nacos/v1/cs/communication/dataChange?dataId=framework-gateway.yml&group=DEFAULT_GROUP&tenant=a144e2c1-cdbd-4b1c-b32e-ac4e5fc970f3 HTTP/1.1" 200 14 39 Apache-HttpAsyncClient/4.1.3 (Java/1.8.0_152)
192.168.1.109 - - [10/Oct/2019:21:08:37 +0800] "GET /nacos/v1/cs/health HTTP/1.1" 200 2 13 Apache-HttpAsyncClient/4.1.3 (Java/1.8.0_152)
192.168.1.109 - - [10/Oct/2019:21:08:42 +0800] "GET /nacos/v1/cs/health HTTP/1.1" 200 2 3 Apache-HttpAsyncClient/4.1.3 (Java/1.8.0_152)
192.168.1.109 - - [10/Oct/2019:21:08:47 +0800] "GET /nacos/v1/cs/health HTTP/1.1" 200 2 21 Apache-HttpAsyncClient/4.1.3 (Java/1.8.0_152)
0:0:0:0:0:0:0:1 - - [10/Oct/2019:21:08:49 +0800] "GET /nacos/v1/cs/configs?search=accurate&dataId=&group=&appName=&config_tags=&pageNo=1&pageSize=10&tenant=a144e2c1-cdbd-4b1c-b32e-ac4e5fc970f3&namespaceId=a144e2c1-cdbd-4b1c-b32e-ac4e5fc970f3 HTTP/1.1" 200 1173 342 Mozilla/5.0 (Windows NT 10.0; Win64; x64) AppleWebKit/537.36 (KHTML, like Gecko) Chrome/60.0.3103.0 Safari/537.36
192.168.1.109 - - [10/Oct/2019:21:08:52 +0800] "GET /nacos/v1/cs/health HTTP/1.1" 200 2 12 Apache-HttpAsyncClient/4.1.3 (Java/1.8.0_152)
192.168.1.109 - - [10/Oct/2019:21:08:57 +0800] "GET /nacos/v1/cs/health HTTP/1.1" 200 2 7 Apache-HttpAsyncClient/4.1.3 (Java/1.8.0_152)
192.168.1.109 - - [10/Oct/2019:21:09:02 +0800] "GET /nacos/v1/cs/health HTTP/1.1" 200 2 6 Apache-HttpAsyncClient/4.1.3 (Java/1.8.0_152)
192.168.1.109 - - [10/Oct/2019:21:09:08 +0800] "GET /nacos/v1/cs/health HTTP/1.1" 200 2 10 Apache-HttpAsyncClient/4.1.3 (Java/1.8.0_152)
192.168.1.109 - - [10/Oct/2019:21:09:13 +0800] "GET /nacos/v1/cs/health HTTP/1.1" 200 2 6 Apache-HttpAsyncClient/4.1.3 (Java/1.8.0_152)
192.168.1.109 - - [10/Oct/2019:21:09:18 +0800] "GET /nacos/v1/cs/health HTTP/1.1" 200 2 8 Apache-HttpAsyncClient/4.1.3 (Java/1.8.0_152)
192.168.1.109 - - [10/Oct/2019:21:09:23 +0800] "GET /nacos/v1/cs/health HTTP/1.1" 200 2 5 Apache-HttpAsyncClient/4.1.3 (Java/1.8.0_152)
192.168.1.109 - - [10/Oct/2019:21:09:28 +0800] "GET /nacos/v1/cs/health HTTP/1.1" 200 2 7 Apache-HttpAsyncClient/4.1.3 (Java/1.8.0_152)
192.168.1.109 - - [10/Oct/2019:21:09:33 +0800] "GET /nacos/v1/cs/health HTTP/1.1" 200 2 9 Apache-HttpAsyncClient/4.1.3 (Java/1.8.0_152)
192.168.1.109 - - [10/Oct/2019:21:09:38 +0800] "GET /nacos/v1/cs/health HTTP/1.1" 200 2 5 Apache-HttpAsyncClient/4.1.3 (Java/1.8.0_152)
192.168.1.109 - - [10/Oct/2019:21:09:43 +0800] "GET /nacos/v1/cs/health HTTP/1.1" 200 2 6 Apache-HttpAsyncClient/4.1.3 (Java/1.8.0_152)
192.168.1.109 - - [10/Oct/2019:21:09:48 +0800] "GET /nacos/v1/cs/health HTTP/1.1" 200 2 4 Apache-HttpAsyncClient/4.1.3 (Java/1.8.0_152)
0:0:0:0:0:0:0:1 - - [10/Oct/2019:21:09:52 +0800] "GET /nacos/v1/cs/configs?search=accurate&dataId=&group=&appName=&config_tags=&pageNo=1&pageSize=10&tenant=a144e2c1-cdbd-4b1c-b32e-ac4e5fc970f3&namespaceId=a144e2c1-cdbd-4b1c-b32e-ac4e5fc970f3 HTTP/1.1" 200 1173 476 Mozilla/5.0 (Windows NT 10.0; Win64; x64) AppleWebKit/537.36 (KHTML, like Gecko) Chrome/60.0.3103.0 Safari/537.36
192.168.1.109 - - [10/Oct/2019:21:09:53 +0800] "GET /nacos/v1/cs/health HTTP/1.1" 200 2 4 Apache-HttpAsyncClient/4.1.3 (Java/1.8.0_152)
192.168.1.109 - - [10/Oct/2019:21:09:58 +0800] "GET /nacos/v1/cs/health HTTP/1.1" 200 2 4 Apache-HttpAsyncClient/4.1.3 (Java/1.8.0_152)
192.168.1.109 - - [10/Oct/2019:21:10:03 +0800] "GET /nacos/v1/cs/health HTTP/1.1" 200 2 3 Apache-HttpAsyncClient/4.1.3 (Java/1.8.0_152)
192.168.1.109 - - [10/Oct/2019:21:10:08 +0800] "GET /nacos/v1/cs/health HTTP/1.1" 200 2 4 Apache-HttpAsyncClient/4.1.3 (Java/1.8.0_152)
127.0.0.1 - - [10/Oct/2019:21:10:10 +0800] "GET /nacos/v1/cs/configs?dataId=framework-gateway.yml&group=DEFAULT_GROUP&tenant=a144e2c1-cdbd-4b1c-b32e-ac4e5fc970f3 HTTP/1.1" 200 872 36 Java/1.8.0_152
192.168.1.109 - - [10/Oct/2019:21:10:13 +0800] "GET /nacos/v1/cs/health HTTP/1.1" 200 2 6 Apache-HttpAsyncClient/4.1.3 (Java/1.8.0_152)
127.0.0.1 - - [10/Oct/2019:21:10:16 +0800] "GET /nacos/v1/ns/service/list?pageSize=2147483647&groupName=DEFAULT_GROUP&encoding=UTF-8&namespaceId=a144e2c1-cdbd-4b1c-b32e-ac4e5fc970f3&pageNo=1 HTTP/1.1" 200 32 41 Nacos-Java-Client:v1.0.0
127.0.0.1 - - [10/Oct/2019:21:10:17 +0800] "POST /nacos/v1/ns/instance?groupName=DEFAULT_GROUP&metadata=%7B%22preserved.register.source%22%3A%22SPRING_CLOUD%22%7D&namespaceId=a144e2c1-cdbd-4b1c-b32e-ac4e5fc970f3&port=9999&enable=true&healthy=true&clusterName=DEFAULT&ip=192.168.1.109&weight=1.0&ephemeral=true&serviceName=DEFAULT_GROUP%40%40framework-gateway&encoding=UTF-8 HTTP/1.1" 200 2 260 Nacos-Java-Client:v1.0.0
127.0.0.1 - - [10/Oct/2019:21:10:17 +0800] "POST /nacos/v1/cs/configs/listener HTTP/1.1" 200 - 9 Java/1.8.0_152
192.168.1.109 - - [10/Oct/2019:21:10:18 +0800] "GET /nacos/v1/cs/health HTTP/1.1" 200 2 4 Apache-HttpAsyncClient/4.1.3 (Java/1.8.0_152)
127.0.0.1 - - [10/Oct/2019:21:10:19 +0800] "GET /nacos/v1/cs/configs?dataId=framework-gateway.yml&group=DEFAULT_GROUP&tenant=a144e2c1-cdbd-4b1c-b32e-ac4e5fc970f3 HTTP/1.1" 200 872 9 Java/1.8.0_152
127.0.0.1 - - [10/Oct/2019:21:10:21 +0800] "PUT /nacos/v1/ns/instance/beat?beat=%7B%22cluster%22%3A%22DEFAULT%22%2C%22ip%22%3A%22192.168.1.109%22%2C%22metadata%22%3A%7B%22preserved.register.source%22%3A%22SPRING_CLOUD%22%7D%2C%22port%22%3A9999%2C%22scheduled%22%3Atrue%2C%22serviceName%22%3A%22DEFAULT_GROUP%40%40framework-gateway%22%2C%22weight%22%3A1.0%7D&serviceName=DEFAULT_GROUP%40%40framework-gateway&encoding=UTF-8&namespaceId=a144e2c1-cdbd-4b1c-b32e-ac4e5fc970f3 HTTP/1.1" 200 38 65 Nacos-Java-Client:v1.0.0
192.168.1.109 - - [10/Oct/2019:21:10:23 +0800] "GET /nacos/v1/cs/health HTTP/1.1" 200 2 8 Apache-HttpAsyncClient/4.1.3 (Java/1.8.0_152)
127.0.0.1 - - [10/Oct/2019:21:10:26 +0800] "PUT /nacos/v1/ns/instance/beat?beat=%7B%22cluster%22%3A%22DEFAULT%22%2C%22ip%22%3A%22192.168.1.109%22%2C%22metadata%22%3A%7B%22preserved.register.source%22%3A%22SPRING_CLOUD%22%7D%2C%22port%22%3A9999%2C%22scheduled%22%3Atrue%2C%22serviceName%22%3A%22DEFAULT_GROUP%40%40framework-gateway%22%2C%22weight%22%3A1.0%7D&serviceName=DEFAULT_GROUP%40%40framework-gateway&encoding=UTF-8&namespaceId=a144e2c1-cdbd-4b1c-b32e-ac4e5fc970f3 HTTP/1.1" 200 38 18 Nacos-Java-Client:v1.0.0
192.168.1.109 - - [10/Oct/2019:21:10:28 +0800] "GET /nacos/v1/cs/health HTTP/1.1" 200 2 12 Apache-HttpAsyncClient/4.1.3 (Java/1.8.0_152)
127.0.0.1 - - [10/Oct/2019:21:10:31 +0800] "PUT /nacos/v1/ns/instance/beat?beat=%7B%22cluster%22%3A%22DEFAULT%22%2C%22ip%22%3A%22192.168.1.109%22%2C%22metadata%22%3A%7B%22preserved.register.source%22%3A%22SPRING_CLOUD%22%7D%2C%22port%22%3A9999%2C%22scheduled%22%3Atrue%2C%22serviceName%22%3A%22DEFAULT_GROUP%40%40framework-gateway%22%2C%22weight%22%3A1.0%7D&serviceName=DEFAULT_GROUP%40%40framework-gateway&encoding=UTF-8&namespaceId=a144e2c1-cdbd-4b1c-b32e-ac4e5fc970f3 HTTP/1.1" 200 38 12 Nacos-Java-Client:v1.0.0
192.168.1.109 - - [10/Oct/2019:21:10:33 +0800] "GET /nacos/v1/cs/health HTTP/1.1" 200 2 9 Apache-HttpAsyncClient/4.1.3 (Java/1.8.0_152)
127.0.0.1 - - [10/Oct/2019:21:10:36 +0800] "PUT /nacos/v1/ns/instance/beat?beat=%7B%22cluster%22%3A%22DEFAULT%22%2C%22ip%22%3A%22192.168.1.109%22%2C%22metadata%22%3A%7B%22preserved.register.source%22%3A%22SPRING_CLOUD%22%7D%2C%22port%22%3A9999%2C%22scheduled%22%3Atrue%2C%22serviceName%22%3A%22DEFAULT_GROUP%40%40framework-gateway%22%2C%22weight%22%3A1.0%7D&serviceName=DEFAULT_GROUP%40%40framework-gateway&encoding=UTF-8&namespaceId=a144e2c1-cdbd-4b1c-b32e-ac4e5fc970f3 HTTP/1.1" 200 38 16 Nacos-Java-Client:v1.0.0
192.168.1.109 - - [10/Oct/2019:21:10:38 +0800] "GET /nacos/v1/cs/health HTTP/1.1" 200 2 10 Apache-HttpAsyncClient/4.1.3 (Java/1.8.0_152)
127.0.0.1 - - [10/Oct/2019:21:10:41 +0800] "PUT /nacos/v1/ns/instance/beat?beat=%7B%22cluster%22%3A%22DEFAULT%22%2C%22ip%22%3A%22192.168.1.109%22%2C%22metadata%22%3A%7B%22preserved.register.source%22%3A%22SPRING_CLOUD%22%7D%2C%22port%22%3A9999%2C%22scheduled%22%3Atrue%2C%22serviceName%22%3A%22DEFAULT_GROUP%40%40framework-gateway%22%2C%22weight%22%3A1.0%7D&serviceName=DEFAULT_GROUP%40%40framework-gateway&encoding=UTF-8&namespaceId=a144e2c1-cdbd-4b1c-b32e-ac4e5fc970f3 HTTP/1.1" 200 38 13 Nacos-Java-Client:v1.0.0
192.168.1.109 - - [10/Oct/2019:21:10:43 +0800] "GET /nacos/v1/cs/health HTTP/1.1" 200 2 8 Apache-HttpAsyncClient/4.1.3 (Java/1.8.0_152)
127.0.0.1 - - [10/Oct/2019:21:10:46 +0800] "PUT /nacos/v1/ns/instance/beat?beat=%7B%22cluster%22%3A%22DEFAULT%22%2C%22ip%22%3A%22192.168.1.109%22%2C%22metadata%22%3A%7B%22preserved.register.source%22%3A%22SPRING_CLOUD%22%7D%2C%22port%22%3A9999%2C%22scheduled%22%3Atrue%2C%22serviceName%22%3A%22DEFAULT_GROUP%40%40framework-gateway%22%2C%22weight%22%3A1.0%7D&serviceName=DEFAULT_GROUP%40%40framework-gateway&encoding=UTF-8&namespaceId=a144e2c1-cdbd-4b1c-b32e-ac4e5fc970f3 HTTP/1.1" 200 38 11 Nacos-Java-Client:v1.0.0
127.0.0.1 - - [10/Oct/2019:21:10:47 +0800] "GET /nacos/v1/ns/service/list?pageSize=2147483647&groupName=DEFAULT_GROUP&encoding=UTF-8&namespaceId=a144e2c1-cdbd-4b1c-b32e-ac4e5fc970f3&pageNo=1 HTTP/1.1" 200 51 17 Nacos-Java-Client:v1.0.0
127.0.0.1 - - [10/Oct/2019:21:10:47 +0800] "GET /nacos/v1/ns/instance/list?healthyOnly=false&namespaceId=a144e2c1-cdbd-4b1c-b32e-ac4e5fc970f3&clientIP=192.168.100.1&serviceName=DEFAULT_GROUP%40%40framework-gateway&udpPort=61919&encoding=UTF-8 HTTP/1.1" 200 588 64 Nacos-Java-Client:v1.0.0
192.168.1.109 - - [10/Oct/2019:21:10:48 +0800] "GET /nacos/v1/cs/health HTTP/1.1" 200 2 9 Apache-HttpAsyncClient/4.1.3 (Java/1.8.0_152)
127.0.0.1 - - [10/Oct/2019:21:10:48 +0800] "GET /nacos/v1/ns/instance/list?healthyOnly=false&namespaceId=a144e2c1-cdbd-4b1c-b32e-ac4e5fc970f3&clientIP=192.168.100.1&serviceName=DEFAULT_GROUP%40%40framework-gateway&udpPort=61919&encoding=UTF-8 HTTP/1.1" 200 588 15 Nacos-Java-Client:v1.0.0
127.0.0.1 - - [10/Oct/2019:21:10:48 +0800] "POST /nacos/v1/cs/configs/listener HTTP/1.1" 200 - 29512 Java/1.8.0_152
127.0.0.1 - - [10/Oct/2019:21:10:51 +0800] "PUT /nacos/v1/ns/instance/beat?beat=%7B%22cluster%22%3A%22DEFAULT%22%2C%22ip%22%3A%22192.168.1.109%22%2C%22metadata%22%3A%7B%22preserved.register.source%22%3A%22SPRING_CLOUD%22%7D%2C%22port%22%3A9999%2C%22scheduled%22%3Atrue%2C%22serviceName%22%3A%22DEFAULT_GROUP%40%40framework-gateway%22%2C%22weight%22%3A1.0%7D&serviceName=DEFAULT_GROUP%40%40framework-gateway&encoding=UTF-8&namespaceId=a144e2c1-cdbd-4b1c-b32e-ac4e5fc970f3 HTTP/1.1" 200 38 10 Nacos-Java-Client:v1.0.0
192.168.1.109 - - [10/Oct/2019:21:10:53 +0800] "GET /nacos/v1/cs/health HTTP/1.1" 200 2 8 Apache-HttpAsyncClient/4.1.3 (Java/1.8.0_152)
127.0.0.1 - - [10/Oct/2019:21:10:56 +0800] "PUT /nacos/v1/ns/instance/beat?beat=%7B%22cluster%22%3A%22DEFAULT%22%2C%22ip%22%3A%22192.168.1.109%22%2C%22metadata%22%3A%7B%22preserved.register.source%22%3A%22SPRING_CLOUD%22%7D%2C%22port%22%3A9999%2C%22scheduled%22%3Atrue%2C%22serviceName%22%3A%22DEFAULT_GROUP%40%40framework-gateway%22%2C%22weight%22%3A1.0%7D&serviceName=DEFAULT_GROUP%40%40framework-gateway&encoding=UTF-8&namespaceId=a144e2c1-cdbd-4b1c-b32e-ac4e5fc970f3 HTTP/1.1" 200 38 18 Nacos-Java-Client:v1.0.0
192.168.1.109 - - [10/Oct/2019:21:10:58 +0800] "GET /nacos/v1/cs/health HTTP/1.1" 200 2 11 Apache-HttpAsyncClient/4.1.3 (Java/1.8.0_152)
127.0.0.1 - - [10/Oct/2019:21:10:58 +0800] "GET /nacos/v1/ns/instance/list?healthyOnly=false&namespaceId=a144e2c1-cdbd-4b1c-b32e-ac4e5fc970f3&clientIP=192.168.100.1&serviceName=DEFAULT_GROUP%40%40framework-gateway&udpPort=61919&encoding=UTF-8 HTTP/1.1" 200 588 12 Nacos-Java-Client:v1.0.0
127.0.0.1 - - [10/Oct/2019:21:11:01 +0800] "PUT /nacos/v1/ns/instance/beat?beat=%7B%22cluster%22%3A%22DEFAULT%22%2C%22ip%22%3A%22192.168.1.109%22%2C%22metadata%22%3A%7B%22preserved.register.source%22%3A%22SPRING_CLOUD%22%7D%2C%22port%22%3A9999%2C%22scheduled%22%3Atrue%2C%22serviceName%22%3A%22DEFAULT_GROUP%40%40framework-gateway%22%2C%22weight%22%3A1.0%7D&serviceName=DEFAULT_GROUP%40%40framework-gateway&encoding=UTF-8&namespaceId=a144e2c1-cdbd-4b1c-b32e-ac4e5fc970f3 HTTP/1.1" 200 38 15 Nacos-Java-Client:v1.0.0
192.168.1.109 - - [10/Oct/2019:21:11:03 +0800] "GET /nacos/v1/cs/health HTTP/1.1" 200 2 12 Apache-HttpAsyncClient/4.1.3 (Java/1.8.0_152)
127.0.0.1 - - [10/Oct/2019:21:11:06 +0800] "PUT /nacos/v1/ns/instance/beat?beat=%7B%22cluster%22%3A%22DEFAULT%22%2C%22ip%22%3A%22192.168.1.109%22%2C%22metadata%22%3A%7B%22preserved.register.source%22%3A%22SPRING_CLOUD%22%7D%2C%22port%22%3A9999%2C%22scheduled%22%3Atrue%2C%22serviceName%22%3A%22DEFAULT_GROUP%40%40framework-gateway%22%2C%22weight%22%3A1.0%7D&serviceName=DEFAULT_GROUP%40%40framework-gateway&encoding=UTF-8&namespaceId=a144e2c1-cdbd-4b1c-b32e-ac4e5fc970f3 HTTP/1.1" 200 38 21 Nacos-Java-Client:v1.0.0
192.168.1.109 - - [10/Oct/2019:21:11:08 +0800] "GET /nacos/v1/cs/health HTTP/1.1" 200 2 9 Apache-HttpAsyncClient/4.1.3 (Java/1.8.0_152)
127.0.0.1 - - [10/Oct/2019:21:11:08 +0800] "GET /nacos/v1/ns/instance/list?healthyOnly=false&namespaceId=a144e2c1-cdbd-4b1c-b32e-ac4e5fc970f3&clientIP=192.168.100.1&serviceName=DEFAULT_GROUP%40%40framework-gateway&udpPort=61919&encoding=UTF-8 HTTP/1.1" 200 588 12 Nacos-Java-Client:v1.0.0
127.0.0.1 - - [10/Oct/2019:21:11:11 +0800] "PUT /nacos/v1/ns/instance/beat?beat=%7B%22cluster%22%3A%22DEFAULT%22%2C%22ip%22%3A%22192.168.1.109%22%2C%22metadata%22%3A%7B%22preserved.register.source%22%3A%22SPRING_CLOUD%22%7D%2C%22port%22%3A9999%2C%22scheduled%22%3Atrue%2C%22serviceName%22%3A%22DEFAULT_GROUP%40%40framework-gateway%22%2C%22weight%22%3A1.0%7D&serviceName=DEFAULT_GROUP%40%40framework-gateway&encoding=UTF-8&namespaceId=a144e2c1-cdbd-4b1c-b32e-ac4e5fc970f3 HTTP/1.1" 200 38 15 Nacos-Java-Client:v1.0.0
192.168.1.109 - - [10/Oct/2019:21:11:13 +0800] "GET /nacos/v1/cs/health HTTP/1.1" 200 2 8 Apache-HttpAsyncClient/4.1.3 (Java/1.8.0_152)
127.0.0.1 - - [10/Oct/2019:21:11:16 +0800] "PUT /nacos/v1/ns/instance/beat?beat=%7B%22cluster%22%3A%22DEFAULT%22%2C%22ip%22%3A%22192.168.1.109%22%2C%22metadata%22%3A%7B%22preserved.register.source%22%3A%22SPRING_CLOUD%22%7D%2C%22port%22%3A9999%2C%22scheduled%22%3Atrue%2C%22serviceName%22%3A%22DEFAULT_GROUP%40%40framework-gateway%22%2C%22weight%22%3A1.0%7D&serviceName=DEFAULT_GROUP%40%40framework-gateway&encoding=UTF-8&namespaceId=a144e2c1-cdbd-4b1c-b32e-ac4e5fc970f3 HTTP/1.1" 200 38 12 Nacos-Java-Client:v1.0.0
127.0.0.1 - - [10/Oct/2019:21:11:17 +0800] "GET /nacos/v1/ns/service/list?pageSize=2147483647&groupName=DEFAULT_GROUP&encoding=UTF-8&namespaceId=a144e2c1-cdbd-4b1c-b32e-ac4e5fc970f3&pageNo=1 HTTP/1.1" 200 51 14 Nacos-Java-Client:v1.0.0
192.168.1.109 - - [10/Oct/2019:21:11:18 +0800] "GET /nacos/v1/cs/health HTTP/1.1" 200 2 7 Apache-HttpAsyncClient/4.1.3 (Java/1.8.0_152)
127.0.0.1 - - [10/Oct/2019:21:11:18 +0800] "POST /nacos/v1/cs/configs/listener HTTP/1.1" 200 - 29514 Java/1.8.0_152
127.0.0.1 - - [10/Oct/2019:21:11:18 +0800] "GET /nacos/v1/ns/instance/list?healthyOnly=false&namespaceId=a144e2c1-cdbd-4b1c-b32e-ac4e5fc970f3&clientIP=192.168.100.1&serviceName=DEFAULT_GROUP%40%40framework-gateway&udpPort=61919&encoding=UTF-8 HTTP/1.1" 200 588 16 Nacos-Java-Client:v1.0.0
127.0.0.1 - - [10/Oct/2019:21:11:21 +0800] "PUT /nacos/v1/ns/instance/beat?beat=%7B%22cluster%22%3A%22DEFAULT%22%2C%22ip%22%3A%22192.168.1.109%22%2C%22metadata%22%3A%7B%22preserved.register.source%22%3A%22SPRING_CLOUD%22%7D%2C%22port%22%3A9999%2C%22scheduled%22%3Atrue%2C%22serviceName%22%3A%22DEFAULT_GROUP%40%40framework-gateway%22%2C%22weight%22%3A1.0%7D&serviceName=DEFAULT_GROUP%40%40framework-gateway&encoding=UTF-8&namespaceId=a144e2c1-cdbd-4b1c-b32e-ac4e5fc970f3 HTTP/1.1" 200 38 16 Nacos-Java-Client:v1.0.0
192.168.1.109 - - [10/Oct/2019:21:11:23 +0800] "GET /nacos/v1/cs/health HTTP/1.1" 200 2 7 Apache-HttpAsyncClient/4.1.3 (Java/1.8.0_152)
